<?xml version="1.0"?>
<link_info>
   <banner>MSP430 Linker Unix v16.9.3.LTS</banner>
   <copyright>Copyright (c) 2003-2017 Texas Instruments Incorporated</copyright>
   <link_time>0x59810eab</link_time>
   <link_errors>0x0</link_errors>
   <output_file>PanStampVariant.out</output_file>
   <entry_point>
      <name>_c_int00_noargs</name>
      <address>0xcb6e</address>
   </entry_point>
   <input_file_list>
      <input_file id="fl-2">
         <path>./</path>
         <kind>object</kind>
         <file>LCD1x9.obj</file>
         <name>LCD1x9.obj</name>
      </input_file>
      <input_file id="fl-3">
         <path>./</path>
         <kind>object</kind>
         <file>cc430radio.obj</file>
         <name>cc430radio.obj</name>
      </input_file>
      <input_file id="fl-4">
         <path>./</path>
         <kind>object</kind>
         <file>main.obj</file>
         <name>main.obj</name>
      </input_file>
      <input_file id="fl-5">
         <path>./</path>
         <kind>object</kind>
         <file>pmm.obj</file>
         <name>pmm.obj</name>
      </input_file>
      <input_file id="fl-6">
         <path>./</path>
         <kind>object</kind>
         <file>rf1a.obj</file>
         <name>rf1a.obj</name>
      </input_file>
      <input_file id="fl-7">
         <path>./</path>
         <kind>object</kind>
         <file>wiring_analog.obj</file>
         <name>wiring_analog.obj</name>
      </input_file>
      <input_file id="fl-8">
         <path>./</path>
         <kind>object</kind>
         <file>wiring_digital.obj</file>
         <name>wiring_digital.obj</name>
      </input_file>
      <input_file id="fl-e">
         <kind>object</kind>
         <file>&lt;internal&gt;</file>
         <name>&lt;internal&gt;</name>
      </input_file>
      <input_file id="fl-29">
         <path>/Applications/ccsv7/tools/compiler/ti-cgt-msp430_16.9.3.LTS/lib/</path>
         <kind>archive</kind>
         <file>rts430x_lc_sd_eabi.lib</file>
         <name>asr16.obj</name>
      </input_file>
      <input_file id="fl-2a">
         <path>/Applications/ccsv7/tools/compiler/ti-cgt-msp430_16.9.3.LTS/lib/</path>
         <kind>archive</kind>
         <file>rts430x_lc_sd_eabi.lib</file>
         <name>boot.obj</name>
      </input_file>
      <input_file id="fl-2b">
         <path>/Applications/ccsv7/tools/compiler/ti-cgt-msp430_16.9.3.LTS/lib/</path>
         <kind>archive</kind>
         <file>rts430x_lc_sd_eabi.lib</file>
         <name>boot_special.obj</name>
      </input_file>
      <input_file id="fl-2c">
         <path>/Applications/ccsv7/tools/compiler/ti-cgt-msp430_16.9.3.LTS/lib/</path>
         <kind>archive</kind>
         <file>rts430x_lc_sd_eabi.lib</file>
         <name>cmpd.obj</name>
      </input_file>
      <input_file id="fl-2d">
         <path>/Applications/ccsv7/tools/compiler/ti-cgt-msp430_16.9.3.LTS/lib/</path>
         <kind>archive</kind>
         <file>rts430x_lc_sd_eabi.lib</file>
         <name>copy_decompress_lzss.obj</name>
      </input_file>
      <input_file id="fl-2e">
         <path>/Applications/ccsv7/tools/compiler/ti-cgt-msp430_16.9.3.LTS/lib/</path>
         <kind>archive</kind>
         <file>rts430x_lc_sd_eabi.lib</file>
         <name>copy_decompress_none.obj</name>
      </input_file>
      <input_file id="fl-2f">
         <path>/Applications/ccsv7/tools/compiler/ti-cgt-msp430_16.9.3.LTS/lib/</path>
         <kind>archive</kind>
         <file>rts430x_lc_sd_eabi.lib</file>
         <name>copy_zero_init.obj</name>
      </input_file>
      <input_file id="fl-30">
         <path>/Applications/ccsv7/tools/compiler/ti-cgt-msp430_16.9.3.LTS/lib/</path>
         <kind>archive</kind>
         <file>rts430x_lc_sd_eabi.lib</file>
         <name>cpy_util.obj</name>
      </input_file>
      <input_file id="fl-31">
         <path>/Applications/ccsv7/tools/compiler/ti-cgt-msp430_16.9.3.LTS/lib/</path>
         <kind>archive</kind>
         <file>rts430x_lc_sd_eabi.lib</file>
         <name>div32s.obj</name>
      </input_file>
      <input_file id="fl-32">
         <path>/Applications/ccsv7/tools/compiler/ti-cgt-msp430_16.9.3.LTS/lib/</path>
         <kind>archive</kind>
         <file>rts430x_lc_sd_eabi.lib</file>
         <name>div32u.obj</name>
      </input_file>
      <input_file id="fl-33">
         <path>/Applications/ccsv7/tools/compiler/ti-cgt-msp430_16.9.3.LTS/lib/</path>
         <kind>archive</kind>
         <file>rts430x_lc_sd_eabi.lib</file>
         <name>exit.obj</name>
      </input_file>
      <input_file id="fl-34">
         <path>/Applications/ccsv7/tools/compiler/ti-cgt-msp430_16.9.3.LTS/lib/</path>
         <kind>archive</kind>
         <file>rts430x_lc_sd_eabi.lib</file>
         <name>exit_gvars.obj</name>
      </input_file>
      <input_file id="fl-35">
         <path>/Applications/ccsv7/tools/compiler/ti-cgt-msp430_16.9.3.LTS/lib/</path>
         <kind>archive</kind>
         <file>rts430x_lc_sd_eabi.lib</file>
         <name>fltud.obj</name>
      </input_file>
      <input_file id="fl-36">
         <path>/Applications/ccsv7/tools/compiler/ti-cgt-msp430_16.9.3.LTS/lib/</path>
         <kind>archive</kind>
         <file>rts430x_lc_sd_eabi.lib</file>
         <name>fltuld.obj</name>
      </input_file>
      <input_file id="fl-37">
         <path>/Applications/ccsv7/tools/compiler/ti-cgt-msp430_16.9.3.LTS/lib/</path>
         <kind>archive</kind>
         <file>rts430x_lc_sd_eabi.lib</file>
         <name>int45.obj</name>
      </input_file>
      <input_file id="fl-38">
         <path>/Applications/ccsv7/tools/compiler/ti-cgt-msp430_16.9.3.LTS/lib/</path>
         <kind>archive</kind>
         <file>rts430x_lc_sd_eabi.lib</file>
         <name>int46.obj</name>
      </input_file>
      <input_file id="fl-39">
         <path>/Applications/ccsv7/tools/compiler/ti-cgt-msp430_16.9.3.LTS/lib/</path>
         <kind>archive</kind>
         <file>rts430x_lc_sd_eabi.lib</file>
         <name>int48.obj</name>
      </input_file>
      <input_file id="fl-3a">
         <path>/Applications/ccsv7/tools/compiler/ti-cgt-msp430_16.9.3.LTS/lib/</path>
         <kind>archive</kind>
         <file>rts430x_lc_sd_eabi.lib</file>
         <name>int49.obj</name>
      </input_file>
      <input_file id="fl-3b">
         <path>/Applications/ccsv7/tools/compiler/ti-cgt-msp430_16.9.3.LTS/lib/</path>
         <kind>archive</kind>
         <file>rts430x_lc_sd_eabi.lib</file>
         <name>int50.obj</name>
      </input_file>
      <input_file id="fl-3c">
         <path>/Applications/ccsv7/tools/compiler/ti-cgt-msp430_16.9.3.LTS/lib/</path>
         <kind>archive</kind>
         <file>rts430x_lc_sd_eabi.lib</file>
         <name>int51.obj</name>
      </input_file>
      <input_file id="fl-3d">
         <path>/Applications/ccsv7/tools/compiler/ti-cgt-msp430_16.9.3.LTS/lib/</path>
         <kind>archive</kind>
         <file>rts430x_lc_sd_eabi.lib</file>
         <name>int52.obj</name>
      </input_file>
      <input_file id="fl-3e">
         <path>/Applications/ccsv7/tools/compiler/ti-cgt-msp430_16.9.3.LTS/lib/</path>
         <kind>archive</kind>
         <file>rts430x_lc_sd_eabi.lib</file>
         <name>int53.obj</name>
      </input_file>
      <input_file id="fl-3f">
         <path>/Applications/ccsv7/tools/compiler/ti-cgt-msp430_16.9.3.LTS/lib/</path>
         <kind>archive</kind>
         <file>rts430x_lc_sd_eabi.lib</file>
         <name>int54.obj</name>
      </input_file>
      <input_file id="fl-40">
         <path>/Applications/ccsv7/tools/compiler/ti-cgt-msp430_16.9.3.LTS/lib/</path>
         <kind>archive</kind>
         <file>rts430x_lc_sd_eabi.lib</file>
         <name>int55.obj</name>
      </input_file>
      <input_file id="fl-41">
         <path>/Applications/ccsv7/tools/compiler/ti-cgt-msp430_16.9.3.LTS/lib/</path>
         <kind>archive</kind>
         <file>rts430x_lc_sd_eabi.lib</file>
         <name>int56.obj</name>
      </input_file>
      <input_file id="fl-42">
         <path>/Applications/ccsv7/tools/compiler/ti-cgt-msp430_16.9.3.LTS/lib/</path>
         <kind>archive</kind>
         <file>rts430x_lc_sd_eabi.lib</file>
         <name>int57.obj</name>
      </input_file>
      <input_file id="fl-43">
         <path>/Applications/ccsv7/tools/compiler/ti-cgt-msp430_16.9.3.LTS/lib/</path>
         <kind>archive</kind>
         <file>rts430x_lc_sd_eabi.lib</file>
         <name>int58.obj</name>
      </input_file>
      <input_file id="fl-44">
         <path>/Applications/ccsv7/tools/compiler/ti-cgt-msp430_16.9.3.LTS/lib/</path>
         <kind>archive</kind>
         <file>rts430x_lc_sd_eabi.lib</file>
         <name>int59.obj</name>
      </input_file>
      <input_file id="fl-45">
         <path>/Applications/ccsv7/tools/compiler/ti-cgt-msp430_16.9.3.LTS/lib/</path>
         <kind>archive</kind>
         <file>rts430x_lc_sd_eabi.lib</file>
         <name>int60.obj</name>
      </input_file>
      <input_file id="fl-46">
         <path>/Applications/ccsv7/tools/compiler/ti-cgt-msp430_16.9.3.LTS/lib/</path>
         <kind>archive</kind>
         <file>rts430x_lc_sd_eabi.lib</file>
         <name>int61.obj</name>
      </input_file>
      <input_file id="fl-47">
         <path>/Applications/ccsv7/tools/compiler/ti-cgt-msp430_16.9.3.LTS/lib/</path>
         <kind>archive</kind>
         <file>rts430x_lc_sd_eabi.lib</file>
         <name>int62.obj</name>
      </input_file>
      <input_file id="fl-48">
         <path>/Applications/ccsv7/tools/compiler/ti-cgt-msp430_16.9.3.LTS/lib/</path>
         <kind>archive</kind>
         <file>rts430x_lc_sd_eabi.lib</file>
         <name>isr_trap.obj</name>
      </input_file>
      <input_file id="fl-49">
         <path>/Applications/ccsv7/tools/compiler/ti-cgt-msp430_16.9.3.LTS/lib/</path>
         <kind>archive</kind>
         <file>rts430x_lc_sd_eabi.lib</file>
         <name>lsl16.obj</name>
      </input_file>
      <input_file id="fl-4a">
         <path>/Applications/ccsv7/tools/compiler/ti-cgt-msp430_16.9.3.LTS/lib/</path>
         <kind>archive</kind>
         <file>rts430x_lc_sd_eabi.lib</file>
         <name>lsl32.obj</name>
      </input_file>
      <input_file id="fl-4b">
         <path>/Applications/ccsv7/tools/compiler/ti-cgt-msp430_16.9.3.LTS/lib/</path>
         <kind>archive</kind>
         <file>rts430x_lc_sd_eabi.lib</file>
         <name>lsr32.obj</name>
      </input_file>
      <input_file id="fl-4c">
         <path>/Applications/ccsv7/tools/compiler/ti-cgt-msp430_16.9.3.LTS/lib/</path>
         <kind>archive</kind>
         <file>rts430x_lc_sd_eabi.lib</file>
         <name>lsr64.obj</name>
      </input_file>
      <input_file id="fl-4d">
         <path>/Applications/ccsv7/tools/compiler/ti-cgt-msp430_16.9.3.LTS/lib/</path>
         <kind>archive</kind>
         <file>rts430x_lc_sd_eabi.lib</file>
         <name>memcpy.obj</name>
      </input_file>
      <input_file id="fl-4e">
         <path>/Applications/ccsv7/tools/compiler/ti-cgt-msp430_16.9.3.LTS/lib/</path>
         <kind>archive</kind>
         <file>rts430x_lc_sd_eabi.lib</file>
         <name>mpu_init.obj</name>
      </input_file>
      <input_file id="fl-4f">
         <path>/Applications/ccsv7/tools/compiler/ti-cgt-msp430_16.9.3.LTS/lib/</path>
         <kind>archive</kind>
         <file>rts430x_lc_sd_eabi.lib</file>
         <name>mult1632.obj</name>
      </input_file>
      <input_file id="fl-50">
         <path>/Applications/ccsv7/tools/compiler/ti-cgt-msp430_16.9.3.LTS/lib/</path>
         <kind>archive</kind>
         <file>rts430x_lc_sd_eabi.lib</file>
         <name>mult1632_f5hw.obj</name>
      </input_file>
      <input_file id="fl-51">
         <path>/Applications/ccsv7/tools/compiler/ti-cgt-msp430_16.9.3.LTS/lib/</path>
         <kind>archive</kind>
         <file>rts430x_lc_sd_eabi.lib</file>
         <name>mult16_f5hw.obj</name>
      </input_file>
      <input_file id="fl-52">
         <path>/Applications/ccsv7/tools/compiler/ti-cgt-msp430_16.9.3.LTS/lib/</path>
         <kind>archive</kind>
         <file>rts430x_lc_sd_eabi.lib</file>
         <name>mult32.obj</name>
      </input_file>
      <input_file id="fl-53">
         <path>/Applications/ccsv7/tools/compiler/ti-cgt-msp430_16.9.3.LTS/lib/</path>
         <kind>archive</kind>
         <file>rts430x_lc_sd_eabi.lib</file>
         <name>mult3264_f5hw.obj</name>
      </input_file>
      <input_file id="fl-54">
         <path>/Applications/ccsv7/tools/compiler/ti-cgt-msp430_16.9.3.LTS/lib/</path>
         <kind>archive</kind>
         <file>rts430x_lc_sd_eabi.lib</file>
         <name>mult32_f5hw.obj</name>
      </input_file>
      <input_file id="fl-55">
         <path>/Applications/ccsv7/tools/compiler/ti-cgt-msp430_16.9.3.LTS/lib/</path>
         <kind>archive</kind>
         <file>rts430x_lc_sd_eabi.lib</file>
         <name>mult64.obj</name>
      </input_file>
      <input_file id="fl-56">
         <path>/Applications/ccsv7/tools/compiler/ti-cgt-msp430_16.9.3.LTS/lib/</path>
         <kind>archive</kind>
         <file>rts430x_lc_sd_eabi.lib</file>
         <name>mult64_f5hw.obj</name>
      </input_file>
      <input_file id="fl-57">
         <path>/Applications/ccsv7/tools/compiler/ti-cgt-msp430_16.9.3.LTS/lib/</path>
         <kind>archive</kind>
         <file>rts430x_lc_sd_eabi.lib</file>
         <name>pre_init.obj</name>
      </input_file>
      <input_file id="fl-58">
         <path>/Applications/ccsv7/tools/compiler/ti-cgt-msp430_16.9.3.LTS/lib/</path>
         <kind>archive</kind>
         <file>rts430x_lc_sd_eabi.lib</file>
         <name>printf.obj</name>
      </input_file>
      <input_file id="fl-59">
         <path>/Applications/ccsv7/tools/compiler/ti-cgt-msp430_16.9.3.LTS/lib/</path>
         <kind>archive</kind>
         <file>rts430x_lc_sd_eabi.lib</file>
         <name>strlen.obj</name>
      </input_file>
      <input_file id="fl-5a">
         <path>/Applications/ccsv7/tools/compiler/ti-cgt-msp430_16.9.3.LTS/lib/</path>
         <kind>archive</kind>
         <file>rts430x_lc_sd_eabi.lib</file>
         <name>_lock.obj</name>
      </input_file>
      <input_file id="fl-5b">
         <path>/Applications/ccsv7/tools/compiler/ti-cgt-msp430_16.9.3.LTS/lib/</path>
         <kind>archive</kind>
         <file>rts430x_lc_sd_eabi.lib</file>
         <name>_printfi.obj</name>
      </input_file>
      <input_file id="fl-5c">
         <path>/Applications/ccsv7/tools/compiler/ti-cgt-msp430_16.9.3.LTS/lib/</path>
         <kind>archive</kind>
         <file>rts430x_lc_sd_eabi.lib</file>
         <name>abs.obj</name>
      </input_file>
      <input_file id="fl-5d">
         <path>/Applications/ccsv7/tools/compiler/ti-cgt-msp430_16.9.3.LTS/lib/</path>
         <kind>archive</kind>
         <file>rts430x_lc_sd_eabi.lib</file>
         <name>args_main.obj</name>
      </input_file>
      <input_file id="fl-5e">
         <path>/Applications/ccsv7/tools/compiler/ti-cgt-msp430_16.9.3.LTS/lib/</path>
         <kind>archive</kind>
         <file>rts430x_lc_sd_eabi.lib</file>
         <name>atoi.obj</name>
      </input_file>
      <input_file id="fl-5f">
         <path>/Applications/ccsv7/tools/compiler/ti-cgt-msp430_16.9.3.LTS/lib/</path>
         <kind>archive</kind>
         <file>rts430x_lc_sd_eabi.lib</file>
         <name>autoinit_wdt.obj</name>
      </input_file>
      <input_file id="fl-60">
         <path>/Applications/ccsv7/tools/compiler/ti-cgt-msp430_16.9.3.LTS/lib/</path>
         <kind>archive</kind>
         <file>rts430x_lc_sd_eabi.lib</file>
         <name>cpy_tbl.obj</name>
      </input_file>
      <input_file id="fl-61">
         <path>/Applications/ccsv7/tools/compiler/ti-cgt-msp430_16.9.3.LTS/lib/</path>
         <kind>archive</kind>
         <file>rts430x_lc_sd_eabi.lib</file>
         <name>ctype.obj</name>
      </input_file>
      <input_file id="fl-62">
         <path>/Applications/ccsv7/tools/compiler/ti-cgt-msp430_16.9.3.LTS/lib/</path>
         <kind>archive</kind>
         <file>rts430x_lc_sd_eabi.lib</file>
         <name>defs.obj</name>
      </input_file>
      <input_file id="fl-63">
         <path>/Applications/ccsv7/tools/compiler/ti-cgt-msp430_16.9.3.LTS/lib/</path>
         <kind>archive</kind>
         <file>rts430x_lc_sd_eabi.lib</file>
         <name>div16u.obj</name>
      </input_file>
      <input_file id="fl-64">
         <path>/Applications/ccsv7/tools/compiler/ti-cgt-msp430_16.9.3.LTS/lib/</path>
         <kind>archive</kind>
         <file>rts430x_lc_sd_eabi.lib</file>
         <name>div64u.obj</name>
      </input_file>
      <input_file id="fl-65">
         <path>/Applications/ccsv7/tools/compiler/ti-cgt-msp430_16.9.3.LTS/lib/</path>
         <kind>archive</kind>
         <file>rts430x_lc_sd_eabi.lib</file>
         <name>divd.obj</name>
      </input_file>
      <input_file id="fl-66">
         <path>/Applications/ccsv7/tools/compiler/ti-cgt-msp430_16.9.3.LTS/lib/</path>
         <kind>archive</kind>
         <file>rts430x_lc_sd_eabi.lib</file>
         <name>fixdi.obj</name>
      </input_file>
      <input_file id="fl-67">
         <path>/Applications/ccsv7/tools/compiler/ti-cgt-msp430_16.9.3.LTS/lib/</path>
         <kind>archive</kind>
         <file>rts430x_lc_sd_eabi.lib</file>
         <name>fixdli.obj</name>
      </input_file>
      <input_file id="fl-68">
         <path>/Applications/ccsv7/tools/compiler/ti-cgt-msp430_16.9.3.LTS/lib/</path>
         <kind>archive</kind>
         <file>rts430x_lc_sd_eabi.lib</file>
         <name>fltid.obj</name>
      </input_file>
      <input_file id="fl-69">
         <path>/Applications/ccsv7/tools/compiler/ti-cgt-msp430_16.9.3.LTS/lib/</path>
         <kind>archive</kind>
         <file>rts430x_lc_sd_eabi.lib</file>
         <name>fltlid.obj</name>
      </input_file>
      <input_file id="fl-6a">
         <path>/Applications/ccsv7/tools/compiler/ti-cgt-msp430_16.9.3.LTS/lib/</path>
         <kind>archive</kind>
         <file>rts430x_lc_sd_eabi.lib</file>
         <name>fputc.obj</name>
      </input_file>
      <input_file id="fl-6b">
         <path>/Applications/ccsv7/tools/compiler/ti-cgt-msp430_16.9.3.LTS/lib/</path>
         <kind>archive</kind>
         <file>rts430x_lc_sd_eabi.lib</file>
         <name>fputs.obj</name>
      </input_file>
      <input_file id="fl-6c">
         <path>/Applications/ccsv7/tools/compiler/ti-cgt-msp430_16.9.3.LTS/lib/</path>
         <kind>archive</kind>
         <file>rts430x_lc_sd_eabi.lib</file>
         <name>frcdivd.obj</name>
      </input_file>
      <input_file id="fl-6d">
         <path>/Applications/ccsv7/tools/compiler/ti-cgt-msp430_16.9.3.LTS/lib/</path>
         <kind>archive</kind>
         <file>rts430x_lc_sd_eabi.lib</file>
         <name>lowlev.obj</name>
      </input_file>
      <input_file id="fl-6e">
         <path>/Applications/ccsv7/tools/compiler/ti-cgt-msp430_16.9.3.LTS/lib/</path>
         <kind>archive</kind>
         <file>rts430x_lc_sd_eabi.lib</file>
         <name>lsl64.obj</name>
      </input_file>
      <input_file id="fl-6f">
         <path>/Applications/ccsv7/tools/compiler/ti-cgt-msp430_16.9.3.LTS/lib/</path>
         <kind>archive</kind>
         <file>rts430x_lc_sd_eabi.lib</file>
         <name>ltoa.obj</name>
      </input_file>
      <input_file id="fl-70">
         <path>/Applications/ccsv7/tools/compiler/ti-cgt-msp430_16.9.3.LTS/lib/</path>
         <kind>archive</kind>
         <file>rts430x_lc_sd_eabi.lib</file>
         <name>memccpy.obj</name>
      </input_file>
      <input_file id="fl-71">
         <path>/Applications/ccsv7/tools/compiler/ti-cgt-msp430_16.9.3.LTS/lib/</path>
         <kind>archive</kind>
         <file>rts430x_lc_sd_eabi.lib</file>
         <name>memchr.obj</name>
      </input_file>
      <input_file id="fl-72">
         <path>/Applications/ccsv7/tools/compiler/ti-cgt-msp430_16.9.3.LTS/lib/</path>
         <kind>archive</kind>
         <file>rts430x_lc_sd_eabi.lib</file>
         <name>memset.obj</name>
      </input_file>
      <input_file id="fl-73">
         <path>/Applications/ccsv7/tools/compiler/ti-cgt-msp430_16.9.3.LTS/lib/</path>
         <kind>archive</kind>
         <file>rts430x_lc_sd_eabi.lib</file>
         <name>mpyd.obj</name>
      </input_file>
      <input_file id="fl-74">
         <path>/Applications/ccsv7/tools/compiler/ti-cgt-msp430_16.9.3.LTS/lib/</path>
         <kind>archive</kind>
         <file>rts430x_lc_sd_eabi.lib</file>
         <name>mult16.obj</name>
      </input_file>
      <input_file id="fl-75">
         <path>/Applications/ccsv7/tools/compiler/ti-cgt-msp430_16.9.3.LTS/lib/</path>
         <kind>archive</kind>
         <file>rts430x_lc_sd_eabi.lib</file>
         <name>negd.obj</name>
      </input_file>
      <input_file id="fl-76">
         <path>/Applications/ccsv7/tools/compiler/ti-cgt-msp430_16.9.3.LTS/lib/</path>
         <kind>archive</kind>
         <file>rts430x_lc_sd_eabi.lib</file>
         <name>s_frexp.obj</name>
      </input_file>
      <input_file id="fl-77">
         <path>/Applications/ccsv7/tools/compiler/ti-cgt-msp430_16.9.3.LTS/lib/</path>
         <kind>archive</kind>
         <file>rts430x_lc_sd_eabi.lib</file>
         <name>s_scalbn.obj</name>
      </input_file>
      <input_file id="fl-78">
         <path>/Applications/ccsv7/tools/compiler/ti-cgt-msp430_16.9.3.LTS/lib/</path>
         <kind>archive</kind>
         <file>rts430x_lc_sd_eabi.lib</file>
         <name>startup.obj</name>
      </input_file>
      <input_file id="fl-79">
         <path>/Applications/ccsv7/tools/compiler/ti-cgt-msp430_16.9.3.LTS/lib/</path>
         <kind>archive</kind>
         <file>rts430x_lc_sd_eabi.lib</file>
         <name>strchr.obj</name>
      </input_file>
      <input_file id="fl-7a">
         <path>/Applications/ccsv7/tools/compiler/ti-cgt-msp430_16.9.3.LTS/lib/</path>
         <kind>archive</kind>
         <file>rts430x_lc_sd_eabi.lib</file>
         <name>strcmp.obj</name>
      </input_file>
      <input_file id="fl-7b">
         <path>/Applications/ccsv7/tools/compiler/ti-cgt-msp430_16.9.3.LTS/lib/</path>
         <kind>archive</kind>
         <file>rts430x_lc_sd_eabi.lib</file>
         <name>strncpy.obj</name>
      </input_file>
      <input_file id="fl-7c">
         <path>/Applications/ccsv7/tools/compiler/ti-cgt-msp430_16.9.3.LTS/lib/</path>
         <kind>archive</kind>
         <file>rts430x_lc_sd_eabi.lib</file>
         <name>subd.obj</name>
      </input_file>
      <input_file id="fl-7d">
         <path>/Applications/ccsv7/tools/compiler/ti-cgt-msp430_16.9.3.LTS/lib/</path>
         <kind>archive</kind>
         <file>rts430x_lc_sd_eabi.lib</file>
         <name>toupper.obj</name>
      </input_file>
      <input_file id="fl-7e">
         <path>/Applications/ccsv7/tools/compiler/ti-cgt-msp430_16.9.3.LTS/lib/</path>
         <kind>archive</kind>
         <file>rts430x_lc_sd_eabi.lib</file>
         <name>trgdrv.obj</name>
      </input_file>
      <input_file id="fl-7f">
         <path>/Applications/ccsv7/tools/compiler/ti-cgt-msp430_16.9.3.LTS/lib/</path>
         <kind>archive</kind>
         <file>rts430x_lc_sd_eabi.lib</file>
         <name>trgmsg.obj</name>
      </input_file>
      <input_file id="fl-80">
         <path>/Applications/ccsv7/tools/compiler/ti-cgt-msp430_16.9.3.LTS/lib/</path>
         <kind>archive</kind>
         <file>rts430x_lc_sd_eabi.lib</file>
         <name>_io_perm.obj</name>
      </input_file>
      <input_file id="fl-81">
         <path>/Applications/ccsv7/tools/compiler/ti-cgt-msp430_16.9.3.LTS/lib/</path>
         <kind>archive</kind>
         <file>rts430x_lc_sd_eabi.lib</file>
         <name>addd.obj</name>
      </input_file>
      <input_file id="fl-82">
         <path>/Applications/ccsv7/tools/compiler/ti-cgt-msp430_16.9.3.LTS/lib/</path>
         <kind>archive</kind>
         <file>rts430x_lc_sd_eabi.lib</file>
         <name>asr32.obj</name>
      </input_file>
      <input_file id="fl-83">
         <path>/Applications/ccsv7/tools/compiler/ti-cgt-msp430_16.9.3.LTS/lib/</path>
         <kind>archive</kind>
         <file>rts430x_lc_sd_eabi.lib</file>
         <name>errno.obj</name>
      </input_file>
      <input_file id="fl-84">
         <path>/Applications/ccsv7/tools/compiler/ti-cgt-msp430_16.9.3.LTS/lib/</path>
         <kind>archive</kind>
         <file>rts430x_lc_sd_eabi.lib</file>
         <name>fflush.obj</name>
      </input_file>
      <input_file id="fl-85">
         <path>/Applications/ccsv7/tools/compiler/ti-cgt-msp430_16.9.3.LTS/lib/</path>
         <kind>archive</kind>
         <file>rts430x_lc_sd_eabi.lib</file>
         <name>frcaddd.obj</name>
      </input_file>
      <input_file id="fl-86">
         <path>/Applications/ccsv7/tools/compiler/ti-cgt-msp430_16.9.3.LTS/lib/</path>
         <kind>archive</kind>
         <file>rts430x_lc_sd_eabi.lib</file>
         <name>frcmpyd.obj</name>
      </input_file>
      <input_file id="fl-87">
         <path>/Applications/ccsv7/tools/compiler/ti-cgt-msp430_16.9.3.LTS/lib/</path>
         <kind>archive</kind>
         <file>rts430x_lc_sd_eabi.lib</file>
         <name>fseek.obj</name>
      </input_file>
      <input_file id="fl-88">
         <path>/Applications/ccsv7/tools/compiler/ti-cgt-msp430_16.9.3.LTS/lib/</path>
         <kind>archive</kind>
         <file>rts430x_lc_sd_eabi.lib</file>
         <name>renormd.obj</name>
      </input_file>
      <input_file id="fl-89">
         <path>/Applications/ccsv7/tools/compiler/ti-cgt-msp430_16.9.3.LTS/lib/</path>
         <kind>archive</kind>
         <file>rts430x_lc_sd_eabi.lib</file>
         <name>s_copysign.obj</name>
      </input_file>
      <input_file id="fl-8a">
         <path>/Applications/ccsv7/tools/compiler/ti-cgt-msp430_16.9.3.LTS/lib/</path>
         <kind>archive</kind>
         <file>rts430x_lc_sd_eabi.lib</file>
         <name>setvbuf.obj</name>
      </input_file>
      <input_file id="fl-8b">
         <path>/Applications/ccsv7/tools/compiler/ti-cgt-msp430_16.9.3.LTS/lib/</path>
         <kind>archive</kind>
         <file>rts430x_lc_sd_eabi.lib</file>
         <name>strcpy.obj</name>
      </input_file>
      <input_file id="fl-8c">
         <path>/Applications/ccsv7/tools/compiler/ti-cgt-msp430_16.9.3.LTS/lib/</path>
         <kind>archive</kind>
         <file>rts430x_lc_sd_eabi.lib</file>
         <name>fopen.obj</name>
      </input_file>
      <input_file id="fl-8d">
         <path>/Applications/ccsv7/tools/compiler/ti-cgt-msp430_16.9.3.LTS/lib/</path>
         <kind>archive</kind>
         <file>rts430x_lc_sd_eabi.lib</file>
         <name>memory.obj</name>
      </input_file>
      <input_file id="fl-8e">
         <path>/Applications/ccsv7/tools/compiler/ti-cgt-msp430_16.9.3.LTS/lib/</path>
         <kind>archive</kind>
         <file>rts430x_lc_sd_eabi.lib</file>
         <name>fclose.obj</name>
      </input_file>
      <input_file id="fl-8f">
         <path>/Applications/ccsv7/tools/compiler/ti-cgt-msp430_16.9.3.LTS/lib/</path>
         <kind>archive</kind>
         <file>rts430x_lc_sd_eabi.lib</file>
         <name>remove.obj</name>
      </input_file>
   </input_file_list>
   <object_component_list>
      <object_component id="oc-402">
         <name>.bss:pt_polling</name>
         <uninitialized>true</uninitialized>
         <run_address>0x2086</run_address>
         <size>0x2</size>
         <input_file_ref idref="fl-4"/>
      </object_component>
      <object_component id="oc-405">
         <name>.bss:pt_receiving</name>
         <uninitialized>true</uninitialized>
         <run_address>0x2088</run_address>
         <size>0x2</size>
         <input_file_ref idref="fl-4"/>
      </object_component>
      <object_component id="oc-408">
         <name>.bss:pt_sending</name>
         <uninitialized>true</uninitialized>
         <run_address>0x208a</run_address>
         <size>0x2</size>
         <input_file_ref idref="fl-4"/>
      </object_component>
      <object_component id="oc-40b">
         <name>.bss:signal_receipt</name>
         <uninitialized>true</uninitialized>
         <run_address>0x208c</run_address>
         <size>0x2</size>
         <input_file_ref idref="fl-4"/>
      </object_component>
      <object_component id="oc-3ed">
         <name>.bss:radio</name>
         <uninitialized>true</uninitialized>
         <run_address>0x207a</run_address>
         <size>0x6</size>
         <input_file_ref idref="fl-4"/>
      </object_component>
      <object_component id="oc-7c1">
         <name>.bss:parmbuf</name>
         <uninitialized>true</uninitialized>
         <run_address>0x2072</run_address>
         <size>0x8</size>
         <input_file_ref idref="fl-7e"/>
      </object_component>
      <object_component id="oc-6fe">
         <name>.bss</name>
         <uninitialized>true</uninitialized>
         <run_address>0x2080</run_address>
         <size>0x6</size>
         <input_file_ref idref="fl-8d"/>
      </object_component>
      <object_component id="oc-4c1">
         <name>.common:status</name>
         <uninitialized>true</uninitialized>
         <run_address>0x208e</run_address>
         <size>0x1</size>
      </object_component>
      <object_component id="oc-4c2">
         <name>.common:bytes</name>
         <uninitialized>true</uninitialized>
         <run_address>0x2071</run_address>
         <size>0x1</size>
      </object_component>
      <object_component id="oc-4c4">
         <name>.common:packet</name>
         <uninitialized>true</uninitialized>
         <run_address>0x2030</run_address>
         <size>0x41</size>
      </object_component>
      <object_component id="oc-7b6">
         <name>.common:__TI_tmpnams</name>
         <uninitialized>true</uninitialized>
         <run_address>0x1f90</run_address>
         <size>0xa0</size>
      </object_component>
      <object_component id="oc-3c3">
         <name>.data</name>
         <load_address>0x1e6c</load_address>
         <run_address>0x1e6c</run_address>
         <size>0x2</size>
         <input_file_ref idref="fl-33"/>
      </object_component>
      <object_component id="oc-3cc">
         <name>.data:__TI_cleanup_ptr</name>
         <load_address>0x1e58</load_address>
         <run_address>0x1e58</run_address>
         <size>0x4</size>
         <input_file_ref idref="fl-34"/>
      </object_component>
      <object_component id="oc-3c9">
         <name>.data:__TI_dtors_ptr</name>
         <load_address>0x1e5c</load_address>
         <run_address>0x1e5c</run_address>
         <size>0x4</size>
         <input_file_ref idref="fl-34"/>
      </object_component>
      <object_component id="oc-3c6">
         <name>.data:_lock</name>
         <load_address>0x1e60</load_address>
         <run_address>0x1e60</run_address>
         <size>0x4</size>
         <input_file_ref idref="fl-5a"/>
      </object_component>
      <object_component id="oc-3cf">
         <name>.data:_unlock</name>
         <load_address>0x1e64</load_address>
         <run_address>0x1e64</run_address>
         <size>0x4</size>
         <input_file_ref idref="fl-5a"/>
      </object_component>
      <object_component id="oc-53c">
         <name>.data:_ftable</name>
         <load_address>0x1db8</load_address>
         <run_address>0x1db8</run_address>
         <size>0x78</size>
         <input_file_ref idref="fl-62"/>
      </object_component>
      <object_component id="oc-712">
         <name>.data</name>
         <load_address>0x1e68</load_address>
         <run_address>0x1e68</run_address>
         <size>0x2</size>
         <input_file_ref idref="fl-62"/>
      </object_component>
      <object_component id="oc-687">
         <name>.data:_device</name>
         <load_address>0x1d40</load_address>
         <run_address>0x1d40</run_address>
         <size>0x78</size>
         <input_file_ref idref="fl-6d"/>
      </object_component>
      <object_component id="oc-615">
         <name>.data:_stream</name>
         <load_address>0x1e30</load_address>
         <run_address>0x1e30</run_address>
         <size>0x28</size>
         <input_file_ref idref="fl-6d"/>
      </object_component>
      <object_component id="oc-809">
         <name>.data</name>
         <load_address>0x1e6a</load_address>
         <run_address>0x1e6a</run_address>
         <size>0x2</size>
         <input_file_ref idref="fl-83"/>
      </object_component>
      <object_component id="oc-702">
         <name>.data</name>
         <load_address>0x1e6e</load_address>
         <run_address>0x1e6e</run_address>
         <size>0x2</size>
         <input_file_ref idref="fl-8d"/>
      </object_component>
      <object_component id="oc-340">
         <name>.sysmem</name>
         <uninitialized>true</uninitialized>
         <run_address>0x1c00</run_address>
         <size>0x4</size>
         <input_file_ref idref="fl-8d"/>
      </object_component>
      <object_component id="oc-8ee">
         <name>.sysmem</name>
         <uninitialized>true</uninitialized>
         <run_address>0x1c00</run_address>
         <size>0x0</size>
      </object_component>
      <object_component id="oc-33c">
         <name>.stack</name>
         <uninitialized>true</uninitialized>
         <run_address>0x2bac</run_address>
         <size>0x2</size>
         <input_file_ref idref="fl-2a"/>
      </object_component>
      <object_component id="oc-8ed">
         <name>.stack</name>
         <uninitialized>true</uninitialized>
         <run_address>0x2bac</run_address>
         <size>0x0</size>
      </object_component>
      <object_component id="oc-789">
         <name>.text:__TI_frcdivd</name>
         <load_address>0x8000</load_address>
         <run_address>0x8000</run_address>
         <size>0x478</size>
         <input_file_ref idref="fl-6c"/>
      </object_component>
      <object_component id="oc-6a0">
         <name>.text:__mspabi_divull</name>
         <load_address>0x8478</load_address>
         <run_address>0x8478</run_address>
         <size>0x34e</size>
         <input_file_ref idref="fl-64"/>
      </object_component>
      <object_component id="oc-7f0">
         <name>.text:__mspabi_addd</name>
         <load_address>0x87c6</load_address>
         <run_address>0x87c6</run_address>
         <size>0x2d6</size>
         <input_file_ref idref="fl-81"/>
      </object_component>
      <object_component id="oc-781">
         <name>.text:__TI_frcmpyd</name>
         <load_address>0x8a9c</load_address>
         <run_address>0x8a9c</run_address>
         <size>0x286</size>
         <input_file_ref idref="fl-86"/>
      </object_component>
      <object_component id="oc-6df">
         <name>.text:__mspabi_mpyd</name>
         <load_address>0x8d22</load_address>
         <run_address>0x8d22</run_address>
         <size>0x280</size>
         <input_file_ref idref="fl-73"/>
      </object_component>
      <object_component id="oc-5ea">
         <name>.text:_pproc_fgea</name>
         <load_address>0x8fa2</load_address>
         <run_address>0x8fa2</run_address>
         <size>0x25a</size>
         <input_file_ref idref="fl-5b"/>
      </object_component>
      <object_component id="oc-833">
         <name>.text:__TI_frcaddd</name>
         <load_address>0x91fc</load_address>
         <run_address>0x91fc</run_address>
         <size>0x252</size>
         <input_file_ref idref="fl-85"/>
      </object_component>
      <object_component id="oc-3f6">
         <name>.text:_ZN10CC430RADIO9setCCregsEv</name>
         <load_address>0x944e</load_address>
         <run_address>0x944e</run_address>
         <size>0x23a</size>
         <input_file_ref idref="fl-3"/>
      </object_component>
      <object_component id="oc-6f2">
         <name>.text:acvt</name>
         <load_address>0x9688</load_address>
         <run_address>0x9688</run_address>
         <size>0x238</size>
         <input_file_ref idref="fl-5b"/>
      </object_component>
      <object_component id="oc-58a">
         <name>.text:_setfield</name>
         <load_address>0x98c0</load_address>
         <run_address>0x98c0</run_address>
         <size>0x232</size>
         <input_file_ref idref="fl-5b"/>
      </object_component>
      <object_component id="oc-6e5">
         <name>.text:__mspabi_divd</name>
         <load_address>0x9af2</load_address>
         <run_address>0x9af2</run_address>
         <size>0x220</size>
         <input_file_ref idref="fl-65"/>
      </object_component>
      <object_component id="oc-54b">
         <name>.text:__TI_printfi</name>
         <load_address>0x9d12</load_address>
         <run_address>0x9d12</run_address>
         <size>0x210</size>
         <input_file_ref idref="fl-5b"/>
      </object_component>
      <object_component id="oc-6bf">
         <name>.text:ecvt</name>
         <load_address>0x9f22</load_address>
         <run_address>0x9f22</run_address>
         <size>0x200</size>
         <input_file_ref idref="fl-5b"/>
      </object_component>
      <object_component id="oc-6d2">
         <name>.text:fcvt</name>
         <load_address>0xa122</load_address>
         <run_address>0xa122</run_address>
         <size>0x1dc</size>
         <input_file_ref idref="fl-5b"/>
      </object_component>
      <object_component id="oc-798">
         <name>.text:scalbn</name>
         <load_address>0xa2fe</load_address>
         <run_address>0xa2fe</run_address>
         <size>0x19e</size>
         <input_file_ref idref="fl-77"/>
      </object_component>
      <object_component id="oc-651">
         <name>.text:_pconv_e</name>
         <load_address>0xa49c</load_address>
         <run_address>0xa49c</run_address>
         <size>0x19a</size>
         <input_file_ref idref="fl-5b"/>
      </object_component>
      <object_component id="oc-657">
         <name>.text:_pconv_a</name>
         <load_address>0xa636</load_address>
         <run_address>0xa636</run_address>
         <size>0x168</size>
         <input_file_ref idref="fl-5b"/>
      </object_component>
      <object_component id="oc-627">
         <name>.text:_getarg_diouxp</name>
         <load_address>0xa79e</load_address>
         <run_address>0xa79e</run_address>
         <size>0x164</size>
         <input_file_ref idref="fl-5b"/>
      </object_component>
      <object_component id="oc-5e4">
         <name>.text:_pproc_diouxp</name>
         <load_address>0xa902</load_address>
         <run_address>0xa902</run_address>
         <size>0x140</size>
         <input_file_ref idref="fl-5b"/>
      </object_component>
      <object_component id="oc-62d">
         <name>.text:_ltostr</name>
         <load_address>0xaa42</load_address>
         <run_address>0xaa42</run_address>
         <size>0x122</size>
         <input_file_ref idref="fl-5b"/>
      </object_component>
      <object_component id="oc-385">
         <name>.text:main</name>
         <load_address>0xab64</load_address>
         <run_address>0xab64</run_address>
         <size>0x116</size>
         <input_file_ref idref="fl-4"/>
      </object_component>
      <object_component id="oc-645">
         <name>.text:_pconv_g</name>
         <load_address>0xac7a</load_address>
         <run_address>0xac7a</run_address>
         <size>0xf4</size>
         <input_file_ref idref="fl-5b"/>
      </object_component>
      <object_component id="oc-584">
         <name>.text:_pproc_fwp</name>
         <load_address>0xad6e</load_address>
         <run_address>0xad6e</run_address>
         <size>0xf4</size>
         <input_file_ref idref="fl-5b"/>
      </object_component>
      <object_component id="oc-66">
         <name>.text:decompress:lzss:__TI_decompress_lzss</name>
         <load_address>0xae62</load_address>
         <run_address>0xae62</run_address>
         <size>0xee</size>
         <input_file_ref idref="fl-2d"/>
      </object_component>
      <object_component id="oc-570">
         <name>.text:fputs</name>
         <load_address>0xaf50</load_address>
         <run_address>0xaf50</run_address>
         <size>0xde</size>
         <input_file_ref idref="fl-6b"/>
      </object_component>
      <object_component id="oc-4e5">
         <name>.text:__mspabi_cmpd</name>
         <load_address>0xb02e</load_address>
         <run_address>0xb02e</run_address>
         <size>0xd8</size>
         <input_file_ref idref="fl-2c"/>
      </object_component>
      <object_component id="oc-609">
         <name>.text:setvbuf</name>
         <load_address>0xb106</load_address>
         <run_address>0xb106</run_address>
         <size>0xcc</size>
         <input_file_ref idref="fl-8a"/>
      </object_component>
      <object_component id="oc-864">
         <name>.text:__TI_renormd</name>
         <load_address>0xb1d2</load_address>
         <run_address>0xb1d2</run_address>
         <size>0xb2</size>
         <input_file_ref idref="fl-88"/>
      </object_component>
      <object_component id="oc-3ae">
         <name>.text:copy_in</name>
         <load_address>0xb284</load_address>
         <run_address>0xb284</run_address>
         <size>0xb2</size>
         <input_file_ref idref="fl-60"/>
      </object_component>
      <object_component id="oc-6ec">
         <name>.text:frexp</name>
         <load_address>0xb336</load_address>
         <run_address>0xb336</run_address>
         <size>0xb2</size>
         <input_file_ref idref="fl-76"/>
      </object_component>
      <object_component id="oc-4c5">
         <name>.text:_ZN10CC430RADIO11receiveDataEP8CCPACKET</name>
         <load_address>0xb3e8</load_address>
         <run_address>0xb3e8</run_address>
         <size>0xae</size>
         <input_file_ref idref="fl-3"/>
      </object_component>
      <object_component id="oc-66e">
         <name>.text:malloc</name>
         <load_address>0xb496</load_address>
         <run_address>0xb496</run_address>
         <size>0xae</size>
         <input_file_ref idref="fl-8d"/>
      </object_component>
      <object_component id="oc-75e">
         <name>.text:__mspabi_fltlid</name>
         <load_address>0xb544</load_address>
         <run_address>0xb544</run_address>
         <size>0x9e</size>
         <input_file_ref idref="fl-69"/>
      </object_component>
      <object_component id="oc-590">
         <name>.text:_pproc_str</name>
         <load_address>0xb5e2</load_address>
         <run_address>0xb5e2</run_address>
         <size>0x9e</size>
         <input_file_ref idref="fl-5b"/>
      </object_component>
      <object_component id="oc-730">
         <name>.text:HOSTlseek</name>
         <load_address>0xb680</load_address>
         <run_address>0xb680</run_address>
         <size>0x9c</size>
         <input_file_ref idref="fl-7e"/>
      </object_component>
      <object_component id="oc-3f0">
         <name>.text:_Z6Strobeh</name>
         <load_address>0xb71c</load_address>
         <run_address>0xb71c</run_address>
         <size>0x9a</size>
         <input_file_ref idref="fl-6"/>
      </object_component>
      <object_component id="oc-4d9">
         <name>.text:_ZN10CC430RADIO8sendDataE8CCPACKET</name>
         <load_address>0xb7b6</load_address>
         <run_address>0xb7b6</run_address>
         <size>0x9a</size>
         <input_file_ref idref="fl-3"/>
      </object_component>
      <object_component id="oc-36b">
         <name>.text:_auto_init_hold_wdt</name>
         <load_address>0xb850</load_address>
         <run_address>0xb850</run_address>
         <size>0x96</size>
         <input_file_ref idref="fl-5f"/>
      </object_component>
      <object_component id="oc-41a">
         <name>.text:_Z19protothread_sendingP2pt</name>
         <load_address>0xb8e6</load_address>
         <run_address>0xb8e6</run_address>
         <size>0x92</size>
         <input_file_ref idref="fl-4"/>
      </object_component>
      <object_component id="oc-577">
         <name>.text:fputc</name>
         <load_address>0xb978</load_address>
         <run_address>0xb978</run_address>
         <size>0x8c</size>
         <input_file_ref idref="fl-6a"/>
      </object_component>
      <object_component id="oc-6c5">
         <name>.text:_ecpy</name>
         <load_address>0xba04</load_address>
         <run_address>0xba04</run_address>
         <size>0x8a</size>
         <input_file_ref idref="fl-5b"/>
      </object_component>
      <object_component id="oc-6cb">
         <name>.text:_mcpy</name>
         <load_address>0xba8e</load_address>
         <run_address>0xba8e</run_address>
         <size>0x8a</size>
         <input_file_ref idref="fl-5b"/>
      </object_component>
      <object_component id="oc-414">
         <name>.text:_Z21protothread_receivingP2pt</name>
         <load_address>0xbb18</load_address>
         <run_address>0xbb18</run_address>
         <size>0x88</size>
         <input_file_ref idref="fl-4"/>
      </object_component>
      <object_component id="oc-55a">
         <name>.text:__mspabi_fltuld</name>
         <load_address>0xbba0</load_address>
         <run_address>0xbba0</run_address>
         <size>0x80</size>
         <input_file_ref idref="fl-36"/>
      </object_component>
      <object_component id="oc-668">
         <name>.text:free</name>
         <load_address>0xbc20</load_address>
         <run_address>0xbc20</run_address>
         <size>0x80</size>
         <input_file_ref idref="fl-8d"/>
      </object_component>
      <object_component id="oc-758">
         <name>.text:ltoa</name>
         <load_address>0xbca0</load_address>
         <run_address>0xbca0</run_address>
         <size>0x7c</size>
         <input_file_ref idref="fl-6f"/>
      </object_component>
      <object_component id="oc-5b8">
         <name>.text:__TI_wrt_ok</name>
         <load_address>0xbd1c</load_address>
         <run_address>0xbd1c</run_address>
         <size>0x7a</size>
         <input_file_ref idref="fl-80"/>
      </object_component>
      <object_component id="oc-64b">
         <name>.text:_pconv_f</name>
         <load_address>0xbd96</load_address>
         <run_address>0xbd96</run_address>
         <size>0x74</size>
         <input_file_ref idref="fl-5b"/>
      </object_component>
      <object_component id="oc-3d5">
         <name>.text:_Z7pinModehh</name>
         <load_address>0xbe0a</load_address>
         <run_address>0xbe0a</run_address>
         <size>0x6e</size>
         <input_file_ref idref="fl-8"/>
      </object_component>
      <object_component id="oc-40e">
         <name>.text:_Z19protothread_pollingP2pt</name>
         <load_address>0xbe78</load_address>
         <run_address>0xbe78</run_address>
         <size>0x6c</size>
         <input_file_ref idref="fl-4"/>
      </object_component>
      <object_component id="oc-73c">
         <name>.text:HOSTrename</name>
         <load_address>0xbee4</load_address>
         <run_address>0xbee4</run_address>
         <size>0x6a</size>
         <input_file_ref idref="fl-7e"/>
      </object_component>
      <object_component id="oc-603">
         <name>.text:fseek</name>
         <load_address>0xbf4e</load_address>
         <run_address>0xbf4e</run_address>
         <size>0x6a</size>
         <input_file_ref idref="fl-87"/>
      </object_component>
      <object_component id="oc-3fc">
         <name>.text:_Z12WritePATableh</name>
         <load_address>0xbfb8</load_address>
         <run_address>0xbfb8</run_address>
         <size>0x68</size>
         <input_file_ref idref="fl-6"/>
      </object_component>
      <object_component id="oc-70c">
         <name>.text:__TI_closefile</name>
         <load_address>0xc020</load_address>
         <run_address>0xc020</run_address>
         <size>0x68</size>
         <input_file_ref idref="fl-8e"/>
      </object_component>
      <object_component id="oc-770">
         <name>.text:__mspabi_fixdli</name>
         <load_address>0xc088</load_address>
         <run_address>0xc088</run_address>
         <size>0x66</size>
         <input_file_ref idref="fl-67"/>
      </object_component>
      <object_component id="oc-718">
         <name>.text:HOSTopen</name>
         <load_address>0xc0ee</load_address>
         <run_address>0xc0ee</run_address>
         <size>0x64</size>
         <input_file_ref idref="fl-7e"/>
      </object_component>
      <object_component id="oc-5c4">
         <name>.text:__TI_doflush</name>
         <load_address>0xc152</load_address>
         <run_address>0xc152</run_address>
         <size>0x62</size>
         <input_file_ref idref="fl-84"/>
      </object_component>
      <object_component id="oc-72a">
         <name>.text:HOSTwrite</name>
         <load_address>0xc1b4</load_address>
         <run_address>0xc1b4</run_address>
         <size>0x60</size>
         <input_file_ref idref="fl-7e"/>
      </object_component>
      <object_component id="oc-724">
         <name>.text:HOSTread</name>
         <load_address>0xc214</load_address>
         <run_address>0xc214</run_address>
         <size>0x5e</size>
         <input_file_ref idref="fl-7e"/>
      </object_component>
      <object_component id="oc-6a6">
         <name>.text</name>
         <load_address>0xc272</load_address>
         <run_address>0xc272</run_address>
         <size>0x58</size>
         <input_file_ref idref="fl-32"/>
      </object_component>
      <object_component id="oc-818">
         <name>.text:getdevice</name>
         <load_address>0xc2ca</load_address>
         <run_address>0xc2ca</run_address>
         <size>0x54</size>
         <input_file_ref idref="fl-6d"/>
      </object_component>
      <object_component id="oc-48d">
         <name>.text:_Z10SetVCoreUph</name>
         <load_address>0xc31e</load_address>
         <run_address>0xc31e</run_address>
         <size>0x52</size>
         <input_file_ref idref="fl-5"/>
      </object_component>
      <object_component id="oc-5dc">
         <name>.text:atoi</name>
         <load_address>0xc370</load_address>
         <run_address>0xc370</run_address>
         <size>0x52</size>
         <input_file_ref idref="fl-5e"/>
      </object_component>
      <object_component id="oc-7b0">
         <name>.text:close</name>
         <load_address>0xc3c2</load_address>
         <run_address>0xc3c2</run_address>
         <size>0x4a</size>
         <input_file_ref idref="fl-6d"/>
      </object_component>
      <object_component id="oc-531">
         <name>.text:_Z12ReadBurstReghPhh</name>
         <load_address>0xc40c</load_address>
         <run_address>0xc40c</run_address>
         <size>0x48</size>
         <input_file_ref idref="fl-6"/>
      </object_component>
      <object_component id="oc-6d8">
         <name>.text:_fcpy</name>
         <load_address>0xc454</load_address>
         <run_address>0xc454</run_address>
         <size>0x48</size>
         <input_file_ref idref="fl-5b"/>
      </object_component>
      <object_component id="oc-377">
         <name>.text:exit</name>
         <load_address>0xc49c</load_address>
         <run_address>0xc49c</run_address>
         <size>0x48</size>
         <input_file_ref idref="fl-33"/>
      </object_component>
      <object_component id="oc-71e">
         <name>.text:HOSTclose</name>
         <load_address>0xc4e4</load_address>
         <run_address>0xc4e4</run_address>
         <size>0x46</size>
         <input_file_ref idref="fl-7e"/>
      </object_component>
      <object_component id="oc-553">
         <name>.text:_Z13WriteBurstReghPhh</name>
         <load_address>0xc52a</load_address>
         <run_address>0xc52a</run_address>
         <size>0x44</size>
         <input_file_ref idref="fl-6"/>
      </object_component>
      <object_component id="oc-736">
         <name>.text:HOSTunlink</name>
         <load_address>0xc56e</load_address>
         <run_address>0xc56e</run_address>
         <size>0x42</size>
         <input_file_ref idref="fl-7e"/>
      </object_component>
      <object_component id="oc-34e">
         <name>.text:__memcpy_far</name>
         <load_address>0xc5b0</load_address>
         <run_address>0xc5b0</run_address>
         <size>0x40</size>
         <input_file_ref idref="fl-30"/>
      </object_component>
      <object_component id="oc-4d2">
         <name>.text:printf</name>
         <load_address>0xc5f0</load_address>
         <run_address>0xc5f0</run_address>
         <size>0x40</size>
         <input_file_ref idref="fl-58"/>
      </object_component>
      <object_component id="oc-7e7">
         <name>.text</name>
         <load_address>0xc630</load_address>
         <run_address>0xc630</run_address>
         <size>0x40</size>
         <input_file_ref idref="fl-31"/>
      </object_component>
      <object_component id="oc-83">
         <name>.text:decompress:ZI:__TI_zero_init</name>
         <load_address>0xc670</load_address>
         <run_address>0xc670</run_address>
         <size>0x3e</size>
         <input_file_ref idref="fl-2f"/>
      </object_component>
      <object_component id="oc-7d5">
         <name>.text:l_asr_const</name>
         <load_address>0xc6ae</load_address>
         <run_address>0xc6ae</run_address>
         <size>0x3e</size>
         <input_file_ref idref="fl-82"/>
      </object_component>
      <object_component id="oc-5aa">
         <name>.text:l_lsl_const</name>
         <load_address>0xc6ec</load_address>
         <run_address>0xc6ec</run_address>
         <size>0x3e</size>
         <input_file_ref idref="fl-4a"/>
      </object_component>
      <object_component id="oc-5af">
         <name>.text:l_lsr_const</name>
         <load_address>0xc72a</load_address>
         <run_address>0xc72a</run_address>
         <size>0x3e</size>
         <input_file_ref idref="fl-4b"/>
      </object_component>
      <object_component id="oc-6c">
         <name>.text:decompress:none:__TI_decompress_none</name>
         <load_address>0xc768</load_address>
         <run_address>0xc768</run_address>
         <size>0x3c</size>
         <input_file_ref idref="fl-2e"/>
      </object_component>
      <object_component id="oc-3e7">
         <name>.text:_Z14WriteSingleReghh</name>
         <load_address>0xc7a4</load_address>
         <run_address>0xc7a4</run_address>
         <size>0x3a</size>
         <input_file_ref idref="fl-6"/>
      </object_component>
      <object_component id="oc-746">
         <name>.text:__mspabi_sllll</name>
         <load_address>0xc7de</load_address>
         <run_address>0xc7de</run_address>
         <size>0x3a</size>
         <input_file_ref idref="fl-6e"/>
      </object_component>
      <object_component id="oc-6b0">
         <name>.text:__mspabi_srlll</name>
         <load_address>0xc818</load_address>
         <run_address>0xc818</run_address>
         <size>0x3a</size>
         <input_file_ref idref="fl-4c"/>
      </object_component>
      <object_component id="oc-705">
         <name>.text:minit</name>
         <load_address>0xc852</load_address>
         <run_address>0xc852</run_address>
         <size>0x38</size>
         <input_file_ref idref="fl-8d"/>
      </object_component>
      <object_component id="oc-674">
         <name>.text:__TI_cleanup</name>
         <load_address>0xc88a</load_address>
         <run_address>0xc88a</run_address>
         <size>0x32</size>
         <input_file_ref idref="fl-8c"/>
      </object_component>
      <object_component id="oc-7c4">
         <name>.text:__TI_writemsg</name>
         <load_address>0xc8bc</load_address>
         <run_address>0xc8bc</run_address>
         <size>0x2e</size>
         <input_file_ref idref="fl-7f"/>
      </object_component>
      <object_component id="oc-764">
         <name>.text:__mspabi_subd</name>
         <load_address>0xc8ea</load_address>
         <run_address>0xc8ea</run_address>
         <size>0x2e</size>
         <input_file_ref idref="fl-7c"/>
      </object_component>
      <object_component id="oc-80c">
         <name>.text:copysign</name>
         <load_address>0xc918</load_address>
         <run_address>0xc918</run_address>
         <size>0x2e</size>
         <input_file_ref idref="fl-89"/>
      </object_component>
      <object_component id="oc-84d">
         <name>.text:finddevice</name>
         <load_address>0xc946</load_address>
         <run_address>0xc946</run_address>
         <size>0x2e</size>
         <input_file_ref idref="fl-6d"/>
      </object_component>
      <object_component id="oc-3e1">
         <name>.text:_Z8SetVCoreh</name>
         <load_address>0xc974</load_address>
         <run_address>0xc974</run_address>
         <size>0x2c</size>
         <input_file_ref idref="fl-5"/>
      </object_component>
      <object_component id="oc-7ca">
         <name>.text:__TI_readmsg</name>
         <load_address>0xc9a0</load_address>
         <run_address>0xc9a0</run_address>
         <size>0x2c</size>
         <input_file_ref idref="fl-7f"/>
      </object_component>
      <object_component id="oc-847">
         <name>.text:strncpy</name>
         <load_address>0xc9cc</load_address>
         <run_address>0xc9cc</run_address>
         <size>0x2c</size>
         <input_file_ref idref="fl-7b"/>
      </object_component>
      <object_component id="oc-63f">
         <name>.text:__mspabi_negd</name>
         <load_address>0xc9f8</load_address>
         <run_address>0xc9f8</run_address>
         <size>0x2a</size>
         <input_file_ref idref="fl-75"/>
      </object_component>
      <object_component id="oc-7b7">
         <name>.text:unlink</name>
         <load_address>0xca22</load_address>
         <run_address>0xca22</run_address>
         <size>0x2a</size>
         <input_file_ref idref="fl-6d"/>
      </object_component>
      <object_component id="oc-76a">
         <name>.text:__mspabi_fixdi</name>
         <load_address>0xca4c</load_address>
         <run_address>0xca4c</run_address>
         <size>0x28</size>
         <input_file_ref idref="fl-66"/>
      </object_component>
      <object_component id="oc-493">
         <name>.text:_Z12SetVCoreDownh</name>
         <load_address>0xca74</load_address>
         <run_address>0xca74</run_address>
         <size>0x26</size>
         <input_file_ref idref="fl-5"/>
      </object_component>
      <object_component id="oc-660">
         <name>.text:lseek</name>
         <load_address>0xca9a</load_address>
         <run_address>0xca9a</run_address>
         <size>0x26</size>
         <input_file_ref idref="fl-6d"/>
      </object_component>
      <object_component id="oc-3db">
         <name>.text:_Z12digitalWritehh</name>
         <load_address>0xcac0</load_address>
         <run_address>0xcac0</run_address>
         <size>0x24</size>
         <input_file_ref idref="fl-8"/>
      </object_component>
      <object_component id="oc-7fa">
         <name>.text</name>
         <load_address>0xcae4</load_address>
         <run_address>0xcae4</run_address>
         <size>0x24</size>
         <input_file_ref idref="fl-54"/>
      </object_component>
      <object_component id="oc-5ca">
         <name>.text:write</name>
         <load_address>0xcb08</load_address>
         <run_address>0xcb08</run_address>
         <size>0x24</size>
         <input_file_ref idref="fl-6d"/>
      </object_component>
      <object_component id="oc-42a">
         <name>.text:_ZN10CC430RADIOC1Ev</name>
         <load_address>0xcb2c</load_address>
         <run_address>0xcb2c</run_address>
         <size>0x22</size>
         <input_file_ref idref="fl-3"/>
      </object_component>
      <object_component id="oc-4cb">
         <name>.text:_Z11digitalReadh</name>
         <load_address>0xcb4e</load_address>
         <run_address>0xcb4e</run_address>
         <size>0x20</size>
         <input_file_ref idref="fl-8"/>
      </object_component>
      <object_component id="oc-95">
         <name>.text:_isr:_c_int00_noargs</name>
         <load_address>0xcb6e</load_address>
         <run_address>0xcb6e</run_address>
         <size>0x1c</size>
         <input_file_ref idref="fl-2b"/>
      </object_component>
      <object_component id="oc-5f0">
         <name>.text:memccpy</name>
         <load_address>0xcb8a</load_address>
         <run_address>0xcb8a</run_address>
         <size>0x1a</size>
         <input_file_ref idref="fl-70"/>
      </object_component>
      <object_component id="oc-79e">
         <name>.text:strchr</name>
         <load_address>0xcba4</load_address>
         <run_address>0xcba4</run_address>
         <size>0x1a</size>
         <input_file_ref idref="fl-79"/>
      </object_component>
      <object_component id="oc-4a4">
         <name>.text:_Z13ReadSingleRegh</name>
         <load_address>0xcbbe</load_address>
         <run_address>0xcbbe</run_address>
         <size>0x18</size>
         <input_file_ref idref="fl-6"/>
      </object_component>
      <object_component id="oc-43d">
         <name>.text</name>
         <load_address>0xcbd6</load_address>
         <run_address>0xcbd6</run_address>
         <size>0x18</size>
         <input_file_ref idref="fl-51"/>
      </object_component>
      <object_component id="oc-870">
         <name>.text:strcmp</name>
         <load_address>0xcbee</load_address>
         <run_address>0xcbee</run_address>
         <size>0x18</size>
         <input_file_ref idref="fl-7a"/>
      </object_component>
      <object_component id="oc-6ab">
         <name>.text</name>
         <load_address>0xcc06</load_address>
         <run_address>0xcc06</run_address>
         <size>0x16</size>
         <input_file_ref idref="fl-63"/>
      </object_component>
      <object_component id="oc-5be">
         <name>.text:memchr</name>
         <load_address>0xcc1c</load_address>
         <run_address>0xcc1c</run_address>
         <size>0x14</size>
         <input_file_ref idref="fl-71"/>
      </object_component>
      <object_component id="oc-5d6">
         <name>.text:memset</name>
         <load_address>0xcc30</load_address>
         <run_address>0xcc30</run_address>
         <size>0x14</size>
         <input_file_ref idref="fl-72"/>
      </object_component>
      <object_component id="oc-442">
         <name>.text:memcpy</name>
         <load_address>0xcc44</load_address>
         <run_address>0xcc44</run_address>
         <size>0x12</size>
         <input_file_ref idref="fl-4d"/>
      </object_component>
      <object_component id="oc-85f">
         <name>.text:l_asr</name>
         <load_address>0xcc56</load_address>
         <run_address>0xcc56</run_address>
         <size>0x10</size>
         <input_file_ref idref="fl-82"/>
      </object_component>
      <object_component id="oc-85a">
         <name>.text:l_lsl</name>
         <load_address>0xcc66</load_address>
         <run_address>0xcc66</run_address>
         <size>0x10</size>
         <input_file_ref idref="fl-4a"/>
      </object_component>
      <object_component id="oc-74c">
         <name>.text:l_lsr</name>
         <load_address>0xcc76</load_address>
         <run_address>0xcc76</run_address>
         <size>0x10</size>
         <input_file_ref idref="fl-4b"/>
      </object_component>
      <object_component id="oc-7dc">
         <name>.text:strcpy</name>
         <load_address>0xcc86</load_address>
         <run_address>0xcc86</run_address>
         <size>0x10</size>
         <input_file_ref idref="fl-8b"/>
      </object_component>
      <object_component id="oc-57e">
         <name>.text:strlen</name>
         <load_address>0xcc96</load_address>
         <run_address>0xcc96</run_address>
         <size>0xe</size>
         <input_file_ref idref="fl-59"/>
      </object_component>
      <object_component id="oc-7a4">
         <name>.text:__mspabi_fltid</name>
         <load_address>0xcca4</load_address>
         <run_address>0xcca4</run_address>
         <size>0xc</size>
         <input_file_ref idref="fl-68"/>
      </object_component>
      <object_component id="oc-639">
         <name>.text:toupper</name>
         <load_address>0xccb0</load_address>
         <run_address>0xccb0</run_address>
         <size>0xc</size>
         <input_file_ref idref="fl-7d"/>
      </object_component>
      <object_component id="oc-399">
         <name>.text:__sti___8_main_cpp_radio</name>
         <load_address>0xccbc</load_address>
         <run_address>0xccbc</run_address>
         <size>0xa</size>
         <input_file_ref idref="fl-4"/>
      </object_component>
      <object_component id="oc-777">
         <name>.text:abs</name>
         <load_address>0xccc6</load_address>
         <run_address>0xccc6</run_address>
         <size>0xa</size>
         <input_file_ref idref="fl-5c"/>
      </object_component>
      <object_component id="oc-35a">
         <name>.text:_isr:__TI_ISR_TRAP</name>
         <load_address>0xccd0</load_address>
         <run_address>0xccd0</run_address>
         <size>0x8</size>
         <input_file_ref idref="fl-48"/>
      </object_component>
      <object_component id="oc-4df">
         <name>.text:__mspabi_fltud</name>
         <load_address>0xccd8</load_address>
         <run_address>0xccd8</run_address>
         <size>0x6</size>
         <input_file_ref idref="fl-35"/>
      </object_component>
      <object_component id="oc-545">
         <name>.text:_outc</name>
         <load_address>0xccde</load_address>
         <run_address>0xccde</run_address>
         <size>0x6</size>
         <input_file_ref idref="fl-58"/>
      </object_component>
      <object_component id="oc-38d">
         <name>.text:abort</name>
         <load_address>0xcce4</load_address>
         <run_address>0xcce4</run_address>
         <size>0x6</size>
         <input_file_ref idref="fl-33"/>
      </object_component>
      <object_component id="oc-53f">
         <name>.text:_outs</name>
         <load_address>0xccea</load_address>
         <run_address>0xccea</run_address>
         <size>0x4</size>
         <input_file_ref idref="fl-58"/>
      </object_component>
      <object_component id="oc-365">
         <name>.text:_system_pre_init</name>
         <load_address>0xccee</load_address>
         <run_address>0xccee</run_address>
         <size>0x4</size>
         <input_file_ref idref="fl-57"/>
      </object_component>
      <object_component id="oc-460">
         <name>.text:_nop</name>
         <load_address>0xccf2</load_address>
         <run_address>0xccf2</run_address>
         <size>0x2</size>
         <input_file_ref idref="fl-5a"/>
      </object_component>
      <object_component id="oc-3b4">
         <name>.text:_system_post_cinit</name>
         <load_address>0xccf4</load_address>
         <run_address>0xccf4</run_address>
         <size>0x2</size>
         <input_file_ref idref="fl-78"/>
      </object_component>
      <object_component id="oc-8ec">
         <name>.cinit..data.load</name>
         <load_address>0xce9c</load_address>
         <run_address>0xce9c</run_address>
         <size>0x51</size>
      </object_component>
      <object_component id="oc-8e9">
         <name>__TI_handler_table</name>
         <load_address>0xceee</load_address>
         <run_address>0xceee</run_address>
         <size>0xc</size>
      </object_component>
      <object_component id="oc-8eb">
         <name>.cinit..bss.load</name>
         <load_address>0xcefa</load_address>
         <run_address>0xcefa</run_address>
         <size>0x6</size>
      </object_component>
      <object_component id="oc-8ea">
         <name>__TI_cinit_table</name>
         <load_address>0xcf00</load_address>
         <run_address>0xcf00</run_address>
         <size>0x10</size>
      </object_component>
      <object_component id="oc-622">
         <name>.const:.string:_ctypes_</name>
         <load_address>0xccf6</load_address>
         <run_address>0xccf6</run_address>
         <size>0x101</size>
         <input_file_ref idref="fl-61"/>
      </object_component>
      <object_component id="oc-5e3">
         <name>.const:.string</name>
         <load_address>0xcdf8</load_address>
         <run_address>0xcdf8</run_address>
         <size>0x26</size>
         <input_file_ref idref="fl-5b"/>
      </object_component>
      <object_component id="oc-472">
         <name>.const:.string:digital_pin_to_bit_mask</name>
         <load_address>0xce1e</load_address>
         <run_address>0xce1e</run_address>
         <size>0x20</size>
         <input_file_ref idref="fl-8"/>
      </object_component>
      <object_component id="oc-475">
         <name>.const:.string:digital_pin_to_port</name>
         <load_address>0xce3e</load_address>
         <run_address>0xce3e</run_address>
         <size>0x20</size>
         <input_file_ref idref="fl-8"/>
      </object_component>
      <object_component id="oc-478">
         <name>.const:port_to_dir</name>
         <load_address>0xce5e</load_address>
         <run_address>0xce5e</run_address>
         <size>0xa</size>
         <input_file_ref idref="fl-8"/>
      </object_component>
      <object_component id="oc-538">
         <name>.const:port_to_input</name>
         <load_address>0xce68</load_address>
         <run_address>0xce68</run_address>
         <size>0xa</size>
         <input_file_ref idref="fl-8"/>
      </object_component>
      <object_component id="oc-47e">
         <name>.const:port_to_output</name>
         <load_address>0xce72</load_address>
         <run_address>0xce72</run_address>
         <size>0xa</size>
         <input_file_ref idref="fl-8"/>
      </object_component>
      <object_component id="oc-47b">
         <name>.const:port_to_ren</name>
         <load_address>0xce7c</load_address>
         <run_address>0xce7c</run_address>
         <size>0xa</size>
         <input_file_ref idref="fl-8"/>
      </object_component>
      <object_component id="oc-481">
         <name>.const:port_to_sel</name>
         <load_address>0xce86</load_address>
         <run_address>0xce86</run_address>
         <size>0xa</size>
         <input_file_ref idref="fl-8"/>
      </object_component>
      <object_component id="oc-4d1">
         <name>.const:.string</name>
         <load_address>0xce90</load_address>
         <run_address>0xce90</run_address>
         <size>0x8</size>
         <input_file_ref idref="fl-4"/>
      </object_component>
      <object_component id="oc-823">
         <name>.cio</name>
         <uninitialized>true</uninitialized>
         <run_address>0x1e70</run_address>
         <size>0x120</size>
         <input_file_ref idref="fl-7f"/>
      </object_component>
      <object_component id="oc-33b">
         <name>.init_array</name>
         <load_address>0xce98</load_address>
         <run_address>0xce98</run_address>
         <size>0x4</size>
         <input_file_ref idref="fl-4"/>
      </object_component>
      <object_component id="oc-72">
         <name>.int45</name>
         <load_address>0xffda</load_address>
         <run_address>0xffda</run_address>
         <size>0x2</size>
         <input_file_ref idref="fl-37"/>
      </object_component>
      <object_component id="oc-73">
         <name>.int46</name>
         <load_address>0xffdc</load_address>
         <run_address>0xffdc</run_address>
         <size>0x2</size>
         <input_file_ref idref="fl-38"/>
      </object_component>
      <object_component id="oc-74">
         <name>.int48</name>
         <load_address>0xffe0</load_address>
         <run_address>0xffe0</run_address>
         <size>0x2</size>
         <input_file_ref idref="fl-39"/>
      </object_component>
      <object_component id="oc-75">
         <name>.int49</name>
         <load_address>0xffe2</load_address>
         <run_address>0xffe2</run_address>
         <size>0x2</size>
         <input_file_ref idref="fl-3a"/>
      </object_component>
      <object_component id="oc-76">
         <name>.int50</name>
         <load_address>0xffe4</load_address>
         <run_address>0xffe4</run_address>
         <size>0x2</size>
         <input_file_ref idref="fl-3b"/>
      </object_component>
      <object_component id="oc-77">
         <name>.int51</name>
         <load_address>0xffe6</load_address>
         <run_address>0xffe6</run_address>
         <size>0x2</size>
         <input_file_ref idref="fl-3c"/>
      </object_component>
      <object_component id="oc-78">
         <name>.int52</name>
         <load_address>0xffe8</load_address>
         <run_address>0xffe8</run_address>
         <size>0x2</size>
         <input_file_ref idref="fl-3d"/>
      </object_component>
      <object_component id="oc-79">
         <name>.int53</name>
         <load_address>0xffea</load_address>
         <run_address>0xffea</run_address>
         <size>0x2</size>
         <input_file_ref idref="fl-3e"/>
      </object_component>
      <object_component id="oc-7a">
         <name>.int54</name>
         <load_address>0xffec</load_address>
         <run_address>0xffec</run_address>
         <size>0x2</size>
         <input_file_ref idref="fl-3f"/>
      </object_component>
      <object_component id="oc-7b">
         <name>.int55</name>
         <load_address>0xffee</load_address>
         <run_address>0xffee</run_address>
         <size>0x2</size>
         <input_file_ref idref="fl-40"/>
      </object_component>
      <object_component id="oc-7c">
         <name>.int56</name>
         <load_address>0xfff0</load_address>
         <run_address>0xfff0</run_address>
         <size>0x2</size>
         <input_file_ref idref="fl-41"/>
      </object_component>
      <object_component id="oc-7d">
         <name>.int57</name>
         <load_address>0xfff2</load_address>
         <run_address>0xfff2</run_address>
         <size>0x2</size>
         <input_file_ref idref="fl-42"/>
      </object_component>
      <object_component id="oc-7e">
         <name>.int58</name>
         <load_address>0xfff4</load_address>
         <run_address>0xfff4</run_address>
         <size>0x2</size>
         <input_file_ref idref="fl-43"/>
      </object_component>
      <object_component id="oc-7f">
         <name>.int59</name>
         <load_address>0xfff6</load_address>
         <run_address>0xfff6</run_address>
         <size>0x2</size>
         <input_file_ref idref="fl-44"/>
      </object_component>
      <object_component id="oc-80">
         <name>.int60</name>
         <load_address>0xfff8</load_address>
         <run_address>0xfff8</run_address>
         <size>0x2</size>
         <input_file_ref idref="fl-45"/>
      </object_component>
      <object_component id="oc-81">
         <name>.int61</name>
         <load_address>0xfffa</load_address>
         <run_address>0xfffa</run_address>
         <size>0x2</size>
         <input_file_ref idref="fl-46"/>
      </object_component>
      <object_component id="oc-82">
         <name>.int62</name>
         <load_address>0xfffc</load_address>
         <run_address>0xfffc</run_address>
         <size>0x2</size>
         <input_file_ref idref="fl-47"/>
      </object_component>
      <object_component id="oc-33f">
         <name>.reset</name>
         <load_address>0xfffe</load_address>
         <run_address>0xfffe</run_address>
         <size>0x2</size>
         <input_file_ref idref="fl-2a"/>
      </object_component>
      <object_component id="oc-349">
         <name>.debug_info</name>
         <load_address>0x0</load_address>
         <run_address>0x0</run_address>
         <size>0x84</size>
         <input_file_ref idref="fl-2"/>
      </object_component>
      <object_component id="oc-485">
         <name>.debug_info</name>
         <load_address>0x84</load_address>
         <run_address>0x84</run_address>
         <size>0x18b</size>
         <input_file_ref idref="fl-2"/>
      </object_component>
      <object_component id="oc-4ac">
         <name>.debug_info</name>
         <load_address>0x20f</load_address>
         <run_address>0x20f</run_address>
         <size>0x399</size>
         <input_file_ref idref="fl-3"/>
      </object_component>
      <object_component id="oc-3f7">
         <name>.debug_info</name>
         <load_address>0x5a8</load_address>
         <run_address>0x5a8</run_address>
         <size>0x6b0</size>
         <input_file_ref idref="fl-3"/>
      </object_component>
      <object_component id="oc-42b">
         <name>.debug_info</name>
         <load_address>0xc58</load_address>
         <run_address>0xc58</run_address>
         <size>0x157</size>
         <input_file_ref idref="fl-3"/>
      </object_component>
      <object_component id="oc-4da">
         <name>.debug_info</name>
         <load_address>0xdaf</load_address>
         <run_address>0xdaf</run_address>
         <size>0x226</size>
         <input_file_ref idref="fl-3"/>
      </object_component>
      <object_component id="oc-4c6">
         <name>.debug_info</name>
         <load_address>0xfd5</load_address>
         <run_address>0xfd5</run_address>
         <size>0x22a</size>
         <input_file_ref idref="fl-3"/>
      </object_component>
      <object_component id="oc-49f">
         <name>.debug_info</name>
         <load_address>0x11ff</load_address>
         <run_address>0x11ff</run_address>
         <size>0x24f</size>
         <input_file_ref idref="fl-3"/>
      </object_component>
      <object_component id="oc-4ee">
         <name>.debug_info</name>
         <load_address>0x144e</load_address>
         <run_address>0x144e</run_address>
         <size>0xaa</size>
         <input_file_ref idref="fl-3"/>
      </object_component>
      <object_component id="oc-421">
         <name>.debug_info</name>
         <load_address>0x14f8</load_address>
         <run_address>0x14f8</run_address>
         <size>0x8b</size>
         <input_file_ref idref="fl-3"/>
      </object_component>
      <object_component id="oc-426">
         <name>.debug_info</name>
         <load_address>0x1583</load_address>
         <run_address>0x1583</run_address>
         <size>0x6fc</size>
         <input_file_ref idref="fl-4"/>
      </object_component>
      <object_component id="oc-403">
         <name>.debug_info</name>
         <load_address>0x1c7f</load_address>
         <run_address>0x1c7f</run_address>
         <size>0xe7</size>
         <input_file_ref idref="fl-4"/>
      </object_component>
      <object_component id="oc-406">
         <name>.debug_info</name>
         <load_address>0x1d66</load_address>
         <run_address>0x1d66</run_address>
         <size>0xeb</size>
         <input_file_ref idref="fl-4"/>
      </object_component>
      <object_component id="oc-409">
         <name>.debug_info</name>
         <load_address>0x1e51</load_address>
         <run_address>0x1e51</run_address>
         <size>0xe7</size>
         <input_file_ref idref="fl-4"/>
      </object_component>
      <object_component id="oc-40c">
         <name>.debug_info</name>
         <load_address>0x1f38</load_address>
         <run_address>0x1f38</run_address>
         <size>0xef</size>
         <input_file_ref idref="fl-4"/>
      </object_component>
      <object_component id="oc-3ee">
         <name>.debug_info</name>
         <load_address>0x2027</load_address>
         <run_address>0x2027</run_address>
         <size>0xde</size>
         <input_file_ref idref="fl-4"/>
      </object_component>
      <object_component id="oc-40f">
         <name>.debug_info</name>
         <load_address>0x2105</load_address>
         <run_address>0x2105</run_address>
         <size>0x1bb</size>
         <input_file_ref idref="fl-4"/>
      </object_component>
      <object_component id="oc-415">
         <name>.debug_info</name>
         <load_address>0x22c0</load_address>
         <run_address>0x22c0</run_address>
         <size>0x1d4</size>
         <input_file_ref idref="fl-4"/>
      </object_component>
      <object_component id="oc-41b">
         <name>.debug_info</name>
         <load_address>0x2494</load_address>
         <run_address>0x2494</run_address>
         <size>0x1fd</size>
         <input_file_ref idref="fl-4"/>
      </object_component>
      <object_component id="oc-386">
         <name>.debug_info</name>
         <load_address>0x2691</load_address>
         <run_address>0x2691</run_address>
         <size>0x3ad</size>
         <input_file_ref idref="fl-4"/>
      </object_component>
      <object_component id="oc-39a">
         <name>.debug_info</name>
         <load_address>0x2a3e</load_address>
         <run_address>0x2a3e</run_address>
         <size>0x12d</size>
[...]
         <value>0xc718</value>
         <object_component_ref idref="oc-5aa"/>
      </symbol>
      <symbol id="sm-5a1">
         <name>__mspabi_slll_3</name>
         <value>0xc71c</value>
         <object_component_ref idref="oc-5aa"/>
      </symbol>
      <symbol id="sm-5a2">
         <name>__mspabi_slll_2</name>
         <value>0xc720</value>
         <object_component_ref idref="oc-5aa"/>
      </symbol>
      <symbol id="sm-5a3">
         <name>__mspabi_slll_1</name>
         <value>0xc724</value>
         <object_component_ref idref="oc-5aa"/>
      </symbol>
      <symbol id="sm-5a4">
         <name>__mspabi_slll</name>
         <value>0xcc66</value>
         <object_component_ref idref="oc-85a"/>
      </symbol>
      <symbol id="sm-5a5">
         <name>__mspabi_slll_15</name>
         <value>0xc6ec</value>
         <object_component_ref idref="oc-5aa"/>
      </symbol>
      <symbol id="sm-5a6">
         <name>__mspabi_slll_14</name>
         <value>0xc6f0</value>
         <object_component_ref idref="oc-5aa"/>
      </symbol>
      <symbol id="sm-5a7">
         <name>__mspabi_slll_13</name>
         <value>0xc6f4</value>
         <object_component_ref idref="oc-5aa"/>
      </symbol>
      <symbol id="sm-5a8">
         <name>__mspabi_slll_12</name>
         <value>0xc6f8</value>
         <object_component_ref idref="oc-5aa"/>
      </symbol>
      <symbol id="sm-5a9">
         <name>__mspabi_slll_11</name>
         <value>0xc6fc</value>
         <object_component_ref idref="oc-5aa"/>
      </symbol>
      <symbol id="sm-5aa">
         <name>__mspabi_slll_10</name>
         <value>0xc700</value>
         <object_component_ref idref="oc-5aa"/>
      </symbol>
      <symbol id="sm-5ba">
         <name>__mspabi_srll_8</name>
         <value>0xc746</value>
         <object_component_ref idref="oc-5af"/>
      </symbol>
      <symbol id="sm-5bb">
         <name>__mspabi_srll_9</name>
         <value>0xc742</value>
         <object_component_ref idref="oc-5af"/>
      </symbol>
      <symbol id="sm-5bc">
         <name>__mspabi_srll_6</name>
         <value>0xc74e</value>
         <object_component_ref idref="oc-5af"/>
      </symbol>
      <symbol id="sm-5bd">
         <name>__mspabi_srll_7</name>
         <value>0xc74a</value>
         <object_component_ref idref="oc-5af"/>
      </symbol>
      <symbol id="sm-5be">
         <name>__mspabi_srll_4</name>
         <value>0xc756</value>
         <object_component_ref idref="oc-5af"/>
      </symbol>
      <symbol id="sm-5bf">
         <name>__mspabi_srll_5</name>
         <value>0xc752</value>
         <object_component_ref idref="oc-5af"/>
      </symbol>
      <symbol id="sm-5c0">
         <name>__mspabi_srll_2</name>
         <value>0xc75e</value>
         <object_component_ref idref="oc-5af"/>
      </symbol>
      <symbol id="sm-5c1">
         <name>__mspabi_srll_3</name>
         <value>0xc75a</value>
         <object_component_ref idref="oc-5af"/>
      </symbol>
      <symbol id="sm-5c2">
         <name>__mspabi_srll_1</name>
         <value>0xc762</value>
         <object_component_ref idref="oc-5af"/>
      </symbol>
      <symbol id="sm-5c3">
         <name>__mspabi_srll_15</name>
         <value>0xc72a</value>
         <object_component_ref idref="oc-5af"/>
      </symbol>
      <symbol id="sm-5c4">
         <name>__mspabi_srll_14</name>
         <value>0xc72e</value>
         <object_component_ref idref="oc-5af"/>
      </symbol>
      <symbol id="sm-5c5">
         <name>__mspabi_srll_13</name>
         <value>0xc732</value>
         <object_component_ref idref="oc-5af"/>
      </symbol>
      <symbol id="sm-5c6">
         <name>__mspabi_srll_12</name>
         <value>0xc736</value>
         <object_component_ref idref="oc-5af"/>
      </symbol>
      <symbol id="sm-5c7">
         <name>__mspabi_srll_11</name>
         <value>0xc73a</value>
         <object_component_ref idref="oc-5af"/>
      </symbol>
      <symbol id="sm-5c8">
         <name>__mspabi_srll_10</name>
         <value>0xc73e</value>
         <object_component_ref idref="oc-5af"/>
      </symbol>
      <symbol id="sm-5c9">
         <name>__mspabi_srll</name>
         <value>0xcc76</value>
         <object_component_ref idref="oc-74c"/>
      </symbol>
      <symbol id="sm-5d6">
         <name>__mspabi_srlll</name>
         <value>0xc818</value>
         <object_component_ref idref="oc-6b0"/>
      </symbol>
      <symbol id="sm-5e9">
         <name>memcpy</name>
         <value>0xcc44</value>
         <object_component_ref idref="oc-442"/>
      </symbol>
      <symbol id="sm-5f4">
         <name>__mspabi_mpyi_f5hw</name>
         <value>0xcbd6</value>
         <object_component_ref idref="oc-43d"/>
      </symbol>
      <symbol id="sm-5fe">
         <name>__mspabi_mpyl_f5hw</name>
         <value>0xcae4</value>
         <object_component_ref idref="oc-7fa"/>
      </symbol>
      <symbol id="sm-609">
         <name>_system_pre_init</name>
         <value>0xccee</value>
         <object_component_ref idref="oc-365"/>
      </symbol>
      <symbol id="sm-631">
         <name>printf</name>
         <value>0xc5f0</value>
         <object_component_ref idref="oc-4d2"/>
      </symbol>
      <symbol id="sm-63e">
         <name>strlen</name>
         <value>0xcc96</value>
         <object_component_ref idref="oc-57e"/>
      </symbol>
      <symbol id="sm-654">
         <name>_nop</name>
         <value>0xccf2</value>
         <object_component_ref idref="oc-460"/>
      </symbol>
      <symbol id="sm-655">
         <name>_lock</name>
         <value>0x1e60</value>
         <object_component_ref idref="oc-3c6"/>
      </symbol>
      <symbol id="sm-656">
         <name>_unlock</name>
         <value>0x1e64</value>
         <object_component_ref idref="oc-3cf"/>
      </symbol>
      <symbol id="sm-804">
         <name>__TI_printfi</name>
         <value>0x9d12</value>
         <object_component_ref idref="oc-54b"/>
      </symbol>
      <symbol id="sm-80e">
         <name>abs</name>
         <value>0xccc6</value>
         <object_component_ref idref="oc-777"/>
      </symbol>
      <symbol id="sm-822">
         <name>atoi</name>
         <value>0xc370</value>
         <object_component_ref idref="oc-5dc"/>
      </symbol>
      <symbol id="sm-843">
         <name>_auto_init_hold_wdt</name>
         <value>0xb850</value>
         <object_component_ref idref="oc-36b"/>
      </symbol>
      <symbol id="sm-85a">
         <name>copy_in</name>
         <value>0xb284</value>
         <object_component_ref idref="oc-3ae"/>
      </symbol>
      <symbol id="sm-864">
         <name>_ctypes_</name>
         <value>0xccf6</value>
         <object_component_ref idref="oc-622"/>
      </symbol>
      <symbol id="sm-874">
         <name>__TI_tmpnams</name>
         <value>0x1f90</value>
      </symbol>
      <symbol id="sm-875">
         <name>_ftable</name>
         <value>0x1db8</value>
         <object_component_ref idref="oc-53c"/>
      </symbol>
      <symbol id="sm-876">
         <name>__TI_ft_end</name>
         <value>0x1e68</value>
         <object_component_ref idref="oc-712"/>
      </symbol>
      <symbol id="sm-880">
         <name>__mspabi_remu</name>
         <value>0xcc06</value>
         <object_component_ref idref="oc-6ab"/>
      </symbol>
      <symbol id="sm-881">
         <name>__mspabi_divu</name>
         <value>0xcc06</value>
         <object_component_ref idref="oc-6ab"/>
      </symbol>
      <symbol id="sm-8b4">
         <name>__mspabi_divull</name>
         <value>0x8478</value>
         <object_component_ref idref="oc-6a0"/>
      </symbol>
      <symbol id="sm-8d5">
         <name>__mspabi_divd</name>
         <value>0x9af2</value>
         <object_component_ref idref="oc-6e5"/>
      </symbol>
      <symbol id="sm-8e2">
         <name>__mspabi_fixdi</name>
         <value>0xca4c</value>
         <object_component_ref idref="oc-76a"/>
      </symbol>
      <symbol id="sm-8f1">
         <name>__mspabi_fixdli</name>
         <value>0xc088</value>
         <object_component_ref idref="oc-770"/>
      </symbol>
      <symbol id="sm-8fa">
         <name>__mspabi_fltid</name>
         <value>0xcca4</value>
         <object_component_ref idref="oc-7a4"/>
      </symbol>
      <symbol id="sm-912">
         <name>__mspabi_fltlid</name>
         <value>0xb544</value>
         <object_component_ref idref="oc-75e"/>
      </symbol>
      <symbol id="sm-925">
         <name>putc</name>
         <value>0xb978</value>
         <object_component_ref idref="oc-577"/>
      </symbol>
      <symbol id="sm-926">
         <name>fputc</name>
         <value>0xb978</value>
         <object_component_ref idref="oc-577"/>
      </symbol>
      <symbol id="sm-93e">
         <name>fputs</name>
         <value>0xaf50</value>
         <object_component_ref idref="oc-570"/>
      </symbol>
      <symbol id="sm-959">
         <name>__TI_frcdivd</name>
         <value>0x8000</value>
         <object_component_ref idref="oc-789"/>
      </symbol>
      <symbol id="sm-9af">
         <name>lseek</name>
         <value>0xca9a</value>
         <object_component_ref idref="oc-660"/>
      </symbol>
      <symbol id="sm-9b0">
         <name>write</name>
         <value>0xcb08</value>
         <object_component_ref idref="oc-5ca"/>
      </symbol>
      <symbol id="sm-9b1">
         <name>close</name>
         <value>0xc3c2</value>
         <object_component_ref idref="oc-7b0"/>
      </symbol>
      <symbol id="sm-9b2">
         <name>unlink</name>
         <value>0xca22</value>
         <object_component_ref idref="oc-7b7"/>
      </symbol>
      <symbol id="sm-9bf">
         <name>__mspabi_sllll</name>
         <value>0xc7de</value>
         <object_component_ref idref="oc-746"/>
      </symbol>
      <symbol id="sm-9ce">
         <name>ltoa</name>
         <value>0xbca0</value>
         <object_component_ref idref="oc-758"/>
      </symbol>
      <symbol id="sm-9dd">
         <name>memccpy</name>
         <value>0xcb8a</value>
         <object_component_ref idref="oc-5f0"/>
      </symbol>
      <symbol id="sm-9ec">
         <name>memchr</name>
         <value>0xcc1c</value>
         <object_component_ref idref="oc-5be"/>
      </symbol>
      <symbol id="sm-9fa">
         <name>memset</name>
         <value>0xcc30</value>
         <object_component_ref idref="oc-5d6"/>
      </symbol>
      <symbol id="sm-a1a">
         <name>__mspabi_mpyd</name>
         <value>0x8d22</value>
         <object_component_ref idref="oc-6df"/>
      </symbol>
      <symbol id="sm-a24">
         <name>__mspabi_negd</name>
         <value>0xc9f8</value>
         <object_component_ref idref="oc-63f"/>
      </symbol>
      <symbol id="sm-a3b">
         <name>frexpl</name>
         <value>0xb336</value>
         <object_component_ref idref="oc-6ec"/>
      </symbol>
      <symbol id="sm-a3c">
         <name>frexp</name>
         <value>0xb336</value>
         <object_component_ref idref="oc-6ec"/>
      </symbol>
      <symbol id="sm-a56">
         <name>scalbn</name>
         <value>0xa2fe</value>
         <object_component_ref idref="oc-798"/>
      </symbol>
      <symbol id="sm-a57">
         <name>scalbnl</name>
         <value>0xa2fe</value>
         <object_component_ref idref="oc-798"/>
      </symbol>
      <symbol id="sm-a58">
         <name>ldexpl</name>
         <value>0xa2fe</value>
         <object_component_ref idref="oc-798"/>
      </symbol>
      <symbol id="sm-a59">
         <name>ldexp</name>
         <value>0xa2fe</value>
         <object_component_ref idref="oc-798"/>
      </symbol>
      <symbol id="sm-a62">
         <name>_system_post_cinit</name>
         <value>0xccf4</value>
         <object_component_ref idref="oc-3b4"/>
      </symbol>
      <symbol id="sm-a71">
         <name>strchr</name>
         <value>0xcba4</value>
         <object_component_ref idref="oc-79e"/>
      </symbol>
      <symbol id="sm-a7f">
         <name>strcmp</name>
         <value>0xcbee</value>
         <object_component_ref idref="oc-870"/>
      </symbol>
      <symbol id="sm-a8f">
         <name>strncpy</name>
         <value>0xc9cc</value>
         <object_component_ref idref="oc-847"/>
      </symbol>
      <symbol id="sm-a98">
         <name>__mspabi_subd</name>
         <value>0xc8ea</value>
         <object_component_ref idref="oc-764"/>
      </symbol>
      <symbol id="sm-aa5">
         <name>toupper</name>
         <value>0xccb0</value>
         <object_component_ref idref="oc-639"/>
      </symbol>
      <symbol id="sm-ae4">
         <name>HOSTrename</name>
         <value>0xbee4</value>
         <object_component_ref idref="oc-73c"/>
      </symbol>
      <symbol id="sm-ae5">
         <name>HOSTclose</name>
         <value>0xc4e4</value>
         <object_component_ref idref="oc-71e"/>
      </symbol>
      <symbol id="sm-ae6">
         <name>HOSTunlink</name>
         <value>0xc56e</value>
         <object_component_ref idref="oc-736"/>
      </symbol>
      <symbol id="sm-ae7">
         <name>HOSTlseek</name>
         <value>0xb680</value>
         <object_component_ref idref="oc-730"/>
      </symbol>
      <symbol id="sm-ae8">
         <name>HOSTopen</name>
         <value>0xc0ee</value>
         <object_component_ref idref="oc-718"/>
      </symbol>
      <symbol id="sm-ae9">
         <name>HOSTwrite</name>
         <value>0xc1b4</value>
         <object_component_ref idref="oc-72a"/>
      </symbol>
      <symbol id="sm-aea">
         <name>HOSTread</name>
         <value>0xc214</value>
         <object_component_ref idref="oc-724"/>
      </symbol>
      <symbol id="sm-b08">
         <name>__TI_readmsg</name>
         <value>0xc9a0</value>
         <object_component_ref idref="oc-7ca"/>
      </symbol>
      <symbol id="sm-b09">
         <name>C$$IO$$</name>
         <value>0xc8e6</value>
         <object_component_ref idref="oc-7c4"/>
      </symbol>
      <symbol id="sm-b0a">
         <name>_CIOBUF_</name>
         <value>0x1e70</value>
         <object_component_ref idref="oc-823"/>
      </symbol>
      <symbol id="sm-b0b">
         <name>__TI_writemsg</name>
         <value>0xc8bc</value>
         <object_component_ref idref="oc-7c4"/>
      </symbol>
      <symbol id="sm-b23">
         <name>__TI_wrt_ok</name>
         <value>0xbd1c</value>
         <object_component_ref idref="oc-5b8"/>
      </symbol>
      <symbol id="sm-b45">
         <name>__mspabi_addd</name>
         <value>0x87c6</value>
         <object_component_ref idref="oc-7f0"/>
      </symbol>
      <symbol id="sm-b55">
         <name>__mspabi_sral</name>
         <value>0xcc56</value>
         <object_component_ref idref="oc-85f"/>
      </symbol>
      <symbol id="sm-b56">
         <name>__mspabi_sral_15</name>
         <value>0xc6ae</value>
         <object_component_ref idref="oc-7d5"/>
      </symbol>
      <symbol id="sm-b57">
         <name>__mspabi_sral_14</name>
         <value>0xc6b2</value>
         <object_component_ref idref="oc-7d5"/>
      </symbol>
      <symbol id="sm-b58">
         <name>__mspabi_sral_13</name>
         <value>0xc6b6</value>
         <object_component_ref idref="oc-7d5"/>
      </symbol>
      <symbol id="sm-b59">
         <name>__mspabi_sral_12</name>
         <value>0xc6ba</value>
         <object_component_ref idref="oc-7d5"/>
      </symbol>
      <symbol id="sm-b5a">
         <name>__mspabi_sral_11</name>
         <value>0xc6be</value>
         <object_component_ref idref="oc-7d5"/>
      </symbol>
      <symbol id="sm-b5b">
         <name>__mspabi_sral_10</name>
         <value>0xc6c2</value>
         <object_component_ref idref="oc-7d5"/>
      </symbol>
      <symbol id="sm-b5c">
         <name>__mspabi_sral_8</name>
         <value>0xc6ca</value>
         <object_component_ref idref="oc-7d5"/>
      </symbol>
      <symbol id="sm-b5d">
         <name>__mspabi_sral_9</name>
         <value>0xc6c6</value>
         <object_component_ref idref="oc-7d5"/>
      </symbol>
      <symbol id="sm-b5e">
         <name>__mspabi_sral_6</name>
         <value>0xc6d2</value>
         <object_component_ref idref="oc-7d5"/>
      </symbol>
      <symbol id="sm-b5f">
         <name>__mspabi_sral_7</name>
         <value>0xc6ce</value>
         <object_component_ref idref="oc-7d5"/>
      </symbol>
      <symbol id="sm-b60">
         <name>__mspabi_sral_4</name>
         <value>0xc6da</value>
         <object_component_ref idref="oc-7d5"/>
      </symbol>
      <symbol id="sm-b61">
         <name>__mspabi_sral_5</name>
         <value>0xc6d6</value>
         <object_component_ref idref="oc-7d5"/>
      </symbol>
      <symbol id="sm-b62">
         <name>__mspabi_sral_2</name>
         <value>0xc6e2</value>
         <object_component_ref idref="oc-7d5"/>
      </symbol>
      <symbol id="sm-b63">
         <name>__mspabi_sral_3</name>
         <value>0xc6de</value>
         <object_component_ref idref="oc-7d5"/>
      </symbol>
      <symbol id="sm-b64">
         <name>__mspabi_sral_1</name>
         <value>0xc6e6</value>
         <object_component_ref idref="oc-7d5"/>
      </symbol>
      <symbol id="sm-b6b">
         <name>errno</name>
         <value>0x1e6a</value>
         <object_component_ref idref="oc-809"/>
      </symbol>
      <symbol id="sm-b7c">
         <name>__TI_doflush</name>
         <value>0xc152</value>
         <object_component_ref idref="oc-5c4"/>
      </symbol>
      <symbol id="sm-b9d">
         <name>__TI_frcaddd</name>
         <value>0x91fc</value>
         <object_component_ref idref="oc-833"/>
      </symbol>
      <symbol id="sm-bae">
         <name>__TI_frcmpyd</name>
         <value>0x8a9c</value>
         <object_component_ref idref="oc-781"/>
      </symbol>
      <symbol id="sm-bbe">
         <name>fseek</name>
         <value>0xbf4e</value>
         <object_component_ref idref="oc-603"/>
      </symbol>
      <symbol id="sm-bd2">
         <name>__TI_renormd</name>
         <value>0xb1d2</value>
         <object_component_ref idref="oc-864"/>
      </symbol>
      <symbol id="sm-bdb">
         <name>copysign</name>
         <value>0xc918</value>
         <object_component_ref idref="oc-80c"/>
      </symbol>
      <symbol id="sm-bdc">
         <name>copysignl</name>
         <value>0xc918</value>
         <object_component_ref idref="oc-80c"/>
      </symbol>
      <symbol id="sm-bf4">
         <name>setvbuf</name>
         <value>0xb106</value>
         <object_component_ref idref="oc-609"/>
      </symbol>
      <symbol id="sm-c01">
         <name>strcpy</name>
         <value>0xcc86</value>
         <object_component_ref idref="oc-7dc"/>
      </symbol>
      <symbol id="sm-c0d">
         <name>__TI_cleanup</name>
         <value>0xc88a</value>
         <object_component_ref idref="oc-674"/>
      </symbol>
      <symbol id="sm-c5e">
         <name>_sys_memory</name>
         <value>0x1c00</value>
         <object_component_ref idref="oc-340"/>
      </symbol>
      <symbol id="sm-c5f">
         <name>free</name>
         <value>0xbc20</value>
         <object_component_ref idref="oc-668"/>
      </symbol>
      <symbol id="sm-c60">
         <name>malloc</name>
         <value>0xb496</value>
         <object_component_ref idref="oc-66e"/>
      </symbol>
      <symbol id="sm-c61">
         <name>minit</name>
         <value>0xc852</value>
         <object_component_ref idref="oc-705"/>
      </symbol>
      <symbol id="sm-c72">
         <name>__TI_closefile</name>
         <value>0xc020</value>
         <object_component_ref idref="oc-70c"/>
      </symbol>
      <symbol id="sm-c75">
         <name>__TI_BINIT_Base</name>
         <value>0x0</value>
      </symbol>
      <symbol id="sm-c76">
         <name>__TI_BINIT_Limit</name>
         <value>0x0</value>
      </symbol>
      <symbol id="sm-c77">
         <name>remove</name>
         <value>0xca22</value>
      </symbol>
   </symbol_table>
   <title>Link successful</title>
</link_info>
