<?xml version="1.0"?>
<link_info>
   <banner>MSP430 Linker Unix v15.12.1.LTS</banner>
   <copyright>Copyright (c) 2003-2015 Texas Instruments Incorporated</copyright>
   <link_time>0x5980a0a9</link_time>
   <link_errors>0x0</link_errors>
   <output_file>PanStampVariant.out</output_file>
   <entry_point>
      <name>_c_int00_noargs</name>
      <address>0xc9a2</address>
   </entry_point>
   <input_file_list>
      <input_file id="fl-2">
         <path>./</path>
         <kind>object</kind>
         <file>LCD1x9.obj</file>
         <name>LCD1x9.obj</name>
      </input_file>
      <input_file id="fl-3">
         <path>./</path>
         <kind>object</kind>
         <file>cc430radio.obj</file>
         <name>cc430radio.obj</name>
      </input_file>
      <input_file id="fl-4">
         <path>./</path>
         <kind>object</kind>
         <file>main.obj</file>
         <name>main.obj</name>
      </input_file>
      <input_file id="fl-5">
         <path>./</path>
         <kind>object</kind>
         <file>pmm.obj</file>
         <name>pmm.obj</name>
      </input_file>
      <input_file id="fl-6">
         <path>./</path>
         <kind>object</kind>
         <file>rf1a.obj</file>
         <name>rf1a.obj</name>
      </input_file>
      <input_file id="fl-7">
         <path>./</path>
         <kind>object</kind>
         <file>wiring_analog.obj</file>
         <name>wiring_analog.obj</name>
      </input_file>
      <input_file id="fl-8">
         <path>./</path>
         <kind>object</kind>
         <file>wiring_digital.obj</file>
         <name>wiring_digital.obj</name>
      </input_file>
      <input_file id="fl-29">
         <path>/Applications/ccsv6/tools/compiler/ti-cgt-msp430_15.12.1.LTS/lib/</path>
         <kind>archive</kind>
         <file>rts430x_lc_sd_eabi.lib</file>
         <name>asr16.obj</name>
      </input_file>
      <input_file id="fl-2a">
         <path>/Applications/ccsv6/tools/compiler/ti-cgt-msp430_15.12.1.LTS/lib/</path>
         <kind>archive</kind>
         <file>rts430x_lc_sd_eabi.lib</file>
         <name>boot.obj</name>
      </input_file>
      <input_file id="fl-2b">
         <path>/Applications/ccsv6/tools/compiler/ti-cgt-msp430_15.12.1.LTS/lib/</path>
         <kind>archive</kind>
         <file>rts430x_lc_sd_eabi.lib</file>
         <name>boot_special.obj</name>
      </input_file>
      <input_file id="fl-2c">
         <path>/Applications/ccsv6/tools/compiler/ti-cgt-msp430_15.12.1.LTS/lib/</path>
         <kind>archive</kind>
         <file>rts430x_lc_sd_eabi.lib</file>
         <name>copy_decompress_none.obj</name>
      </input_file>
      <input_file id="fl-2d">
         <path>/Applications/ccsv6/tools/compiler/ti-cgt-msp430_15.12.1.LTS/lib/</path>
         <kind>archive</kind>
         <file>rts430x_lc_sd_eabi.lib</file>
         <name>copy_decompress_rle.obj</name>
      </input_file>
      <input_file id="fl-2e">
         <path>/Applications/ccsv6/tools/compiler/ti-cgt-msp430_15.12.1.LTS/lib/</path>
         <kind>archive</kind>
         <file>rts430x_lc_sd_eabi.lib</file>
         <name>copy_zero_init.obj</name>
      </input_file>
      <input_file id="fl-2f">
         <path>/Applications/ccsv6/tools/compiler/ti-cgt-msp430_15.12.1.LTS/lib/</path>
         <kind>archive</kind>
         <file>rts430x_lc_sd_eabi.lib</file>
         <name>cpy_util.obj</name>
      </input_file>
      <input_file id="fl-30">
         <path>/Applications/ccsv6/tools/compiler/ti-cgt-msp430_15.12.1.LTS/lib/</path>
         <kind>archive</kind>
         <file>rts430x_lc_sd_eabi.lib</file>
         <name>div32s.obj</name>
      </input_file>
      <input_file id="fl-31">
         <path>/Applications/ccsv6/tools/compiler/ti-cgt-msp430_15.12.1.LTS/lib/</path>
         <kind>archive</kind>
         <file>rts430x_lc_sd_eabi.lib</file>
         <name>div32u.obj</name>
      </input_file>
      <input_file id="fl-32">
         <path>/Applications/ccsv6/tools/compiler/ti-cgt-msp430_15.12.1.LTS/lib/</path>
         <kind>archive</kind>
         <file>rts430x_lc_sd_eabi.lib</file>
         <name>exit.obj</name>
      </input_file>
      <input_file id="fl-33">
         <path>/Applications/ccsv6/tools/compiler/ti-cgt-msp430_15.12.1.LTS/lib/</path>
         <kind>archive</kind>
         <file>rts430x_lc_sd_eabi.lib</file>
         <name>exit_gvars.obj</name>
      </input_file>
      <input_file id="fl-34">
         <path>/Applications/ccsv6/tools/compiler/ti-cgt-msp430_15.12.1.LTS/lib/</path>
         <kind>archive</kind>
         <file>rts430x_lc_sd_eabi.lib</file>
         <name>int45.obj</name>
      </input_file>
      <input_file id="fl-35">
         <path>/Applications/ccsv6/tools/compiler/ti-cgt-msp430_15.12.1.LTS/lib/</path>
         <kind>archive</kind>
         <file>rts430x_lc_sd_eabi.lib</file>
         <name>int46.obj</name>
      </input_file>
      <input_file id="fl-36">
         <path>/Applications/ccsv6/tools/compiler/ti-cgt-msp430_15.12.1.LTS/lib/</path>
         <kind>archive</kind>
         <file>rts430x_lc_sd_eabi.lib</file>
         <name>int48.obj</name>
      </input_file>
      <input_file id="fl-37">
         <path>/Applications/ccsv6/tools/compiler/ti-cgt-msp430_15.12.1.LTS/lib/</path>
         <kind>archive</kind>
         <file>rts430x_lc_sd_eabi.lib</file>
         <name>int49.obj</name>
      </input_file>
      <input_file id="fl-38">
         <path>/Applications/ccsv6/tools/compiler/ti-cgt-msp430_15.12.1.LTS/lib/</path>
         <kind>archive</kind>
         <file>rts430x_lc_sd_eabi.lib</file>
         <name>int50.obj</name>
      </input_file>
      <input_file id="fl-39">
         <path>/Applications/ccsv6/tools/compiler/ti-cgt-msp430_15.12.1.LTS/lib/</path>
         <kind>archive</kind>
         <file>rts430x_lc_sd_eabi.lib</file>
         <name>int51.obj</name>
      </input_file>
      <input_file id="fl-3a">
         <path>/Applications/ccsv6/tools/compiler/ti-cgt-msp430_15.12.1.LTS/lib/</path>
         <kind>archive</kind>
         <file>rts430x_lc_sd_eabi.lib</file>
         <name>int52.obj</name>
      </input_file>
      <input_file id="fl-3b">
         <path>/Applications/ccsv6/tools/compiler/ti-cgt-msp430_15.12.1.LTS/lib/</path>
         <kind>archive</kind>
         <file>rts430x_lc_sd_eabi.lib</file>
         <name>int53.obj</name>
      </input_file>
      <input_file id="fl-3c">
         <path>/Applications/ccsv6/tools/compiler/ti-cgt-msp430_15.12.1.LTS/lib/</path>
         <kind>archive</kind>
         <file>rts430x_lc_sd_eabi.lib</file>
         <name>int54.obj</name>
      </input_file>
      <input_file id="fl-3d">
         <path>/Applications/ccsv6/tools/compiler/ti-cgt-msp430_15.12.1.LTS/lib/</path>
         <kind>archive</kind>
         <file>rts430x_lc_sd_eabi.lib</file>
         <name>int55.obj</name>
      </input_file>
      <input_file id="fl-3e">
         <path>/Applications/ccsv6/tools/compiler/ti-cgt-msp430_15.12.1.LTS/lib/</path>
         <kind>archive</kind>
         <file>rts430x_lc_sd_eabi.lib</file>
         <name>int56.obj</name>
      </input_file>
      <input_file id="fl-3f">
         <path>/Applications/ccsv6/tools/compiler/ti-cgt-msp430_15.12.1.LTS/lib/</path>
         <kind>archive</kind>
         <file>rts430x_lc_sd_eabi.lib</file>
         <name>int57.obj</name>
      </input_file>
      <input_file id="fl-40">
         <path>/Applications/ccsv6/tools/compiler/ti-cgt-msp430_15.12.1.LTS/lib/</path>
         <kind>archive</kind>
         <file>rts430x_lc_sd_eabi.lib</file>
         <name>int58.obj</name>
      </input_file>
      <input_file id="fl-41">
         <path>/Applications/ccsv6/tools/compiler/ti-cgt-msp430_15.12.1.LTS/lib/</path>
         <kind>archive</kind>
         <file>rts430x_lc_sd_eabi.lib</file>
         <name>int59.obj</name>
      </input_file>
      <input_file id="fl-42">
         <path>/Applications/ccsv6/tools/compiler/ti-cgt-msp430_15.12.1.LTS/lib/</path>
         <kind>archive</kind>
         <file>rts430x_lc_sd_eabi.lib</file>
         <name>int60.obj</name>
      </input_file>
      <input_file id="fl-43">
         <path>/Applications/ccsv6/tools/compiler/ti-cgt-msp430_15.12.1.LTS/lib/</path>
         <kind>archive</kind>
         <file>rts430x_lc_sd_eabi.lib</file>
         <name>int61.obj</name>
      </input_file>
      <input_file id="fl-44">
         <path>/Applications/ccsv6/tools/compiler/ti-cgt-msp430_15.12.1.LTS/lib/</path>
         <kind>archive</kind>
         <file>rts430x_lc_sd_eabi.lib</file>
         <name>int62.obj</name>
      </input_file>
      <input_file id="fl-45">
         <path>/Applications/ccsv6/tools/compiler/ti-cgt-msp430_15.12.1.LTS/lib/</path>
         <kind>archive</kind>
         <file>rts430x_lc_sd_eabi.lib</file>
         <name>isr_trap.obj</name>
      </input_file>
      <input_file id="fl-46">
         <path>/Applications/ccsv6/tools/compiler/ti-cgt-msp430_15.12.1.LTS/lib/</path>
         <kind>archive</kind>
         <file>rts430x_lc_sd_eabi.lib</file>
         <name>lsl16.obj</name>
      </input_file>
      <input_file id="fl-47">
         <path>/Applications/ccsv6/tools/compiler/ti-cgt-msp430_15.12.1.LTS/lib/</path>
         <kind>archive</kind>
         <file>rts430x_lc_sd_eabi.lib</file>
         <name>lsr64.obj</name>
      </input_file>
      <input_file id="fl-48">
         <path>/Applications/ccsv6/tools/compiler/ti-cgt-msp430_15.12.1.LTS/lib/</path>
         <kind>archive</kind>
         <file>rts430x_lc_sd_eabi.lib</file>
         <name>memcpy.obj</name>
      </input_file>
      <input_file id="fl-49">
         <path>/Applications/ccsv6/tools/compiler/ti-cgt-msp430_15.12.1.LTS/lib/</path>
         <kind>archive</kind>
         <file>rts430x_lc_sd_eabi.lib</file>
         <name>mpu_init.obj</name>
      </input_file>
      <input_file id="fl-4a">
         <path>/Applications/ccsv6/tools/compiler/ti-cgt-msp430_15.12.1.LTS/lib/</path>
         <kind>archive</kind>
         <file>rts430x_lc_sd_eabi.lib</file>
         <name>mult1632.obj</name>
      </input_file>
      <input_file id="fl-4b">
         <path>/Applications/ccsv6/tools/compiler/ti-cgt-msp430_15.12.1.LTS/lib/</path>
         <kind>archive</kind>
         <file>rts430x_lc_sd_eabi.lib</file>
         <name>mult1632_f5hw.obj</name>
      </input_file>
      <input_file id="fl-4c">
         <path>/Applications/ccsv6/tools/compiler/ti-cgt-msp430_15.12.1.LTS/lib/</path>
         <kind>archive</kind>
         <file>rts430x_lc_sd_eabi.lib</file>
         <name>mult16_f5hw.obj</name>
      </input_file>
      <input_file id="fl-4d">
         <path>/Applications/ccsv6/tools/compiler/ti-cgt-msp430_15.12.1.LTS/lib/</path>
         <kind>archive</kind>
         <file>rts430x_lc_sd_eabi.lib</file>
         <name>mult32.obj</name>
      </input_file>
      <input_file id="fl-4e">
         <path>/Applications/ccsv6/tools/compiler/ti-cgt-msp430_15.12.1.LTS/lib/</path>
         <kind>archive</kind>
         <file>rts430x_lc_sd_eabi.lib</file>
         <name>mult3264_f5hw.obj</name>
      </input_file>
      <input_file id="fl-4f">
         <path>/Applications/ccsv6/tools/compiler/ti-cgt-msp430_15.12.1.LTS/lib/</path>
         <kind>archive</kind>
         <file>rts430x_lc_sd_eabi.lib</file>
         <name>mult32_f5hw.obj</name>
      </input_file>
      <input_file id="fl-50">
         <path>/Applications/ccsv6/tools/compiler/ti-cgt-msp430_15.12.1.LTS/lib/</path>
         <kind>archive</kind>
         <file>rts430x_lc_sd_eabi.lib</file>
         <name>mult64.obj</name>
      </input_file>
      <input_file id="fl-51">
         <path>/Applications/ccsv6/tools/compiler/ti-cgt-msp430_15.12.1.LTS/lib/</path>
         <kind>archive</kind>
         <file>rts430x_lc_sd_eabi.lib</file>
         <name>mult64_f5hw.obj</name>
      </input_file>
      <input_file id="fl-52">
         <path>/Applications/ccsv6/tools/compiler/ti-cgt-msp430_15.12.1.LTS/lib/</path>
         <kind>archive</kind>
         <file>rts430x_lc_sd_eabi.lib</file>
         <name>pre_init.obj</name>
      </input_file>
      <input_file id="fl-53">
         <path>/Applications/ccsv6/tools/compiler/ti-cgt-msp430_15.12.1.LTS/lib/</path>
         <kind>archive</kind>
         <file>rts430x_lc_sd_eabi.lib</file>
         <name>printf.obj</name>
      </input_file>
      <input_file id="fl-54">
         <path>/Applications/ccsv6/tools/compiler/ti-cgt-msp430_15.12.1.LTS/lib/</path>
         <kind>archive</kind>
         <file>rts430x_lc_sd_eabi.lib</file>
         <name>strlen.obj</name>
      </input_file>
      <input_file id="fl-55">
         <path>/Applications/ccsv6/tools/compiler/ti-cgt-msp430_15.12.1.LTS/lib/</path>
         <kind>archive</kind>
         <file>rts430x_lc_sd_eabi.lib</file>
         <name>_lock.obj</name>
      </input_file>
      <input_file id="fl-56">
         <path>/Applications/ccsv6/tools/compiler/ti-cgt-msp430_15.12.1.LTS/lib/</path>
         <kind>archive</kind>
         <file>rts430x_lc_sd_eabi.lib</file>
         <name>_printfi.obj</name>
      </input_file>
      <input_file id="fl-57">
         <path>/Applications/ccsv6/tools/compiler/ti-cgt-msp430_15.12.1.LTS/lib/</path>
         <kind>archive</kind>
         <file>rts430x_lc_sd_eabi.lib</file>
         <name>args_main.obj</name>
      </input_file>
      <input_file id="fl-58">
         <path>/Applications/ccsv6/tools/compiler/ti-cgt-msp430_15.12.1.LTS/lib/</path>
         <kind>archive</kind>
         <file>rts430x_lc_sd_eabi.lib</file>
         <name>atoi.obj</name>
      </input_file>
      <input_file id="fl-59">
         <path>/Applications/ccsv6/tools/compiler/ti-cgt-msp430_15.12.1.LTS/lib/</path>
         <kind>archive</kind>
         <file>rts430x_lc_sd_eabi.lib</file>
         <name>autoinit_wdt.obj</name>
      </input_file>
      <input_file id="fl-5a">
         <path>/Applications/ccsv6/tools/compiler/ti-cgt-msp430_15.12.1.LTS/lib/</path>
         <kind>archive</kind>
         <file>rts430x_lc_sd_eabi.lib</file>
         <name>cmpd.obj</name>
      </input_file>
      <input_file id="fl-5b">
         <path>/Applications/ccsv6/tools/compiler/ti-cgt-msp430_15.12.1.LTS/lib/</path>
         <kind>archive</kind>
         <file>rts430x_lc_sd_eabi.lib</file>
         <name>cpy_tbl.obj</name>
      </input_file>
      <input_file id="fl-5c">
         <path>/Applications/ccsv6/tools/compiler/ti-cgt-msp430_15.12.1.LTS/lib/</path>
         <kind>archive</kind>
         <file>rts430x_lc_sd_eabi.lib</file>
         <name>ctype.obj</name>
      </input_file>
      <input_file id="fl-5d">
         <path>/Applications/ccsv6/tools/compiler/ti-cgt-msp430_15.12.1.LTS/lib/</path>
         <kind>archive</kind>
         <file>rts430x_lc_sd_eabi.lib</file>
         <name>defs.obj</name>
      </input_file>
      <input_file id="fl-5e">
         <path>/Applications/ccsv6/tools/compiler/ti-cgt-msp430_15.12.1.LTS/lib/</path>
         <kind>archive</kind>
         <file>rts430x_lc_sd_eabi.lib</file>
         <name>div16u.obj</name>
      </input_file>
      <input_file id="fl-5f">
         <path>/Applications/ccsv6/tools/compiler/ti-cgt-msp430_15.12.1.LTS/lib/</path>
         <kind>archive</kind>
         <file>rts430x_lc_sd_eabi.lib</file>
         <name>div64u.obj</name>
      </input_file>
      <input_file id="fl-60">
         <path>/Applications/ccsv6/tools/compiler/ti-cgt-msp430_15.12.1.LTS/lib/</path>
         <kind>archive</kind>
         <file>rts430x_lc_sd_eabi.lib</file>
         <name>divd.obj</name>
      </input_file>
      <input_file id="fl-61">
         <path>/Applications/ccsv6/tools/compiler/ti-cgt-msp430_15.12.1.LTS/lib/</path>
         <kind>archive</kind>
         <file>rts430x_lc_sd_eabi.lib</file>
         <name>fixdi.obj</name>
      </input_file>
      <input_file id="fl-62">
         <path>/Applications/ccsv6/tools/compiler/ti-cgt-msp430_15.12.1.LTS/lib/</path>
         <kind>archive</kind>
         <file>rts430x_lc_sd_eabi.lib</file>
         <name>fixdli.obj</name>
      </input_file>
      <input_file id="fl-63">
         <path>/Applications/ccsv6/tools/compiler/ti-cgt-msp430_15.12.1.LTS/lib/</path>
         <kind>archive</kind>
         <file>rts430x_lc_sd_eabi.lib</file>
         <name>fltid.obj</name>
      </input_file>
      <input_file id="fl-64">
         <path>/Applications/ccsv6/tools/compiler/ti-cgt-msp430_15.12.1.LTS/lib/</path>
         <kind>archive</kind>
         <file>rts430x_lc_sd_eabi.lib</file>
         <name>fltlid.obj</name>
      </input_file>
      <input_file id="fl-65">
         <path>/Applications/ccsv6/tools/compiler/ti-cgt-msp430_15.12.1.LTS/lib/</path>
         <kind>archive</kind>
         <file>rts430x_lc_sd_eabi.lib</file>
         <name>fputc.obj</name>
      </input_file>
      <input_file id="fl-66">
         <path>/Applications/ccsv6/tools/compiler/ti-cgt-msp430_15.12.1.LTS/lib/</path>
         <kind>archive</kind>
         <file>rts430x_lc_sd_eabi.lib</file>
         <name>fputs.obj</name>
      </input_file>
      <input_file id="fl-67">
         <path>/Applications/ccsv6/tools/compiler/ti-cgt-msp430_15.12.1.LTS/lib/</path>
         <kind>archive</kind>
         <file>rts430x_lc_sd_eabi.lib</file>
         <name>frcdivd.obj</name>
      </input_file>
      <input_file id="fl-68">
         <path>/Applications/ccsv6/tools/compiler/ti-cgt-msp430_15.12.1.LTS/lib/</path>
         <kind>archive</kind>
         <file>rts430x_lc_sd_eabi.lib</file>
         <name>lowlev.obj</name>
      </input_file>
      <input_file id="fl-69">
         <path>/Applications/ccsv6/tools/compiler/ti-cgt-msp430_15.12.1.LTS/lib/</path>
         <kind>archive</kind>
         <file>rts430x_lc_sd_eabi.lib</file>
         <name>lsl32.obj</name>
      </input_file>
      <input_file id="fl-6a">
         <path>/Applications/ccsv6/tools/compiler/ti-cgt-msp430_15.12.1.LTS/lib/</path>
         <kind>archive</kind>
         <file>rts430x_lc_sd_eabi.lib</file>
         <name>lsl64.obj</name>
      </input_file>
      <input_file id="fl-6b">
         <path>/Applications/ccsv6/tools/compiler/ti-cgt-msp430_15.12.1.LTS/lib/</path>
         <kind>archive</kind>
         <file>rts430x_lc_sd_eabi.lib</file>
         <name>lsr32.obj</name>
      </input_file>
      <input_file id="fl-6c">
         <path>/Applications/ccsv6/tools/compiler/ti-cgt-msp430_15.12.1.LTS/lib/</path>
         <kind>archive</kind>
         <file>rts430x_lc_sd_eabi.lib</file>
         <name>ltoa.obj</name>
      </input_file>
      <input_file id="fl-6d">
         <path>/Applications/ccsv6/tools/compiler/ti-cgt-msp430_15.12.1.LTS/lib/</path>
         <kind>archive</kind>
         <file>rts430x_lc_sd_eabi.lib</file>
         <name>memccpy.obj</name>
      </input_file>
      <input_file id="fl-6e">
         <path>/Applications/ccsv6/tools/compiler/ti-cgt-msp430_15.12.1.LTS/lib/</path>
         <kind>archive</kind>
         <file>rts430x_lc_sd_eabi.lib</file>
         <name>memchr.obj</name>
      </input_file>
      <input_file id="fl-6f">
         <path>/Applications/ccsv6/tools/compiler/ti-cgt-msp430_15.12.1.LTS/lib/</path>
         <kind>archive</kind>
         <file>rts430x_lc_sd_eabi.lib</file>
         <name>memset.obj</name>
      </input_file>
      <input_file id="fl-70">
         <path>/Applications/ccsv6/tools/compiler/ti-cgt-msp430_15.12.1.LTS/lib/</path>
         <kind>archive</kind>
         <file>rts430x_lc_sd_eabi.lib</file>
         <name>mpyd.obj</name>
      </input_file>
      <input_file id="fl-71">
         <path>/Applications/ccsv6/tools/compiler/ti-cgt-msp430_15.12.1.LTS/lib/</path>
         <kind>archive</kind>
         <file>rts430x_lc_sd_eabi.lib</file>
         <name>mult16.obj</name>
      </input_file>
      <input_file id="fl-72">
         <path>/Applications/ccsv6/tools/compiler/ti-cgt-msp430_15.12.1.LTS/lib/</path>
         <kind>archive</kind>
         <file>rts430x_lc_sd_eabi.lib</file>
         <name>negd.obj</name>
      </input_file>
      <input_file id="fl-73">
         <path>/Applications/ccsv6/tools/compiler/ti-cgt-msp430_15.12.1.LTS/lib/</path>
         <kind>archive</kind>
         <file>rts430x_lc_sd_eabi.lib</file>
         <name>s_frexp.obj</name>
      </input_file>
      <input_file id="fl-74">
         <path>/Applications/ccsv6/tools/compiler/ti-cgt-msp430_15.12.1.LTS/lib/</path>
         <kind>archive</kind>
         <file>rts430x_lc_sd_eabi.lib</file>
         <name>s_scalbn.obj</name>
      </input_file>
      <input_file id="fl-75">
         <path>/Applications/ccsv6/tools/compiler/ti-cgt-msp430_15.12.1.LTS/lib/</path>
         <kind>archive</kind>
         <file>rts430x_lc_sd_eabi.lib</file>
         <name>startup.obj</name>
      </input_file>
      <input_file id="fl-76">
         <path>/Applications/ccsv6/tools/compiler/ti-cgt-msp430_15.12.1.LTS/lib/</path>
         <kind>archive</kind>
         <file>rts430x_lc_sd_eabi.lib</file>
         <name>strchr.obj</name>
      </input_file>
      <input_file id="fl-77">
         <path>/Applications/ccsv6/tools/compiler/ti-cgt-msp430_15.12.1.LTS/lib/</path>
         <kind>archive</kind>
         <file>rts430x_lc_sd_eabi.lib</file>
         <name>strcmp.obj</name>
      </input_file>
      <input_file id="fl-78">
         <path>/Applications/ccsv6/tools/compiler/ti-cgt-msp430_15.12.1.LTS/lib/</path>
         <kind>archive</kind>
         <file>rts430x_lc_sd_eabi.lib</file>
         <name>strncpy.obj</name>
      </input_file>
      <input_file id="fl-79">
         <path>/Applications/ccsv6/tools/compiler/ti-cgt-msp430_15.12.1.LTS/lib/</path>
         <kind>archive</kind>
         <file>rts430x_lc_sd_eabi.lib</file>
         <name>subd.obj</name>
      </input_file>
      <input_file id="fl-7a">
         <path>/Applications/ccsv6/tools/compiler/ti-cgt-msp430_15.12.1.LTS/lib/</path>
         <kind>archive</kind>
         <file>rts430x_lc_sd_eabi.lib</file>
         <name>toupper.obj</name>
      </input_file>
      <input_file id="fl-7b">
         <path>/Applications/ccsv6/tools/compiler/ti-cgt-msp430_15.12.1.LTS/lib/</path>
         <kind>archive</kind>
         <file>rts430x_lc_sd_eabi.lib</file>
         <name>trgdrv.obj</name>
      </input_file>
      <input_file id="fl-7c">
         <path>/Applications/ccsv6/tools/compiler/ti-cgt-msp430_15.12.1.LTS/lib/</path>
         <kind>archive</kind>
         <file>rts430x_lc_sd_eabi.lib</file>
         <name>trgmsg.obj</name>
      </input_file>
      <input_file id="fl-7d">
         <path>/Applications/ccsv6/tools/compiler/ti-cgt-msp430_15.12.1.LTS/lib/</path>
         <kind>archive</kind>
         <file>rts430x_lc_sd_eabi.lib</file>
         <name>_io_perm.obj</name>
      </input_file>
      <input_file id="fl-7e">
         <path>/Applications/ccsv6/tools/compiler/ti-cgt-msp430_15.12.1.LTS/lib/</path>
         <kind>archive</kind>
         <file>rts430x_lc_sd_eabi.lib</file>
         <name>abs.obj</name>
      </input_file>
      <input_file id="fl-7f">
         <path>/Applications/ccsv6/tools/compiler/ti-cgt-msp430_15.12.1.LTS/lib/</path>
         <kind>archive</kind>
         <file>rts430x_lc_sd_eabi.lib</file>
         <name>addd.obj</name>
      </input_file>
      <input_file id="fl-80">
         <path>/Applications/ccsv6/tools/compiler/ti-cgt-msp430_15.12.1.LTS/lib/</path>
         <kind>archive</kind>
         <file>rts430x_lc_sd_eabi.lib</file>
         <name>asr32.obj</name>
      </input_file>
      <input_file id="fl-81">
         <path>/Applications/ccsv6/tools/compiler/ti-cgt-msp430_15.12.1.LTS/lib/</path>
         <kind>archive</kind>
         <file>rts430x_lc_sd_eabi.lib</file>
         <name>errno.obj</name>
      </input_file>
      <input_file id="fl-82">
         <path>/Applications/ccsv6/tools/compiler/ti-cgt-msp430_15.12.1.LTS/lib/</path>
         <kind>archive</kind>
         <file>rts430x_lc_sd_eabi.lib</file>
         <name>fflush.obj</name>
      </input_file>
      <input_file id="fl-83">
         <path>/Applications/ccsv6/tools/compiler/ti-cgt-msp430_15.12.1.LTS/lib/</path>
         <kind>archive</kind>
         <file>rts430x_lc_sd_eabi.lib</file>
         <name>frcaddd.obj</name>
      </input_file>
      <input_file id="fl-84">
         <path>/Applications/ccsv6/tools/compiler/ti-cgt-msp430_15.12.1.LTS/lib/</path>
         <kind>archive</kind>
         <file>rts430x_lc_sd_eabi.lib</file>
         <name>frcmpyd.obj</name>
      </input_file>
      <input_file id="fl-85">
         <path>/Applications/ccsv6/tools/compiler/ti-cgt-msp430_15.12.1.LTS/lib/</path>
         <kind>archive</kind>
         <file>rts430x_lc_sd_eabi.lib</file>
         <name>fseek.obj</name>
      </input_file>
      <input_file id="fl-86">
         <path>/Applications/ccsv6/tools/compiler/ti-cgt-msp430_15.12.1.LTS/lib/</path>
         <kind>archive</kind>
         <file>rts430x_lc_sd_eabi.lib</file>
         <name>renormd.obj</name>
      </input_file>
      <input_file id="fl-87">
         <path>/Applications/ccsv6/tools/compiler/ti-cgt-msp430_15.12.1.LTS/lib/</path>
         <kind>archive</kind>
         <file>rts430x_lc_sd_eabi.lib</file>
         <name>s_copysign.obj</name>
      </input_file>
      <input_file id="fl-88">
         <path>/Applications/ccsv6/tools/compiler/ti-cgt-msp430_15.12.1.LTS/lib/</path>
         <kind>archive</kind>
         <file>rts430x_lc_sd_eabi.lib</file>
         <name>setvbuf.obj</name>
      </input_file>
      <input_file id="fl-89">
         <path>/Applications/ccsv6/tools/compiler/ti-cgt-msp430_15.12.1.LTS/lib/</path>
         <kind>archive</kind>
         <file>rts430x_lc_sd_eabi.lib</file>
         <name>strcpy.obj</name>
      </input_file>
      <input_file id="fl-8a">
         <path>/Applications/ccsv6/tools/compiler/ti-cgt-msp430_15.12.1.LTS/lib/</path>
         <kind>archive</kind>
         <file>rts430x_lc_sd_eabi.lib</file>
         <name>fopen.obj</name>
      </input_file>
      <input_file id="fl-8b">
         <path>/Applications/ccsv6/tools/compiler/ti-cgt-msp430_15.12.1.LTS/lib/</path>
         <kind>archive</kind>
         <file>rts430x_lc_sd_eabi.lib</file>
         <name>memory.obj</name>
      </input_file>
      <input_file id="fl-8c">
         <path>/Applications/ccsv6/tools/compiler/ti-cgt-msp430_15.12.1.LTS/lib/</path>
         <kind>archive</kind>
         <file>rts430x_lc_sd_eabi.lib</file>
         <name>fclose.obj</name>
      </input_file>
      <input_file id="fl-8d">
         <path>/Applications/ccsv6/tools/compiler/ti-cgt-msp430_15.12.1.LTS/lib/</path>
         <kind>archive</kind>
         <file>rts430x_lc_sd_eabi.lib</file>
         <name>remove.obj</name>
      </input_file>
   </input_file_list>
   <object_component_list>
      <object_component id="oc-407">
         <name>.bss:pt_polling</name>
         <uninitialized>true</uninitialized>
         <run_address>0x2086</run_address>
         <size>0x2</size>
         <input_file_ref idref="fl-4"/>
      </object_component>
      <object_component id="oc-40a">
         <name>.bss:pt_receiving</name>
         <uninitialized>true</uninitialized>
         <run_address>0x2088</run_address>
         <size>0x2</size>
         <input_file_ref idref="fl-4"/>
      </object_component>
      <object_component id="oc-40d">
         <name>.bss:pt_sending</name>
         <uninitialized>true</uninitialized>
         <run_address>0x208a</run_address>
         <size>0x2</size>
         <input_file_ref idref="fl-4"/>
      </object_component>
      <object_component id="oc-410">
         <name>.bss:signal_receipt</name>
         <uninitialized>true</uninitialized>
         <run_address>0x208c</run_address>
         <size>0x2</size>
         <input_file_ref idref="fl-4"/>
      </object_component>
      <object_component id="oc-3f2">
         <name>.bss:radio</name>
         <uninitialized>true</uninitialized>
         <run_address>0x207a</run_address>
         <size>0x6</size>
         <input_file_ref idref="fl-4"/>
      </object_component>
      <object_component id="oc-78e">
         <name>.bss:parmbuf</name>
         <uninitialized>true</uninitialized>
         <run_address>0x2072</run_address>
         <size>0x8</size>
         <input_file_ref idref="fl-7b"/>
      </object_component>
      <object_component id="oc-6d1">
         <name>.bss</name>
         <uninitialized>true</uninitialized>
         <run_address>0x2080</run_address>
         <size>0x6</size>
         <input_file_ref idref="fl-8b"/>
      </object_component>
      <object_component id="oc-4c0">
         <name>.common:status</name>
         <uninitialized>true</uninitialized>
         <run_address>0x208e</run_address>
         <size>0x1</size>
      </object_component>
      <object_component id="oc-4c1">
         <name>.common:bytes</name>
         <uninitialized>true</uninitialized>
         <run_address>0x2071</run_address>
         <size>0x1</size>
      </object_component>
      <object_component id="oc-4c3">
         <name>.common:packet</name>
         <uninitialized>true</uninitialized>
         <run_address>0x2030</run_address>
         <size>0x41</size>
      </object_component>
      <object_component id="oc-783">
         <name>.common:__TI_tmpnams</name>
         <uninitialized>true</uninitialized>
         <run_address>0x1f90</run_address>
         <size>0xa0</size>
      </object_component>
      <object_component id="oc-3c8">
         <name>.data</name>
         <load_address>0x1e6c</load_address>
         <run_address>0x1e6c</run_address>
         <size>0x2</size>
         <input_file_ref idref="fl-32"/>
      </object_component>
      <object_component id="oc-3d1">
         <name>.data:__TI_cleanup_ptr</name>
         <load_address>0x1e58</load_address>
         <run_address>0x1e58</run_address>
         <size>0x4</size>
         <input_file_ref idref="fl-33"/>
      </object_component>
      <object_component id="oc-3ce">
         <name>.data:__TI_dtors_ptr</name>
         <load_address>0x1e5c</load_address>
         <run_address>0x1e5c</run_address>
         <size>0x4</size>
         <input_file_ref idref="fl-33"/>
      </object_component>
      <object_component id="oc-3cb">
         <name>.data:_lock</name>
         <load_address>0x1e60</load_address>
         <run_address>0x1e60</run_address>
         <size>0x4</size>
         <input_file_ref idref="fl-55"/>
      </object_component>
      <object_component id="oc-3d4">
         <name>.data:_unlock</name>
         <load_address>0x1e64</load_address>
         <run_address>0x1e64</run_address>
         <size>0x4</size>
         <input_file_ref idref="fl-55"/>
      </object_component>
      <object_component id="oc-528">
         <name>.data:_ftable</name>
         <load_address>0x1db8</load_address>
         <run_address>0x1db8</run_address>
         <size>0x78</size>
         <input_file_ref idref="fl-5d"/>
      </object_component>
      <object_component id="oc-6e5">
         <name>.data</name>
         <load_address>0x1e68</load_address>
         <run_address>0x1e68</run_address>
         <size>0x2</size>
         <input_file_ref idref="fl-5d"/>
      </object_component>
      <object_component id="oc-654">
         <name>.data:_device</name>
         <load_address>0x1d40</load_address>
         <run_address>0x1d40</run_address>
         <size>0x78</size>
         <input_file_ref idref="fl-68"/>
      </object_component>
      <object_component id="oc-5dc">
         <name>.data:_stream</name>
         <load_address>0x1e30</load_address>
         <run_address>0x1e30</run_address>
         <size>0x28</size>
         <input_file_ref idref="fl-68"/>
      </object_component>
      <object_component id="oc-7e5">
         <name>.data</name>
         <load_address>0x1e6a</load_address>
         <run_address>0x1e6a</run_address>
         <size>0x2</size>
         <input_file_ref idref="fl-81"/>
      </object_component>
      <object_component id="oc-6d5">
         <name>.data</name>
         <load_address>0x1e6e</load_address>
         <run_address>0x1e6e</run_address>
         <size>0x2</size>
         <input_file_ref idref="fl-8b"/>
      </object_component>
      <object_component id="oc-340">
         <name>.sysmem</name>
         <uninitialized>true</uninitialized>
         <run_address>0x1c00</run_address>
         <size>0x4</size>
         <input_file_ref idref="fl-8b"/>
      </object_component>
      <object_component id="oc-8cd">
         <name>.sysmem</name>
         <uninitialized>true</uninitialized>
         <run_address>0x1c00</run_address>
         <size>0x0</size>
      </object_component>
      <object_component id="oc-33c">
         <name>.stack</name>
         <uninitialized>true</uninitialized>
         <run_address>0x2bac</run_address>
         <size>0x2</size>
         <input_file_ref idref="fl-2a"/>
      </object_component>
      <object_component id="oc-8cc">
         <name>.stack</name>
         <uninitialized>true</uninitialized>
         <run_address>0x2bac</run_address>
         <size>0x0</size>
      </object_component>
      <object_component id="oc-756">
         <name>.text:__TI_frcdivd</name>
         <load_address>0x8000</load_address>
         <run_address>0x8000</run_address>
         <size>0x486</size>
         <input_file_ref idref="fl-67"/>
      </object_component>
      <object_component id="oc-66d">
         <name>.text:__mspabi_divull</name>
         <load_address>0x8486</load_address>
         <run_address>0x8486</run_address>
         <size>0x372</size>
         <input_file_ref idref="fl-5f"/>
      </object_component>
      <object_component id="oc-74e">
         <name>.text:__TI_frcmpyd</name>
         <load_address>0x87f8</load_address>
         <run_address>0x87f8</run_address>
         <size>0x2e4</size>
         <input_file_ref idref="fl-84"/>
      </object_component>
      <object_component id="oc-7cd">
         <name>.text:__mspabi_addd</name>
         <load_address>0x8adc</load_address>
         <run_address>0x8adc</run_address>
         <size>0x2d6</size>
         <input_file_ref idref="fl-7f"/>
      </object_component>
      <object_component id="oc-6ac">
         <name>.text:__mspabi_mpyd</name>
         <load_address>0x8db2</load_address>
         <run_address>0x8db2</run_address>
         <size>0x280</size>
         <input_file_ref idref="fl-70"/>
      </object_component>
      <object_component id="oc-812">
         <name>.text:__TI_frcaddd</name>
         <load_address>0x9032</load_address>
         <run_address>0x9032</run_address>
         <size>0x252</size>
         <input_file_ref idref="fl-83"/>
      </object_component>
      <object_component id="oc-562">
         <name>.text:_setfield</name>
         <load_address>0x9284</load_address>
         <run_address>0x9284</run_address>
         <size>0x244</size>
         <input_file_ref idref="fl-56"/>
      </object_component>
      <object_component id="oc-5b5">
         <name>.text:_pproc_fgea</name>
         <load_address>0x94c8</load_address>
         <run_address>0x94c8</run_address>
         <size>0x242</size>
         <input_file_ref idref="fl-56"/>
      </object_component>
      <object_component id="oc-3fb">
         <name>.text:_ZN10CC430RADIO9setCCregsEv</name>
         <load_address>0x970a</load_address>
         <run_address>0x970a</run_address>
         <size>0x23a</size>
         <input_file_ref idref="fl-3"/>
      </object_component>
      <object_component id="oc-6bf">
         <name>.text:acvt</name>
         <load_address>0x9944</load_address>
         <run_address>0x9944</run_address>
         <size>0x238</size>
         <input_file_ref idref="fl-56"/>
      </object_component>
      <object_component id="oc-6b2">
         <name>.text:__mspabi_divd</name>
         <load_address>0x9b7c</load_address>
         <run_address>0x9b7c</run_address>
         <size>0x220</size>
         <input_file_ref idref="fl-60"/>
      </object_component>
      <object_component id="oc-537">
         <name>.text:__TI_printfi</name>
         <load_address>0x9d9c</load_address>
         <run_address>0x9d9c</run_address>
         <size>0x208</size>
         <input_file_ref idref="fl-56"/>
      </object_component>
      <object_component id="oc-68c">
         <name>.text:ecvt</name>
         <load_address>0x9fa4</load_address>
         <run_address>0x9fa4</run_address>
         <size>0x200</size>
         <input_file_ref idref="fl-56"/>
      </object_component>
      <object_component id="oc-69f">
         <name>.text:fcvt</name>
         <load_address>0xa1a4</load_address>
         <run_address>0xa1a4</run_address>
         <size>0x1da</size>
         <input_file_ref idref="fl-56"/>
      </object_component>
      <object_component id="oc-765">
         <name>.text:scalbn</name>
         <load_address>0xa37e</load_address>
         <run_address>0xa37e</run_address>
         <size>0x19e</size>
         <input_file_ref idref="fl-74"/>
      </object_component>
      <object_component id="oc-618">
         <name>.text:_pconv_e</name>
         <load_address>0xa51c</load_address>
         <run_address>0xa51c</run_address>
         <size>0x19a</size>
         <input_file_ref idref="fl-56"/>
      </object_component>
      <object_component id="oc-61e">
         <name>.text:_pconv_a</name>
         <load_address>0xa6b6</load_address>
         <run_address>0xa6b6</run_address>
         <size>0x168</size>
         <input_file_ref idref="fl-56"/>
      </object_component>
      <object_component id="oc-5ee">
         <name>.text:_getarg_diouxp</name>
         <load_address>0xa81e</load_address>
         <run_address>0xa81e</run_address>
         <size>0x164</size>
         <input_file_ref idref="fl-56"/>
      </object_component>
      <object_component id="oc-5af">
         <name>.text:_pproc_diouxp</name>
         <load_address>0xa982</load_address>
         <run_address>0xa982</run_address>
         <size>0x140</size>
         <input_file_ref idref="fl-56"/>
      </object_component>
      <object_component id="oc-5f4">
         <name>.text:_ltostr</name>
         <load_address>0xaac2</load_address>
         <run_address>0xaac2</run_address>
         <size>0x120</size>
         <input_file_ref idref="fl-56"/>
      </object_component>
      <object_component id="oc-387">
         <name>.text:main</name>
         <load_address>0xabe2</load_address>
         <run_address>0xabe2</run_address>
         <size>0x110</size>
         <input_file_ref idref="fl-4"/>
      </object_component>
      <object_component id="oc-60c">
         <name>.text:_pconv_g</name>
         <load_address>0xacf2</load_address>
         <run_address>0xacf2</run_address>
         <size>0xf4</size>
         <input_file_ref idref="fl-56"/>
      </object_component>
      <object_component id="oc-55c">
         <name>.text:_pproc_fwp</name>
         <load_address>0xade6</load_address>
         <run_address>0xade6</run_address>
         <size>0xf4</size>
         <input_file_ref idref="fl-56"/>
      </object_component>
      <object_component id="oc-548">
         <name>.text:fputs</name>
         <load_address>0xaeda</load_address>
         <run_address>0xaeda</run_address>
         <size>0xde</size>
         <input_file_ref idref="fl-66"/>
      </object_component>
      <object_component id="oc-624">
         <name>.text:__mspabi_cmpd</name>
         <load_address>0xafb8</load_address>
         <run_address>0xafb8</run_address>
         <size>0xd8</size>
         <input_file_ref idref="fl-5a"/>
      </object_component>
      <object_component id="oc-34f">
         <name>.text:__TI_decompress_rle_core</name>
         <load_address>0xb090</load_address>
         <run_address>0xb090</run_address>
         <size>0xd6</size>
         <input_file_ref idref="fl-2d"/>
      </object_component>
      <object_component id="oc-5d0">
         <name>.text:setvbuf</name>
         <load_address>0xb166</load_address>
         <run_address>0xb166</run_address>
         <size>0xcc</size>
         <input_file_ref idref="fl-88"/>
      </object_component>
      <object_component id="oc-843">
         <name>.text:__TI_renormd</name>
         <load_address>0xb232</load_address>
         <run_address>0xb232</run_address>
         <size>0xb2</size>
         <input_file_ref idref="fl-86"/>
      </object_component>
      <object_component id="oc-3b3">
         <name>.text:copy_in</name>
         <load_address>0xb2e4</load_address>
         <run_address>0xb2e4</run_address>
         <size>0xb2</size>
         <input_file_ref idref="fl-5b"/>
      </object_component>
      <object_component id="oc-6b9">
         <name>.text:frexp</name>
         <load_address>0xb396</load_address>
         <run_address>0xb396</run_address>
         <size>0xb2</size>
         <input_file_ref idref="fl-73"/>
      </object_component>
      <object_component id="oc-4c4">
         <name>.text:_ZN10CC430RADIO11receiveDataEP8CCPACKET</name>
         <load_address>0xb448</load_address>
         <run_address>0xb448</run_address>
         <size>0xae</size>
         <input_file_ref idref="fl-3"/>
      </object_component>
      <object_component id="oc-63b">
         <name>.text:malloc</name>
         <load_address>0xb4f6</load_address>
         <run_address>0xb4f6</run_address>
         <size>0xac</size>
         <input_file_ref idref="fl-8b"/>
      </object_component>
      <object_component id="oc-731">
         <name>.text:__mspabi_fltlid</name>
         <load_address>0xb5a2</load_address>
         <run_address>0xb5a2</run_address>
         <size>0x9e</size>
         <input_file_ref idref="fl-64"/>
      </object_component>
      <object_component id="oc-568">
         <name>.text:_pproc_str</name>
         <load_address>0xb640</load_address>
         <run_address>0xb640</run_address>
         <size>0x9e</size>
         <input_file_ref idref="fl-56"/>
      </object_component>
      <object_component id="oc-703">
         <name>.text:HOSTlseek</name>
         <load_address>0xb6de</load_address>
         <run_address>0xb6de</run_address>
         <size>0x9c</size>
         <input_file_ref idref="fl-7b"/>
      </object_component>
      <object_component id="oc-3f5">
         <name>.text:_Z6Strobeh</name>
         <load_address>0xb77a</load_address>
         <run_address>0xb77a</run_address>
         <size>0x9a</size>
         <input_file_ref idref="fl-6"/>
      </object_component>
      <object_component id="oc-36d">
         <name>.text:_auto_init_hold_wdt</name>
         <load_address>0xb814</load_address>
         <run_address>0xb814</run_address>
         <size>0x96</size>
         <input_file_ref idref="fl-59"/>
      </object_component>
      <object_component id="oc-692">
         <name>.text:_ecpy</name>
         <load_address>0xb8aa</load_address>
         <run_address>0xb8aa</run_address>
         <size>0x8e</size>
         <input_file_ref idref="fl-56"/>
      </object_component>
      <object_component id="oc-54f">
         <name>.text:fputc</name>
         <load_address>0xb938</load_address>
         <run_address>0xb938</run_address>
         <size>0x8c</size>
         <input_file_ref idref="fl-65"/>
      </object_component>
      <object_component id="oc-698">
         <name>.text:_mcpy</name>
         <load_address>0xb9c4</load_address>
         <run_address>0xb9c4</run_address>
         <size>0x8a</size>
         <input_file_ref idref="fl-56"/>
      </object_component>
      <object_component id="oc-419">
         <name>.text:_Z21protothread_receivingP2pt</name>
         <load_address>0xba4e</load_address>
         <run_address>0xba4e</run_address>
         <size>0x88</size>
         <input_file_ref idref="fl-4"/>
      </object_component>
      <object_component id="oc-635">
         <name>.text:free</name>
         <load_address>0xbad6</load_address>
         <run_address>0xbad6</run_address>
         <size>0x80</size>
         <input_file_ref idref="fl-8b"/>
      </object_component>
      <object_component id="oc-72b">
         <name>.text:ltoa</name>
         <load_address>0xbb56</load_address>
         <run_address>0xbb56</run_address>
         <size>0x7c</size>
         <input_file_ref idref="fl-6c"/>
      </object_component>
      <object_component id="oc-583">
         <name>.text:__TI_wrt_ok</name>
         <load_address>0xbbd2</load_address>
         <run_address>0xbbd2</run_address>
         <size>0x7a</size>
         <input_file_ref idref="fl-7d"/>
      </object_component>
      <object_component id="oc-612">
         <name>.text:_pconv_f</name>
         <load_address>0xbc4c</load_address>
         <run_address>0xbc4c</run_address>
         <size>0x74</size>
         <input_file_ref idref="fl-56"/>
      </object_component>
      <object_component id="oc-3da">
         <name>.text:_Z7pinModehh</name>
         <load_address>0xbcc0</load_address>
         <run_address>0xbcc0</run_address>
         <size>0x6e</size>
         <input_file_ref idref="fl-8"/>
      </object_component>
      <object_component id="oc-413">
         <name>.text:_Z19protothread_pollingP2pt</name>
         <load_address>0xbd2e</load_address>
         <run_address>0xbd2e</run_address>
         <size>0x6c</size>
         <input_file_ref idref="fl-4"/>
      </object_component>
      <object_component id="oc-70f">
         <name>.text:HOSTrename</name>
         <load_address>0xbd9a</load_address>
         <run_address>0xbd9a</run_address>
         <size>0x6a</size>
         <input_file_ref idref="fl-7b"/>
      </object_component>
      <object_component id="oc-5ca">
         <name>.text:fseek</name>
         <load_address>0xbe04</load_address>
         <run_address>0xbe04</run_address>
         <size>0x6a</size>
         <input_file_ref idref="fl-85"/>
      </object_component>
      <object_component id="oc-401">
         <name>.text:_Z12WritePATableh</name>
         <load_address>0xbe6e</load_address>
         <run_address>0xbe6e</run_address>
         <size>0x68</size>
         <input_file_ref idref="fl-6"/>
      </object_component>
      <object_component id="oc-6df">
         <name>.text:__TI_closefile</name>
         <load_address>0xbed6</load_address>
         <run_address>0xbed6</run_address>
         <size>0x68</size>
         <input_file_ref idref="fl-8c"/>
      </object_component>
      <object_component id="oc-743">
         <name>.text:__mspabi_fixdli</name>
         <load_address>0xbf3e</load_address>
         <run_address>0xbf3e</run_address>
         <size>0x66</size>
         <input_file_ref idref="fl-62"/>
      </object_component>
      <object_component id="oc-6eb">
         <name>.text:HOSTopen</name>
         <load_address>0xbfa4</load_address>
         <run_address>0xbfa4</run_address>
         <size>0x64</size>
         <input_file_ref idref="fl-7b"/>
      </object_component>
      <object_component id="oc-58f">
         <name>.text:__TI_doflush</name>
         <load_address>0xc008</load_address>
         <run_address>0xc008</run_address>
         <size>0x62</size>
         <input_file_ref idref="fl-82"/>
      </object_component>
      <object_component id="oc-6fd">
         <name>.text:HOSTwrite</name>
         <load_address>0xc06a</load_address>
         <run_address>0xc06a</run_address>
         <size>0x60</size>
         <input_file_ref idref="fl-7b"/>
      </object_component>
      <object_component id="oc-6f7">
         <name>.text:HOSTread</name>
         <load_address>0xc0ca</load_address>
         <run_address>0xc0ca</run_address>
         <size>0x5e</size>
         <input_file_ref idref="fl-7b"/>
      </object_component>
      <object_component id="oc-673">
         <name>.text</name>
         <load_address>0xc128</load_address>
         <run_address>0xc128</run_address>
         <size>0x58</size>
         <input_file_ref idref="fl-31"/>
      </object_component>
      <object_component id="oc-7f4">
         <name>.text:getdevice</name>
         <load_address>0xc180</load_address>
         <run_address>0xc180</run_address>
         <size>0x54</size>
         <input_file_ref idref="fl-68"/>
      </object_component>
      <object_component id="oc-48c">
         <name>.text:_Z10SetVCoreUph</name>
         <load_address>0xc1d4</load_address>
         <run_address>0xc1d4</run_address>
         <size>0x52</size>
         <input_file_ref idref="fl-5"/>
      </object_component>
      <object_component id="oc-5a7">
         <name>.text:atoi</name>
         <load_address>0xc226</load_address>
         <run_address>0xc226</run_address>
         <size>0x52</size>
         <input_file_ref idref="fl-58"/>
      </object_component>
      <object_component id="oc-77d">
         <name>.text:close</name>
         <load_address>0xc278</load_address>
         <run_address>0xc278</run_address>
         <size>0x4a</size>
         <input_file_ref idref="fl-68"/>
      </object_component>
      <object_component id="oc-51d">
         <name>.text:_Z12ReadBurstReghPhh</name>
         <load_address>0xc2c2</load_address>
         <run_address>0xc2c2</run_address>
         <size>0x48</size>
         <input_file_ref idref="fl-6"/>
      </object_component>
      <object_component id="oc-6a5">
         <name>.text:_fcpy</name>
         <load_address>0xc30a</load_address>
         <run_address>0xc30a</run_address>
         <size>0x48</size>
         <input_file_ref idref="fl-56"/>
      </object_component>
      <object_component id="oc-379">
         <name>.text:exit</name>
         <load_address>0xc352</load_address>
         <run_address>0xc352</run_address>
         <size>0x48</size>
         <input_file_ref idref="fl-32"/>
      </object_component>
      <object_component id="oc-6f1">
         <name>.text:HOSTclose</name>
         <load_address>0xc39a</load_address>
         <run_address>0xc39a</run_address>
         <size>0x46</size>
         <input_file_ref idref="fl-7b"/>
      </object_component>
      <object_component id="oc-709">
         <name>.text:HOSTunlink</name>
         <load_address>0xc3e0</load_address>
         <run_address>0xc3e0</run_address>
         <size>0x42</size>
         <input_file_ref idref="fl-7b"/>
      </object_component>
      <object_component id="oc-343">
         <name>.text:__memcpy_far</name>
         <load_address>0xc422</load_address>
         <run_address>0xc422</run_address>
         <size>0x40</size>
         <input_file_ref idref="fl-2f"/>
      </object_component>
      <object_component id="oc-4d1">
         <name>.text:printf</name>
         <load_address>0xc462</load_address>
         <run_address>0xc462</run_address>
         <size>0x40</size>
         <input_file_ref idref="fl-53"/>
      </object_component>
      <object_component id="oc-7b9">
         <name>.text</name>
         <load_address>0xc4a2</load_address>
         <run_address>0xc4a2</run_address>
         <size>0x40</size>
         <input_file_ref idref="fl-30"/>
      </object_component>
      <object_component id="oc-7a2">
         <name>.text:l_asr_const</name>
         <load_address>0xc4e2</load_address>
         <run_address>0xc4e2</run_address>
         <size>0x3e</size>
         <input_file_ref idref="fl-80"/>
      </object_component>
      <object_component id="oc-7a7">
         <name>.text:l_lsl_const</name>
         <load_address>0xc520</load_address>
         <run_address>0xc520</run_address>
         <size>0x3e</size>
         <input_file_ref idref="fl-69"/>
      </object_component>
      <object_component id="oc-7c6">
         <name>.text:l_lsr_const</name>
         <load_address>0xc55e</load_address>
         <run_address>0xc55e</run_address>
         <size>0x3e</size>
         <input_file_ref idref="fl-6b"/>
      </object_component>
      <object_component id="oc-66">
         <name>.text:decompress:none:__TI_decompress_none</name>
         <load_address>0xc59c</load_address>
         <run_address>0xc59c</run_address>
         <size>0x3c</size>
         <input_file_ref idref="fl-2c"/>
      </object_component>
      <object_component id="oc-3ec">
         <name>.text:_Z14WriteSingleReghh</name>
         <load_address>0xc5d8</load_address>
         <run_address>0xc5d8</run_address>
         <size>0x3a</size>
         <input_file_ref idref="fl-6"/>
      </object_component>
      <object_component id="oc-71e">
         <name>.text:__mspabi_sllll</name>
         <load_address>0xc612</load_address>
         <run_address>0xc612</run_address>
         <size>0x3a</size>
         <input_file_ref idref="fl-6a"/>
      </object_component>
      <object_component id="oc-67d">
         <name>.text:__mspabi_srlll</name>
         <load_address>0xc64c</load_address>
         <run_address>0xc64c</run_address>
         <size>0x3a</size>
         <input_file_ref idref="fl-47"/>
      </object_component>
      <object_component id="oc-6d8">
         <name>.text:minit</name>
         <load_address>0xc686</load_address>
         <run_address>0xc686</run_address>
         <size>0x38</size>
         <input_file_ref idref="fl-8b"/>
      </object_component>
      <object_component id="oc-641">
         <name>.text:__TI_cleanup</name>
         <load_address>0xc6be</load_address>
         <run_address>0xc6be</run_address>
         <size>0x32</size>
         <input_file_ref idref="fl-8a"/>
      </object_component>
      <object_component id="oc-791">
         <name>.text:__TI_writemsg</name>
         <load_address>0xc6f0</load_address>
         <run_address>0xc6f0</run_address>
         <size>0x2e</size>
         <input_file_ref idref="fl-7c"/>
      </object_component>
      <object_component id="oc-737">
         <name>.text:__mspabi_subd</name>
         <load_address>0xc71e</load_address>
         <run_address>0xc71e</run_address>
         <size>0x2e</size>
         <input_file_ref idref="fl-79"/>
      </object_component>
      <object_component id="oc-7e8">
         <name>.text:copysign</name>
         <load_address>0xc74c</load_address>
         <run_address>0xc74c</run_address>
         <size>0x2e</size>
         <input_file_ref idref="fl-87"/>
      </object_component>
      <object_component id="oc-82c">
         <name>.text:finddevice</name>
         <load_address>0xc77a</load_address>
         <run_address>0xc77a</run_address>
         <size>0x2e</size>
         <input_file_ref idref="fl-68"/>
      </object_component>
      <object_component id="oc-3e6">
         <name>.text:_Z8SetVCoreh</name>
         <load_address>0xc7a8</load_address>
         <run_address>0xc7a8</run_address>
         <size>0x2c</size>
         <input_file_ref idref="fl-5"/>
      </object_component>
      <object_component id="oc-797">
         <name>.text:__TI_readmsg</name>
         <load_address>0xc7d4</load_address>
         <run_address>0xc7d4</run_address>
         <size>0x2c</size>
         <input_file_ref idref="fl-7c"/>
      </object_component>
      <object_component id="oc-826">
         <name>.text:strncpy</name>
         <load_address>0xc800</load_address>
         <run_address>0xc800</run_address>
         <size>0x2c</size>
         <input_file_ref idref="fl-78"/>
      </object_component>
      <object_component id="oc-606">
         <name>.text:__mspabi_negd</name>
         <load_address>0xc82c</load_address>
         <run_address>0xc82c</run_address>
         <size>0x2a</size>
         <input_file_ref idref="fl-72"/>
      </object_component>
      <object_component id="oc-784">
         <name>.text:unlink</name>
         <load_address>0xc856</load_address>
         <run_address>0xc856</run_address>
         <size>0x2a</size>
         <input_file_ref idref="fl-68"/>
      </object_component>
      <object_component id="oc-73d">
         <name>.text:__mspabi_fixdi</name>
         <load_address>0xc880</load_address>
         <run_address>0xc880</run_address>
         <size>0x28</size>
         <input_file_ref idref="fl-61"/>
      </object_component>
      <object_component id="oc-492">
         <name>.text:_Z12SetVCoreDownh</name>
         <load_address>0xc8a8</load_address>
         <run_address>0xc8a8</run_address>
         <size>0x26</size>
         <input_file_ref idref="fl-5"/>
      </object_component>
      <object_component id="oc-62d">
         <name>.text:lseek</name>
         <load_address>0xc8ce</load_address>
         <run_address>0xc8ce</run_address>
         <size>0x26</size>
         <input_file_ref idref="fl-68"/>
      </object_component>
      <object_component id="oc-3e0">
         <name>.text:_Z12digitalWritehh</name>
         <load_address>0xc8f4</load_address>
         <run_address>0xc8f4</run_address>
         <size>0x24</size>
         <input_file_ref idref="fl-8"/>
      </object_component>
      <object_component id="oc-7d6">
         <name>.text</name>
         <load_address>0xc918</load_address>
         <run_address>0xc918</run_address>
         <size>0x24</size>
         <input_file_ref idref="fl-4f"/>
      </object_component>
      <object_component id="oc-595">
         <name>.text:write</name>
         <load_address>0xc93c</load_address>
         <run_address>0xc93c</run_address>
         <size>0x24</size>
         <input_file_ref idref="fl-68"/>
      </object_component>
      <object_component id="oc-429">
         <name>.text:_ZN10CC430RADIOC1Ev</name>
         <load_address>0xc960</load_address>
         <run_address>0xc960</run_address>
         <size>0x22</size>
         <input_file_ref idref="fl-3"/>
      </object_component>
      <object_component id="oc-4ca">
         <name>.text:_Z11digitalReadh</name>
         <load_address>0xc982</load_address>
         <run_address>0xc982</run_address>
         <size>0x20</size>
         <input_file_ref idref="fl-8"/>
      </object_component>
      <object_component id="oc-95">
         <name>.text:_isr:_c_int00_noargs</name>
         <load_address>0xc9a2</load_address>
         <run_address>0xc9a2</run_address>
         <size>0x1c</size>
         <input_file_ref idref="fl-2b"/>
      </object_component>
      <object_component id="oc-5bb">
         <name>.text:memccpy</name>
         <load_address>0xc9be</load_address>
         <run_address>0xc9be</run_address>
         <size>0x1a</size>
         <input_file_ref idref="fl-6d"/>
      </object_component>
      <object_component id="oc-76b">
         <name>.text:strchr</name>
         <load_address>0xc9d8</load_address>
         <run_address>0xc9d8</run_address>
         <size>0x1a</size>
         <input_file_ref idref="fl-76"/>
      </object_component>
      <object_component id="oc-4a3">
         <name>.text:_Z13ReadSingleRegh</name>
         <load_address>0xc9f2</load_address>
         <run_address>0xc9f2</run_address>
         <size>0x18</size>
         <input_file_ref idref="fl-6"/>
      </object_component>
      <object_component id="oc-43c">
         <name>.text</name>
         <load_address>0xca0a</load_address>
         <run_address>0xca0a</run_address>
         <size>0x18</size>
         <input_file_ref idref="fl-4c"/>
      </object_component>
      <object_component id="oc-84f">
         <name>.text:strcmp</name>
         <load_address>0xca22</load_address>
         <run_address>0xca22</run_address>
         <size>0x18</size>
         <input_file_ref idref="fl-77"/>
      </object_component>
      <object_component id="oc-678">
         <name>.text</name>
         <load_address>0xca3a</load_address>
         <run_address>0xca3a</run_address>
         <size>0x16</size>
         <input_file_ref idref="fl-5e"/>
      </object_component>
      <object_component id="oc-589">
         <name>.text:memchr</name>
         <load_address>0xca50</load_address>
         <run_address>0xca50</run_address>
         <size>0x14</size>
         <input_file_ref idref="fl-6e"/>
      </object_component>
      <object_component id="oc-5a1">
         <name>.text:memset</name>
         <load_address>0xca64</load_address>
         <run_address>0xca64</run_address>
         <size>0x14</size>
         <input_file_ref idref="fl-6f"/>
      </object_component>
      <object_component id="oc-441">
         <name>.text:memcpy</name>
         <load_address>0xca78</load_address>
         <run_address>0xca78</run_address>
         <size>0x12</size>
         <input_file_ref idref="fl-48"/>
      </object_component>
      <object_component id="oc-83e">
         <name>.text:l_asr</name>
         <load_address>0xca8a</load_address>
         <run_address>0xca8a</run_address>
         <size>0x10</size>
         <input_file_ref idref="fl-80"/>
      </object_component>
      <object_component id="oc-839">
         <name>.text:l_lsl</name>
         <load_address>0xca9a</load_address>
         <run_address>0xca9a</run_address>
         <size>0x10</size>
         <input_file_ref idref="fl-69"/>
      </object_component>
      <object_component id="oc-719">
         <name>.text:l_lsr</name>
         <load_address>0xcaaa</load_address>
         <run_address>0xcaaa</run_address>
         <size>0x10</size>
         <input_file_ref idref="fl-6b"/>
      </object_component>
      <object_component id="oc-7ae">
         <name>.text:strcpy</name>
         <load_address>0xcaba</load_address>
         <run_address>0xcaba</run_address>
         <size>0x10</size>
         <input_file_ref idref="fl-89"/>
      </object_component>
      <object_component id="oc-6c">
         <name>.text:decompress:rle24:__TI_decompress_rle24</name>
         <load_address>0xcaca</load_address>
         <run_address>0xcaca</run_address>
         <size>0xe</size>
         <input_file_ref idref="fl-2d"/>
      </object_component>
      <object_component id="oc-556">
         <name>.text:strlen</name>
         <load_address>0xcad8</load_address>
         <run_address>0xcad8</run_address>
         <size>0xe</size>
         <input_file_ref idref="fl-54"/>
      </object_component>
      <object_component id="oc-771">
         <name>.text:__mspabi_fltid</name>
         <load_address>0xcae6</load_address>
         <run_address>0xcae6</run_address>
         <size>0xc</size>
         <input_file_ref idref="fl-63"/>
      </object_component>
      <object_component id="oc-600">
         <name>.text:toupper</name>
         <load_address>0xcaf2</load_address>
         <run_address>0xcaf2</run_address>
         <size>0xc</size>
         <input_file_ref idref="fl-7a"/>
      </object_component>
      <object_component id="oc-39b">
         <name>.text:__sti___8_main_cpp_radio</name>
         <load_address>0xcafe</load_address>
         <run_address>0xcafe</run_address>
         <size>0xa</size>
         <input_file_ref idref="fl-4"/>
      </object_component>
      <object_component id="oc-7be">
         <name>.text:abs</name>
         <load_address>0xcb08</load_address>
         <run_address>0xcb08</run_address>
         <size>0xa</size>
         <input_file_ref idref="fl-7e"/>
      </object_component>
      <object_component id="oc-35c">
         <name>.text:_isr:__TI_ISR_TRAP</name>
         <load_address>0xcb12</load_address>
         <run_address>0xcb12</run_address>
         <size>0x8</size>
         <input_file_ref idref="fl-45"/>
      </object_component>
      <object_component id="oc-531">
         <name>.text:_outc</name>
         <load_address>0xcb1a</load_address>
         <run_address>0xcb1a</run_address>
         <size>0x6</size>
         <input_file_ref idref="fl-53"/>
      </object_component>
      <object_component id="oc-38f">
         <name>.text:abort</name>
         <load_address>0xcb20</load_address>
         <run_address>0xcb20</run_address>
         <size>0x6</size>
         <input_file_ref idref="fl-32"/>
      </object_component>
      <object_component id="oc-52b">
         <name>.text:_outs</name>
         <load_address>0xcb26</load_address>
         <run_address>0xcb26</run_address>
         <size>0x4</size>
         <input_file_ref idref="fl-53"/>
      </object_component>
      <object_component id="oc-367">
         <name>.text:_system_pre_init</name>
         <load_address>0xcb2a</load_address>
         <run_address>0xcb2a</run_address>
         <size>0x4</size>
         <input_file_ref idref="fl-52"/>
      </object_component>
      <object_component id="oc-45f">
         <name>.text:_nop</name>
         <load_address>0xcb2e</load_address>
         <run_address>0xcb2e</run_address>
         <size>0x2</size>
         <input_file_ref idref="fl-55"/>
      </object_component>
      <object_component id="oc-3b9">
         <name>.text:_system_post_cinit</name>
         <load_address>0xcb30</load_address>
         <run_address>0xcb30</run_address>
         <size>0x2</size>
         <input_file_ref idref="fl-75"/>
      </object_component>
      <object_component id="oc-8cb">
         <name>.cinit..data.load</name>
         <load_address>0xccd8</load_address>
         <run_address>0xccd8</run_address>
         <size>0x56</size>
      </object_component>
      <object_component id="oc-8ca">
         <name>.cinit..bss.load</name>
         <load_address>0xcd2e</load_address>
         <run_address>0xcd2e</run_address>
         <size>0x9</size>
      </object_component>
      <object_component id="oc-8c8">
         <name>__TI_handler_table</name>
         <load_address>0xcd38</load_address>
         <run_address>0xcd38</run_address>
         <size>0x8</size>
      </object_component>
      <object_component id="oc-8c9">
         <name>__TI_cinit_table</name>
         <load_address>0xcd40</load_address>
         <run_address>0xcd40</run_address>
         <size>0x10</size>
      </object_component>
      <object_component id="oc-5e9">
         <name>.const:.string:_ctypes_</name>
         <load_address>0xcb32</load_address>
         <run_address>0xcb32</run_address>
         <size>0x101</size>
         <input_file_ref idref="fl-5c"/>
      </object_component>
      <object_component id="oc-5ae">
         <name>.const:.string</name>
         <load_address>0xcc34</load_address>
         <run_address>0xcc34</run_address>
         <size>0x26</size>
         <input_file_ref idref="fl-56"/>
      </object_component>
      <object_component id="oc-471">
         <name>.const:.string:digital_pin_to_bit_mask</name>
         <load_address>0xcc5a</load_address>
         <run_address>0xcc5a</run_address>
         <size>0x20</size>
         <input_file_ref idref="fl-8"/>
      </object_component>
      <object_component id="oc-474">
         <name>.const:.string:digital_pin_to_port</name>
         <load_address>0xcc7a</load_address>
         <run_address>0xcc7a</run_address>
         <size>0x20</size>
         <input_file_ref idref="fl-8"/>
      </object_component>
      <object_component id="oc-477">
         <name>.const:port_to_dir</name>
         <load_address>0xcc9a</load_address>
         <run_address>0xcc9a</run_address>
         <size>0xa</size>
         <input_file_ref idref="fl-8"/>
      </object_component>
      <object_component id="oc-524">
         <name>.const:port_to_input</name>
         <load_address>0xcca4</load_address>
         <run_address>0xcca4</run_address>
         <size>0xa</size>
         <input_file_ref idref="fl-8"/>
      </object_component>
      <object_component id="oc-47d">
         <name>.const:port_to_output</name>
         <load_address>0xccae</load_address>
         <run_address>0xccae</run_address>
         <size>0xa</size>
         <input_file_ref idref="fl-8"/>
      </object_component>
      <object_component id="oc-47a">
         <name>.const:port_to_ren</name>
         <load_address>0xccb8</load_address>
         <run_address>0xccb8</run_address>
         <size>0xa</size>
         <input_file_ref idref="fl-8"/>
      </object_component>
      <object_component id="oc-480">
         <name>.const:port_to_sel</name>
         <load_address>0xccc2</load_address>
         <run_address>0xccc2</run_address>
         <size>0xa</size>
         <input_file_ref idref="fl-8"/>
      </object_component>
      <object_component id="oc-4d0">
         <name>.const:.string</name>
         <load_address>0xcccc</load_address>
         <run_address>0xcccc</run_address>
         <size>0x8</size>
         <input_file_ref idref="fl-4"/>
      </object_component>
      <object_component id="oc-7ff">
         <name>.cio</name>
         <uninitialized>true</uninitialized>
         <run_address>0x1e70</run_address>
         <size>0x120</size>
         <input_file_ref idref="fl-7c"/>
      </object_component>
      <object_component id="oc-33b">
         <name>.init_array</name>
         <load_address>0xccd4</load_address>
         <run_address>0xccd4</run_address>
         <size>0x4</size>
         <input_file_ref idref="fl-4"/>
      </object_component>
      <object_component id="oc-72">
         <name>.int45</name>
         <load_address>0xffda</load_address>
         <run_address>0xffda</run_address>
         <size>0x2</size>
         <input_file_ref idref="fl-34"/>
      </object_component>
      <object_component id="oc-73">
         <name>.int46</name>
         <load_address>0xffdc</load_address>
         <run_address>0xffdc</run_address>
         <size>0x2</size>
         <input_file_ref idref="fl-35"/>
      </object_component>
      <object_component id="oc-74">
         <name>.int48</name>
         <load_address>0xffe0</load_address>
         <run_address>0xffe0</run_address>
         <size>0x2</size>
         <input_file_ref idref="fl-36"/>
      </object_component>
      <object_component id="oc-75">
         <name>.int49</name>
         <load_address>0xffe2</load_address>
         <run_address>0xffe2</run_address>
         <size>0x2</size>
         <input_file_ref idref="fl-37"/>
      </object_component>
      <object_component id="oc-76">
         <name>.int50</name>
         <load_address>0xffe4</load_address>
         <run_address>0xffe4</run_address>
         <size>0x2</size>
         <input_file_ref idref="fl-38"/>
      </object_component>
      <object_component id="oc-77">
         <name>.int51</name>
         <load_address>0xffe6</load_address>
         <run_address>0xffe6</run_address>
         <size>0x2</size>
         <input_file_ref idref="fl-39"/>
      </object_component>
      <object_component id="oc-78">
         <name>.int52</name>
         <load_address>0xffe8</load_address>
         <run_address>0xffe8</run_address>
         <size>0x2</size>
         <input_file_ref idref="fl-3a"/>
      </object_component>
      <object_component id="oc-79">
         <name>.int53</name>
         <load_address>0xffea</load_address>
         <run_address>0xffea</run_address>
         <size>0x2</size>
         <input_file_ref idref="fl-3b"/>
      </object_component>
      <object_component id="oc-7a">
         <name>.int54</name>
         <load_address>0xffec</load_address>
         <run_address>0xffec</run_address>
         <size>0x2</size>
         <input_file_ref idref="fl-3c"/>
      </object_component>
      <object_component id="oc-7b">
         <name>.int55</name>
         <load_address>0xffee</load_address>
         <run_address>0xffee</run_address>
         <size>0x2</size>
         <input_file_ref idref="fl-3d"/>
      </object_component>
      <object_component id="oc-7c">
         <name>.int56</name>
         <load_address>0xfff0</load_address>
         <run_address>0xfff0</run_address>
         <size>0x2</size>
         <input_file_ref idref="fl-3e"/>
      </object_component>
      <object_component id="oc-7d">
         <name>.int57</name>
         <load_address>0xfff2</load_address>
         <run_address>0xfff2</run_address>
         <size>0x2</size>
         <input_file_ref idref="fl-3f"/>
      </object_component>
      <object_component id="oc-7e">
         <name>.int58</name>
         <load_address>0xfff4</load_address>
         <run_address>0xfff4</run_address>
         <size>0x2</size>
         <input_file_ref idref="fl-40"/>
      </object_component>
      <object_component id="oc-7f">
         <name>.int59</name>
         <load_address>0xfff6</load_address>
         <run_address>0xfff6</run_address>
         <size>0x2</size>
         <input_file_ref idref="fl-41"/>
      </object_component>
      <object_component id="oc-80">
         <name>.int60</name>
         <load_address>0xfff8</load_address>
         <run_address>0xfff8</run_address>
         <size>0x2</size>
         <input_file_ref idref="fl-42"/>
      </object_component>
      <object_component id="oc-81">
         <name>.int61</name>
         <load_address>0xfffa</load_address>
         <run_address>0xfffa</run_address>
         <size>0x2</size>
         <input_file_ref idref="fl-43"/>
      </object_component>
      <object_component id="oc-82">
         <name>.int62</name>
         <load_address>0xfffc</load_address>
         <run_address>0xfffc</run_address>
         <size>0x2</size>
         <input_file_ref idref="fl-44"/>
      </object_component>
      <object_component id="oc-33f">
         <name>.reset</name>
         <load_address>0xfffe</load_address>
         <run_address>0xfffe</run_address>
         <size>0x2</size>
         <input_file_ref idref="fl-2a"/>
      </object_component>
      <object_component id="oc-3a3">
         <name>.debug_info</name>
         <load_address>0x0</load_address>
         <run_address>0x0</run_address>
         <size>0x84</size>
         <input_file_ref idref="fl-2"/>
      </object_component>
      <object_component id="oc-484">
         <name>.debug_info</name>
         <load_address>0x84</load_address>
         <run_address>0x84</run_address>
         <size>0x18b</size>
         <input_file_ref idref="fl-2"/>
      </object_component>
      <object_component id="oc-4ab">
         <name>.debug_info</name>
         <load_address>0x20f</load_address>
         <run_address>0x20f</run_address>
         <size>0x399</size>
         <input_file_ref idref="fl-3"/>
      </object_component>
      <object_component id="oc-3fc">
         <name>.debug_info</name>
         <load_address>0x5a8</load_address>
         <run_address>0x5a8</run_address>
         <size>0x6b0</size>
         <input_file_ref idref="fl-3"/>
      </object_component>
      <object_component id="oc-42a">
         <name>.debug_info</name>
         <load_address>0xc58</load_address>
         <run_address>0xc58</run_address>
         <size>0x157</size>
         <input_file_ref idref="fl-3"/>
      </object_component>
      <object_component id="oc-4c5">
         <name>.debug_info</name>
         <load_address>0xdaf</load_address>
         <run_address>0xdaf</run_address>
         <size>0x22a</size>
         <input_file_ref idref="fl-3"/>
      </object_component>
      <object_component id="oc-49e">
         <name>.debug_info</name>
         <load_address>0xfd9</load_address>
         <run_address>0xfd9</run_address>
         <size>0x24f</size>
         <input_file_ref idref="fl-3"/>
      </object_component>
      <object_component id="oc-4df">
         <name>.debug_info</name>
         <load_address>0x1228</load_address>
         <run_address>0x1228</run_address>
         <size>0xaa</size>
         <input_file_ref idref="fl-3"/>
      </object_component>
      <object_component id="oc-420">
         <name>.debug_info</name>
         <load_address>0x12d2</load_address>
         <run_address>0x12d2</run_address>
         <size>0x8b</size>
         <input_file_ref idref="fl-3"/>
      </object_component>
      <object_component id="oc-425">
         <name>.debug_info</name>
         <load_address>0x135d</load_address>
         <run_address>0x135d</run_address>
         <size>0x69d</size>
         <input_file_ref idref="fl-4"/>
      </object_component>
      <object_component id="oc-408">
         <name>.debug_info</name>
         <load_address>0x19fa</load_address>
         <run_address>0x19fa</run_address>
         <size>0xe8</size>
         <input_file_ref idref="fl-4"/>
      </object_component>
      <object_component id="oc-40b">
         <name>.debug_info</name>
         <load_address>0x1ae2</load_address>
         <run_address>0x1ae2</run_address>
         <size>0xec</size>
         <input_file_ref idref="fl-4"/>
      </object_component>
      <object_component id="oc-40e">
         <name>.debug_info</name>
         <load_address>0x1bce</load_address>
         <run_address>0x1bce</run_address>
         <size>0xe8</size>
         <input_file_ref idref="fl-4"/>
      </object_component>
      <object_component id="oc-411">
         <name>.debug_info</name>
         <load_address>0x1cb6</load_address>
         <run_address>0x1cb6</run_address>
         <size>0xf0</size>
         <input_file_ref idref="fl-4"/>
      </object_component>
      <object_component id="oc-3f3">
         <name>.debug_info</name>
         <load_address>0x1da6</load_address>
         <run_address>0x1da6</run_address>
         <size>0xdf</size>
         <input_file_ref idref="fl-4"/>
      </object_component>
      <object_component id="oc-414">
         <name>.debug_info</name>
         <load_address>0x1e85</load_address>
         <run_address>0x1e85</run_address>
         <size>0x1bc</size>
         <input_file_ref idref="fl-4"/>
      </object_component>
      <object_component id="oc-41a">
         <name>.debug_info</name>
         <load_address>0x2041</load_address>
         <run_address>0x2041</run_address>
         <size>0x1d5</size>
         <input_file_ref idref="fl-4"/>
      </object_component>
      <object_component id="oc-388">
         <name>.debug_info</name>
         <load_address>0x2216</load_address>
         <run_address>0x2216</run_address>
         <size>0x38c</size>
         <input_file_ref idref="fl-4"/>
      </object_component>
      <object_component id="oc-39c">
         <name>.debug_info</name>
         <load_address>0x25a2</load_address>
         <run_address>0x25a2</run_address>
         <size>0x12e</size>
         <input_file_ref idref="fl-4"/>
      </object_component>
      <object_component id="oc-4da">
         <name>.debug_info</name>
         <load_address>0x26d0</load_address>
         <run_address>0x26d0</run_address>
         <size>0xac</size>
         <input_file_ref idref="fl-4"/>
      </object_component>
      <object_component id="oc-4e4">
         <name>.debug_info</name>
         <load_address>0x277c</load_address>
         <run_address>0x277c</run_address>
         <size>0xd8</size>
         <input_file_ref idref="fl-4"/>
      </object_component>
      <object_component id="oc-4e9">
         <name>.debug_info</name>
         <load_address>0x2854</load_address>
         <run_address>0x2854</run_address>
         <size>0x8e</size>
         <input_file_ref idref="fl-4"/>
      </object_component>
      <object_component id="oc-518">
         <name>.debug_info</name>
         <load_address>0x28e2</load_address>
         <run_address>0x28e2</run_address>
         <size>0x2c</size>
         <input_file_ref idref="fl-4"/>
      </object_component>
      <object_component id="oc-4b0">
         <name>.debug_info</name>
         <load_address>0x290e</load_address>
         <run_address>0x290e</run_address>
         <size>0x5a</size>
         <input_file_ref idref="fl-4"/>
      </object_component>
      <object_component id="oc-4bb">
         <name>.debug_info</name>
         <load_address>0x2968</load_address>
         <run_address>0x2968</run_address>
         <size>0x5a</size>
         <input_file_ref idref="fl-4"/>
      </object_component>
      <object_component id="oc-3e7">
         <name>.debug_info</name>
         <load_address>0x29c2</load_address>
         <run_address>0x29c2</run_address>
         <size>0x181</size>
         <input_file_ref idref="fl-5"/>
      </object_component>
      <object_component id="oc-48d">
         <name>.debug_info</name>
         <load_address>0x2b43</load_address>
         <run_address>0x2b43</run_address>
         <size>0x13f</size>
         <input_file_ref idref="fl-5"/>
      </object_component>
      <object_component id="oc-493">
         <name>.debug_info</name>
         <load_address>0x2c82</load_address>
         <run_address>0x2c82</run_address>
         <size>0x143</size>
         <input_file_ref idref="fl-5"/>
      </object_component>
      <object_component id="oc-49a">
         <name>.debug_info</name>
[...]
         <value>0xcad8</value>
         <object_component_ref idref="oc-556"/>
      </symbol>
      <symbol id="sm-5ae">
         <name>_nop</name>
         <value>0xcb2e</value>
         <object_component_ref idref="oc-45f"/>
      </symbol>
      <symbol id="sm-5af">
         <name>_lock</name>
         <value>0x1e60</value>
         <object_component_ref idref="oc-3cb"/>
      </symbol>
      <symbol id="sm-5b0">
         <name>_unlock</name>
         <value>0x1e64</value>
         <object_component_ref idref="oc-3d4"/>
      </symbol>
      <symbol id="sm-75f">
         <name>__TI_printfi</name>
         <value>0x9d9c</value>
         <object_component_ref idref="oc-537"/>
      </symbol>
      <symbol id="sm-773">
         <name>atoi</name>
         <value>0xc226</value>
         <object_component_ref idref="oc-5a7"/>
      </symbol>
      <symbol id="sm-794">
         <name>_auto_init_hold_wdt</name>
         <value>0xb814</value>
         <object_component_ref idref="oc-36d"/>
      </symbol>
      <symbol id="sm-7b3">
         <name>__mspabi_cmpd</name>
         <value>0xafb8</value>
         <object_component_ref idref="oc-624"/>
      </symbol>
      <symbol id="sm-7ca">
         <name>copy_in</name>
         <value>0xb2e4</value>
         <object_component_ref idref="oc-3b3"/>
      </symbol>
      <symbol id="sm-7d4">
         <name>_ctypes_</name>
         <value>0xcb32</value>
         <object_component_ref idref="oc-5e9"/>
      </symbol>
      <symbol id="sm-7e4">
         <name>__TI_tmpnams</name>
         <value>0x1f90</value>
      </symbol>
      <symbol id="sm-7e5">
         <name>_ftable</name>
         <value>0x1db8</value>
         <object_component_ref idref="oc-528"/>
      </symbol>
      <symbol id="sm-7e6">
         <name>__TI_ft_end</name>
         <value>0x1e68</value>
         <object_component_ref idref="oc-6e5"/>
      </symbol>
      <symbol id="sm-7f0">
         <name>__mspabi_remu</name>
         <value>0xca3a</value>
         <object_component_ref idref="oc-678"/>
      </symbol>
      <symbol id="sm-7f1">
         <name>__mspabi_divu</name>
         <value>0xca3a</value>
         <object_component_ref idref="oc-678"/>
      </symbol>
      <symbol id="sm-824">
         <name>__mspabi_divull</name>
         <value>0x8486</value>
         <object_component_ref idref="oc-66d"/>
      </symbol>
      <symbol id="sm-845">
         <name>__mspabi_divd</name>
         <value>0x9b7c</value>
         <object_component_ref idref="oc-6b2"/>
      </symbol>
      <symbol id="sm-852">
         <name>__mspabi_fixdi</name>
         <value>0xc880</value>
         <object_component_ref idref="oc-73d"/>
      </symbol>
      <symbol id="sm-861">
         <name>__mspabi_fixdli</name>
         <value>0xbf3e</value>
         <object_component_ref idref="oc-743"/>
      </symbol>
      <symbol id="sm-86a">
         <name>__mspabi_fltid</name>
         <value>0xcae6</value>
         <object_component_ref idref="oc-771"/>
      </symbol>
      <symbol id="sm-882">
         <name>__mspabi_fltlid</name>
         <value>0xb5a2</value>
         <object_component_ref idref="oc-731"/>
      </symbol>
      <symbol id="sm-895">
         <name>putc</name>
         <value>0xb938</value>
         <object_component_ref idref="oc-54f"/>
      </symbol>
      <symbol id="sm-896">
         <name>fputc</name>
         <value>0xb938</value>
         <object_component_ref idref="oc-54f"/>
      </symbol>
      <symbol id="sm-8ae">
         <name>fputs</name>
         <value>0xaeda</value>
         <object_component_ref idref="oc-548"/>
      </symbol>
      <symbol id="sm-8c9">
         <name>__TI_frcdivd</name>
         <value>0x8000</value>
         <object_component_ref idref="oc-756"/>
      </symbol>
      <symbol id="sm-91f">
         <name>lseek</name>
         <value>0xc8ce</value>
         <object_component_ref idref="oc-62d"/>
      </symbol>
      <symbol id="sm-920">
         <name>write</name>
         <value>0xc93c</value>
         <object_component_ref idref="oc-595"/>
      </symbol>
      <symbol id="sm-921">
         <name>close</name>
         <value>0xc278</value>
         <object_component_ref idref="oc-77d"/>
      </symbol>
      <symbol id="sm-922">
         <name>unlink</name>
         <value>0xc856</value>
         <object_component_ref idref="oc-784"/>
      </symbol>
      <symbol id="sm-932">
         <name>__mspabi_slll_9</name>
         <value>0xc538</value>
         <object_component_ref idref="oc-7a7"/>
      </symbol>
      <symbol id="sm-933">
         <name>__mspabi_slll_8</name>
         <value>0xc53c</value>
         <object_component_ref idref="oc-7a7"/>
      </symbol>
      <symbol id="sm-934">
         <name>__mspabi_slll_7</name>
         <value>0xc540</value>
         <object_component_ref idref="oc-7a7"/>
      </symbol>
      <symbol id="sm-935">
         <name>__mspabi_slll_6</name>
         <value>0xc544</value>
         <object_component_ref idref="oc-7a7"/>
      </symbol>
      <symbol id="sm-936">
         <name>__mspabi_slll_5</name>
         <value>0xc548</value>
         <object_component_ref idref="oc-7a7"/>
      </symbol>
      <symbol id="sm-937">
         <name>__mspabi_slll_4</name>
         <value>0xc54c</value>
         <object_component_ref idref="oc-7a7"/>
      </symbol>
      <symbol id="sm-938">
         <name>__mspabi_slll_3</name>
         <value>0xc550</value>
         <object_component_ref idref="oc-7a7"/>
      </symbol>
      <symbol id="sm-939">
         <name>__mspabi_slll_2</name>
         <value>0xc554</value>
         <object_component_ref idref="oc-7a7"/>
      </symbol>
      <symbol id="sm-93a">
         <name>__mspabi_slll_1</name>
         <value>0xc558</value>
         <object_component_ref idref="oc-7a7"/>
      </symbol>
      <symbol id="sm-93b">
         <name>__mspabi_slll</name>
         <value>0xca9a</value>
         <object_component_ref idref="oc-839"/>
      </symbol>
      <symbol id="sm-93c">
         <name>__mspabi_slll_15</name>
         <value>0xc520</value>
         <object_component_ref idref="oc-7a7"/>
      </symbol>
      <symbol id="sm-93d">
         <name>__mspabi_slll_14</name>
         <value>0xc524</value>
         <object_component_ref idref="oc-7a7"/>
      </symbol>
      <symbol id="sm-93e">
         <name>__mspabi_slll_13</name>
         <value>0xc528</value>
         <object_component_ref idref="oc-7a7"/>
      </symbol>
      <symbol id="sm-93f">
         <name>__mspabi_slll_12</name>
         <value>0xc52c</value>
         <object_component_ref idref="oc-7a7"/>
      </symbol>
      <symbol id="sm-940">
         <name>__mspabi_slll_11</name>
         <value>0xc530</value>
         <object_component_ref idref="oc-7a7"/>
      </symbol>
      <symbol id="sm-941">
         <name>__mspabi_slll_10</name>
         <value>0xc534</value>
         <object_component_ref idref="oc-7a7"/>
      </symbol>
      <symbol id="sm-94e">
         <name>__mspabi_sllll</name>
         <value>0xc612</value>
         <object_component_ref idref="oc-71e"/>
      </symbol>
      <symbol id="sm-95e">
         <name>__mspabi_srll_8</name>
         <value>0xc57a</value>
         <object_component_ref idref="oc-7c6"/>
      </symbol>
      <symbol id="sm-95f">
         <name>__mspabi_srll_9</name>
         <value>0xc576</value>
         <object_component_ref idref="oc-7c6"/>
      </symbol>
      <symbol id="sm-960">
         <name>__mspabi_srll_6</name>
         <value>0xc582</value>
         <object_component_ref idref="oc-7c6"/>
      </symbol>
      <symbol id="sm-961">
         <name>__mspabi_srll_7</name>
         <value>0xc57e</value>
         <object_component_ref idref="oc-7c6"/>
      </symbol>
      <symbol id="sm-962">
         <name>__mspabi_srll_4</name>
         <value>0xc58a</value>
         <object_component_ref idref="oc-7c6"/>
      </symbol>
      <symbol id="sm-963">
         <name>__mspabi_srll_5</name>
         <value>0xc586</value>
         <object_component_ref idref="oc-7c6"/>
      </symbol>
      <symbol id="sm-964">
         <name>__mspabi_srll_2</name>
         <value>0xc592</value>
         <object_component_ref idref="oc-7c6"/>
      </symbol>
      <symbol id="sm-965">
         <name>__mspabi_srll_3</name>
         <value>0xc58e</value>
         <object_component_ref idref="oc-7c6"/>
      </symbol>
      <symbol id="sm-966">
         <name>__mspabi_srll_1</name>
         <value>0xc596</value>
         <object_component_ref idref="oc-7c6"/>
      </symbol>
      <symbol id="sm-967">
         <name>__mspabi_srll_15</name>
         <value>0xc55e</value>
         <object_component_ref idref="oc-7c6"/>
      </symbol>
      <symbol id="sm-968">
         <name>__mspabi_srll_14</name>
         <value>0xc562</value>
         <object_component_ref idref="oc-7c6"/>
      </symbol>
      <symbol id="sm-969">
         <name>__mspabi_srll_13</name>
         <value>0xc566</value>
         <object_component_ref idref="oc-7c6"/>
      </symbol>
      <symbol id="sm-96a">
         <name>__mspabi_srll_12</name>
         <value>0xc56a</value>
         <object_component_ref idref="oc-7c6"/>
      </symbol>
      <symbol id="sm-96b">
         <name>__mspabi_srll_11</name>
         <value>0xc56e</value>
         <object_component_ref idref="oc-7c6"/>
      </symbol>
      <symbol id="sm-96c">
         <name>__mspabi_srll_10</name>
         <value>0xc572</value>
         <object_component_ref idref="oc-7c6"/>
      </symbol>
      <symbol id="sm-96d">
         <name>__mspabi_srll</name>
         <value>0xcaaa</value>
         <object_component_ref idref="oc-719"/>
      </symbol>
      <symbol id="sm-97c">
         <name>ltoa</name>
         <value>0xbb56</value>
         <object_component_ref idref="oc-72b"/>
      </symbol>
      <symbol id="sm-98b">
         <name>memccpy</name>
         <value>0xc9be</value>
         <object_component_ref idref="oc-5bb"/>
      </symbol>
      <symbol id="sm-99a">
         <name>memchr</name>
         <value>0xca50</value>
         <object_component_ref idref="oc-589"/>
      </symbol>
      <symbol id="sm-9a8">
         <name>memset</name>
         <value>0xca64</value>
         <object_component_ref idref="oc-5a1"/>
      </symbol>
      <symbol id="sm-9c8">
         <name>__mspabi_mpyd</name>
         <value>0x8db2</value>
         <object_component_ref idref="oc-6ac"/>
      </symbol>
      <symbol id="sm-9d2">
         <name>__mspabi_negd</name>
         <value>0xc82c</value>
         <object_component_ref idref="oc-606"/>
      </symbol>
      <symbol id="sm-9e9">
         <name>frexpl</name>
         <value>0xb396</value>
         <object_component_ref idref="oc-6b9"/>
      </symbol>
      <symbol id="sm-9ea">
         <name>frexp</name>
         <value>0xb396</value>
         <object_component_ref idref="oc-6b9"/>
      </symbol>
      <symbol id="sm-a04">
         <name>scalbn</name>
         <value>0xa37e</value>
         <object_component_ref idref="oc-765"/>
      </symbol>
      <symbol id="sm-a05">
         <name>scalbnl</name>
         <value>0xa37e</value>
         <object_component_ref idref="oc-765"/>
      </symbol>
      <symbol id="sm-a06">
         <name>ldexpl</name>
         <value>0xa37e</value>
         <object_component_ref idref="oc-765"/>
      </symbol>
      <symbol id="sm-a07">
         <name>ldexp</name>
         <value>0xa37e</value>
         <object_component_ref idref="oc-765"/>
      </symbol>
      <symbol id="sm-a10">
         <name>_system_post_cinit</name>
         <value>0xcb30</value>
         <object_component_ref idref="oc-3b9"/>
      </symbol>
      <symbol id="sm-a1f">
         <name>strchr</name>
         <value>0xc9d8</value>
         <object_component_ref idref="oc-76b"/>
      </symbol>
      <symbol id="sm-a2d">
         <name>strcmp</name>
         <value>0xca22</value>
         <object_component_ref idref="oc-84f"/>
      </symbol>
      <symbol id="sm-a3d">
         <name>strncpy</name>
         <value>0xc800</value>
         <object_component_ref idref="oc-826"/>
      </symbol>
      <symbol id="sm-a46">
         <name>__mspabi_subd</name>
         <value>0xc71e</value>
         <object_component_ref idref="oc-737"/>
      </symbol>
      <symbol id="sm-a53">
         <name>toupper</name>
         <value>0xcaf2</value>
         <object_component_ref idref="oc-600"/>
      </symbol>
      <symbol id="sm-a92">
         <name>HOSTrename</name>
         <value>0xbd9a</value>
         <object_component_ref idref="oc-70f"/>
      </symbol>
      <symbol id="sm-a93">
         <name>HOSTclose</name>
         <value>0xc39a</value>
         <object_component_ref idref="oc-6f1"/>
      </symbol>
      <symbol id="sm-a94">
         <name>HOSTunlink</name>
         <value>0xc3e0</value>
         <object_component_ref idref="oc-709"/>
      </symbol>
      <symbol id="sm-a95">
         <name>HOSTlseek</name>
         <value>0xb6de</value>
         <object_component_ref idref="oc-703"/>
      </symbol>
      <symbol id="sm-a96">
         <name>HOSTopen</name>
         <value>0xbfa4</value>
         <object_component_ref idref="oc-6eb"/>
      </symbol>
      <symbol id="sm-a97">
         <name>HOSTwrite</name>
         <value>0xc06a</value>
         <object_component_ref idref="oc-6fd"/>
      </symbol>
      <symbol id="sm-a98">
         <name>HOSTread</name>
         <value>0xc0ca</value>
         <object_component_ref idref="oc-6f7"/>
      </symbol>
      <symbol id="sm-ab6">
         <name>__TI_readmsg</name>
         <value>0xc7d4</value>
         <object_component_ref idref="oc-797"/>
      </symbol>
      <symbol id="sm-ab7">
         <name>C$$IO$$</name>
         <value>0xc71a</value>
         <object_component_ref idref="oc-791"/>
      </symbol>
      <symbol id="sm-ab8">
         <name>_CIOBUF_</name>
         <value>0x1e70</value>
         <object_component_ref idref="oc-7ff"/>
      </symbol>
      <symbol id="sm-ab9">
         <name>__TI_writemsg</name>
         <value>0xc6f0</value>
         <object_component_ref idref="oc-791"/>
      </symbol>
      <symbol id="sm-ad1">
         <name>__TI_wrt_ok</name>
         <value>0xbbd2</value>
         <object_component_ref idref="oc-583"/>
      </symbol>
      <symbol id="sm-adb">
         <name>abs</name>
         <value>0xcb08</value>
         <object_component_ref idref="oc-7be"/>
      </symbol>
      <symbol id="sm-afd">
         <name>__mspabi_addd</name>
         <value>0x8adc</value>
         <object_component_ref idref="oc-7cd"/>
      </symbol>
      <symbol id="sm-b0d">
         <name>__mspabi_sral</name>
         <value>0xca8a</value>
         <object_component_ref idref="oc-83e"/>
      </symbol>
      <symbol id="sm-b0e">
         <name>__mspabi_sral_15</name>
         <value>0xc4e2</value>
         <object_component_ref idref="oc-7a2"/>
      </symbol>
      <symbol id="sm-b0f">
         <name>__mspabi_sral_14</name>
         <value>0xc4e6</value>
         <object_component_ref idref="oc-7a2"/>
      </symbol>
      <symbol id="sm-b10">
         <name>__mspabi_sral_13</name>
         <value>0xc4ea</value>
         <object_component_ref idref="oc-7a2"/>
      </symbol>
      <symbol id="sm-b11">
         <name>__mspabi_sral_12</name>
         <value>0xc4ee</value>
         <object_component_ref idref="oc-7a2"/>
      </symbol>
      <symbol id="sm-b12">
         <name>__mspabi_sral_11</name>
         <value>0xc4f2</value>
         <object_component_ref idref="oc-7a2"/>
      </symbol>
      <symbol id="sm-b13">
         <name>__mspabi_sral_10</name>
         <value>0xc4f6</value>
         <object_component_ref idref="oc-7a2"/>
      </symbol>
      <symbol id="sm-b14">
         <name>__mspabi_sral_8</name>
         <value>0xc4fe</value>
         <object_component_ref idref="oc-7a2"/>
      </symbol>
      <symbol id="sm-b15">
         <name>__mspabi_sral_9</name>
         <value>0xc4fa</value>
         <object_component_ref idref="oc-7a2"/>
      </symbol>
      <symbol id="sm-b16">
         <name>__mspabi_sral_6</name>
         <value>0xc506</value>
         <object_component_ref idref="oc-7a2"/>
      </symbol>
      <symbol id="sm-b17">
         <name>__mspabi_sral_7</name>
         <value>0xc502</value>
         <object_component_ref idref="oc-7a2"/>
      </symbol>
      <symbol id="sm-b18">
         <name>__mspabi_sral_4</name>
         <value>0xc50e</value>
         <object_component_ref idref="oc-7a2"/>
      </symbol>
      <symbol id="sm-b19">
         <name>__mspabi_sral_5</name>
         <value>0xc50a</value>
         <object_component_ref idref="oc-7a2"/>
      </symbol>
      <symbol id="sm-b1a">
         <name>__mspabi_sral_2</name>
         <value>0xc516</value>
         <object_component_ref idref="oc-7a2"/>
      </symbol>
      <symbol id="sm-b1b">
         <name>__mspabi_sral_3</name>
         <value>0xc512</value>
         <object_component_ref idref="oc-7a2"/>
      </symbol>
      <symbol id="sm-b1c">
         <name>__mspabi_sral_1</name>
         <value>0xc51a</value>
         <object_component_ref idref="oc-7a2"/>
      </symbol>
      <symbol id="sm-b23">
         <name>errno</name>
         <value>0x1e6a</value>
         <object_component_ref idref="oc-7e5"/>
      </symbol>
      <symbol id="sm-b34">
         <name>__TI_doflush</name>
         <value>0xc008</value>
         <object_component_ref idref="oc-58f"/>
      </symbol>
      <symbol id="sm-b55">
         <name>__TI_frcaddd</name>
         <value>0x9032</value>
         <object_component_ref idref="oc-812"/>
      </symbol>
      <symbol id="sm-b66">
         <name>__TI_frcmpyd</name>
         <value>0x87f8</value>
         <object_component_ref idref="oc-74e"/>
      </symbol>
      <symbol id="sm-b76">
         <name>fseek</name>
         <value>0xbe04</value>
         <object_component_ref idref="oc-5ca"/>
      </symbol>
      <symbol id="sm-b8a">
         <name>__TI_renormd</name>
         <value>0xb232</value>
         <object_component_ref idref="oc-843"/>
      </symbol>
      <symbol id="sm-b93">
         <name>copysign</name>
         <value>0xc74c</value>
         <object_component_ref idref="oc-7e8"/>
      </symbol>
      <symbol id="sm-b94">
         <name>copysignl</name>
         <value>0xc74c</value>
         <object_component_ref idref="oc-7e8"/>
      </symbol>
      <symbol id="sm-bac">
         <name>setvbuf</name>
         <value>0xb166</value>
         <object_component_ref idref="oc-5d0"/>
      </symbol>
      <symbol id="sm-bb9">
         <name>strcpy</name>
         <value>0xcaba</value>
         <object_component_ref idref="oc-7ae"/>
      </symbol>
      <symbol id="sm-bc5">
         <name>__TI_cleanup</name>
         <value>0xc6be</value>
         <object_component_ref idref="oc-641"/>
      </symbol>
      <symbol id="sm-c16">
         <name>_sys_memory</name>
         <value>0x1c00</value>
         <object_component_ref idref="oc-340"/>
      </symbol>
      <symbol id="sm-c17">
         <name>free</name>
         <value>0xbad6</value>
         <object_component_ref idref="oc-635"/>
      </symbol>
      <symbol id="sm-c18">
         <name>malloc</name>
         <value>0xb4f6</value>
         <object_component_ref idref="oc-63b"/>
      </symbol>
      <symbol id="sm-c19">
         <name>minit</name>
         <value>0xc686</value>
         <object_component_ref idref="oc-6d8"/>
      </symbol>
      <symbol id="sm-c2a">
         <name>__TI_closefile</name>
         <value>0xbed6</value>
         <object_component_ref idref="oc-6df"/>
      </symbol>
      <symbol id="sm-c2d">
         <name>__TI_BINIT_Base</name>
         <value>0x0</value>
      </symbol>
      <symbol id="sm-c2e">
         <name>__TI_BINIT_Limit</name>
         <value>0x0</value>
      </symbol>
      <symbol id="sm-c2f">
         <name>remove</name>
         <value>0xc856</value>
      </symbol>
   </symbol_table>
   <title>Link successful</title>
</link_info>
